01-06 18:23:58.259   985  1341 D SemNscXgbL2Nrt: L2 NRT 1 sample inference time: 2.599846 msecs
01-06 18:23:58.763   985  1341 D SemNscXgbMsL1: Probability - Cloud gaming: [0.003235682]
01-06 18:23:58.764   985  1341 D SemNscXgbMsL1: Probability - Real time: [0.00851472]
01-06 18:23:58.765   985  1341 D SemNscXgbMsL1: Probability - Non real time: [0.9915245]
01-06 18:23:58.765   985  1341 D SemNscXgbMsL1: 1 sample inference time: 2.346692 msecs
01-06 18:23:58.769   985  1341 D SemNscXgbL2Rt: L2 RT 1 sample inference time: 3.255693 msecs
01-06 18:23:58.771   985  1341 D SemNscXgbL2Nrt: L2 NRT 1 sample inference time: 2.440731 msecs
01-06 18:23:59.095  1424  1424 I wpa_supplicant: Heartbeat 632
01-06 18:23:59.158   640   640 I SurfaceFlinger: SFWD update time=6350688244265
01-06 18:23:59.275   985  1341 D SemNscXgbMsL1: Probability - Cloud gaming: [0.003235682]
01-06 18:23:59.276   985  1341 D SemNscXgbMsL1: Probability - Real time: [0.00851472]
01-06 18:23:59.277   985  1341 D SemNscXgbMsL1: Probability - Non real time: [0.9915245]
01-06 18:23:59.277   985  1341 D SemNscXgbMsL1: 1 sample inference time: 2.227769 msecs
01-06 18:23:59.280   985  1341 D SemNscXgbL2Rt: L2 RT 1 sample inference time: 3.061115 msecs
01-06 18:23:59.282   985  1341 D SemNscXgbL2Nrt: L2 NRT 1 sample inference time: 2.139693 msecs
01-06 18:23:59.787   985  1341 D SemNscXgbMsL1: Probability - Cloud gaming: [0.003235682]
01-06 18:23:59.787   985  1341 D SemNscXgbMsL1: Probability - Real time: [0.00851472]
01-06 18:23:59.788   985  1341 D SemNscXgbMsL1: Probability - Non real time: [0.9915245]
01-06 18:23:59.788   985  1341 D SemNscXgbMsL1: 1 sample inference time: 2.116308 msecs
01-06 18:23:59.791   985  1341 D SemNscXgbL2Rt: L2 RT 1 sample inference time: 2.845808 msecs
01-06 18:23:59.794   985  1341 D SemNscXgbL2Nrt: L2 NRT 1 sample inference time: 1.966615 msecs
01-06 18:24:00.001   985  1219 D SamsungAlarmManager: Expired : 8
01-06 18:24:00.002   985  1219 V SamsungAlarmManager: Sending to uid : 1000 L=bb65b10:TIME_TICK alarm=Alarm{471038f type 3 origWhen 6351531 whenElapsed 6351531 android}
01-06 18:24:00.004   985  1219 D SamsungAlarmManager: setExact (T:3/F:9/AC:false) 20260106T182500 now=6351535 - CU:1000/CP:985/L:bb65b10:TIME_TICK
01-06 18:24:00.007  1448  1448 D KeyguardUpdateMonitor: received broadcast android.intent.action.TIME_TICK
01-06 18:24:00.007  1448  1448 D KeyguardUpdateMonitor: handleTimeUpdate
01-06 18:24:00.007  1448  2069 D QSClockBellTower: onReceive(android.intent.action.TIME_TICK) mTimeZoneString:null
01-06 18:24:00.007   985  1219 V SamsungAlarmManager: setLocked to kernel - W:6432954 / NW:6365670, now=6351538
01-06 18:24:00.010  1448  1448 D FaceWidgetPagesController: onTimeChanged()
01-06 18:24:00.011   985  1219 V SamsungAlarmManager: setLocked to kernel - W:6432954 / NW:6365670, now=6351541
01-06 18:24:00.013   985   985 I EyeComfortSolutionService: action  :  android.intent.action.TIME_TICK
01-06 18:24:00.015   985  1526 I EyeComfortSolutionService: BLF Adaptive Mode Enable : false , targetIndex : [0 + 11] = 6000.0
01-06 18:24:00.015   985  1526 I SemMdnieManagerService: setNightModeStep : 11
01-06 18:24:00.015   985  1526 I SemMdnieManagerService: setNightMode : false - 11 - true - false
01-06 18:24:00.020   985  1526 I SemMdnieManagerService: setNightMode : false - 11
01-06 18:24:00.022  1448  1448 W Looper  : Slow dispatch took 11ms main h=android.view.ViewRootImpl$ViewRootHandler c=android.widget.DateTimeView$ReceiverInfo$$ExternalSyntheticLambda0@14646ba m=0
01-06 18:24:00.026  1448  1448 W Looper  : Slow delivery took 20ms main h=android.view.ViewRootImpl$ViewRootHandler c=android.widget.DateTimeView$ReceiverInfo$$ExternalSyntheticLambda0@254f96b m=0
01-06 18:24:00.041  1448  1448 D QSClockBellTower: He is ready to ring the bell. (((QSClockBellSound - TimeText:18:24, TimeContentDescription:18:24, DateText:Mar 6 Gennaio, ShortDateText:Mar 6 Gen, Demofalse)))
01-06 18:24:00.042  1448  1448 D QSClockHomeIndicatorView: Home Indicator status_bar_clock notifyTimeChanged(QSClockBellSound - TimeText:18:24, TimeContentDescription:18:24, DateText:Mar 6 Gennaio, ShortDateText:Mar 6 Gen, Demofalse) ClockVisibleByPolicy:true, ClockVisibleByUser:true, visible?true, parent:android.widget.LinearLayout{346ccb1 V.E...... ......ID 0,0-97,72 #7f0b0472 app:id/left_clock_container}
01-06 18:24:00.043  1448  1448 D QSClockBellTower: Everyone heard the bell. run(currentTime:1767720240040,   getTime():Tue Jan 06 18:24:00 GMT+01:00 2026,   getTimeZone():libcore.util.ZoneInfo[mDstSavings=3600000,mUseDst=true,mDelegate=[id="Europe/Rome",mRawOffset=3600000,mEarliestRawOffset=2996000,transitions=173]])
01-06 18:24:00.052  1448  1448 D QS      : setQSExpansion 0.0 -115.49999
01-06 18:24:00.056  1448  1448 D QS      : setQSExpansion 0.0 -115.49999
01-06 18:24:00.056  1448  1448 V SecQSFragmentAnimatorBase: setQsExpansionPosition 0.0
01-06 18:24:00.056  1448  1448 V QsExpandAnimator: setQsExpansionPosition 0.0 0
01-06 18:24:00.056  1448  1448 D QS      : setQSExpansion 0.0 -115.49999
01-06 18:24:00.058  1448  1448 D IndicatorGardenInputProperty: updateRotation() prv:-1 >> new:0
01-06 18:24:00.058  1448  1448 D DeviceState: getDeviceResolutionPixelSize - currentDensity = 420 deviceDensity = 420 initialDisplaySizeFactor = 1080 currentDisplaySizeFactor = 1080 initialDisplayDensity = 420 proportionalDensity = 420 proportionalPixel = 52
01-06 18:24:00.058  1448  1448 D DeviceState: getDeviceResolutionPixelSize - currentDensity = 420 deviceDensity = 420 initialDisplaySizeFactor = 1080 currentDisplaySizeFactor = 1080 initialDisplayDensity = 420 proportionalDensity = 420 proportionalPixel = 26
01-06 18:24:00.058  1448  1448 D DeviceState: getDeviceResolutionPixelSize - currentDensity = 420 deviceDensity = 420 initialDisplaySizeFactor = 1080 currentDisplaySizeFactor = 1080 initialDisplayDensity = 420 proportionalDensity = 420 proportionalPixel = 18
01-06 18:24:00.060  1448  1448 W Looper  : Slow dispatch took 18ms main h=android.view.Choreographer$FrameHandler c=android.view.Choreographer$FrameDisplayEventReceiver@d0f22f8 m=0
01-06 18:24:00.061  1448  1448 V QsExpandAnimator: updateAnimators
01-06 18:24:00.061  1448  1448 V QsExpandAnimator: clearAnimationState 
01-06 18:24:00.062  1448  1448 V QsExpandAnimator: setQsExpansionPosition 0.0 0
01-06 18:24:00.065  1448  1448 W Looper  : Drained
01-06 18:24:00.163   985  1341 I SemWifiServiceDetector: Traff. tracking suspended
01-06 18:24:00.553   529   529 E audit   : type=1400 audit(1767720240.547:1636): avc:  denied  { write } for  pid=2322 comm="ThreadPoolForeg" name="traced_producer" dev="tmpfs" ino=8751 scontext=u:r:gmscore_app:s0:c512,c768 tcontext=u:object_r:traced_producer_socket:s0 tclass=sock_file permissive=0 SEPF_SM-N970F_12_0001 audit_filtered
01-06 18:24:00.553   529   529 E audit   : type=1300 audit(1767720240.547:1636): arch=c00000b7 syscall=203 success=no exit=-13 a0=5e a1=78a4dc8e90 a2=1e a3=ffffffff96a2d39f items=0 ppid=548 pid=2322 auid=4294967295 uid=10078 gid=10078 euid=10078 suid=10078 fsuid=10078 egid=10078 sgid=10078 fsgid=10078 tty=(none) ses=4294967295 comm="ThreadPoolForeg" exe="/system/bin/app_process64" subj=u:r:gmscore_app:s0:c512,c768 key=(null)
01-06 18:24:00.553   529   529 E audit   : type=1327 audit(1767720240.547:1636): proctitle="com.google.android.gms.persistent"
01-06 18:24:00.559   529   529 E audit   : type=1400 audit(1767720240.555:1637): avc:  denied  { write } for  pid=2836 comm="ThreadPoolForeg" name="traced_producer" dev="tmpfs" ino=8751 scontext=u:r:gmscore_app:s0:c512,c768 tcontext=u:object_r:traced_producer_socket:s0 tclass=sock_file permissive=0 SEPF_SM-N970F_12_0001 audit_filtered
01-06 18:24:01.159   640   640 I SurfaceFlinger: SFWD update time=6352689765494
01-06 18:24:02.160   640   640 I SurfaceFlinger: SFWD update time=6353690727532
01-06 18:24:02.739   985  1521 V MdnieScenarioControlService: burn_in_prevention_mode(), enabled : true, mBurnInDisableAppEnabled : false , mAutoBrightnessMode : true, mHighBrightnessModeEnabled : false , mBurnInPreventionACL : false , platform_brightness_value : 77 , BURN_IN_PREVENTION_SUPPORT_VALUE : 143 , mBurnInPreventionEnabled : false , mGameAppLauncher : false
01-06 18:24:03.161   640   640 I SurfaceFlinger: SFWD update time=6354691669300
01-06 18:24:03.168   985  1341 I SemWifiServiceDetector: Traff. tracking resumed
01-06 18:24:03.688   985  1341 D SemNscXgbMsL1: Probability - Cloud gaming: [0.003235682]
01-06 18:24:03.689   985  1341 D SemNscXgbMsL1: Probability - Real time: [0.00851472]
01-06 18:24:03.690   985  1341 D SemNscXgbMsL1: Probability - Non real time: [0.9915245]
01-06 18:24:03.690   985  1341 D SemNscXgbMsL1: 1 sample inference time: 2.571038 msecs
01-06 18:24:03.693   985  1341 D SemNscXgbL2Rt: L2 RT 1 sample inference time: 2.923769 msecs
01-06 18:24:03.696   985  1341 D SemNscXgbL2Nrt: L2 NRT 1 sample inference time: 2.283423 msecs
01-06 18:24:04.200   985  1341 D SemNscXgbMsL1: Probability - Cloud gaming: [0.003235682]
01-06 18:24:04.201   985  1341 D SemNscXgbMsL1: Probability - Real time: [0.00851472]
01-06 18:24:04.202   985  1341 D SemNscXgbMsL1: Probability - Non real time: [0.9915245]
01-06 18:24:04.202   985  1341 D SemNscXgbMsL1: 1 sample inference time: 2.395924 msecs
01-06 18:24:04.205   985  1341 D SemNscXgbL2Rt: L2 RT 1 sample inference time: 2.798 msecs
01-06 18:24:04.207   985  1341 D SemNscXgbL2Nrt: L2 NRT 1 sample inference time: 2.245231 msecs
01-06 18:24:04.375   469   469 D io_stats: !@   8,0 r 853671 38093344 w 348030 220580528 d 0 0 f 0 0 iot 186540 0 th 0 0 0 pt 0 inp 0 0 6355.905
01-06 18:24:04.611   985  1420 D ApplicationPolicy: isStatusBarNotificationAllowedAsUser: packageName = com.davide.trackapp,userId = 0
01-06 18:24:04.612   985  1420 D ApplicationPolicy: isStatusBarNotificationAllowedAsUser: packageName = com.davide.trackapp,userId = 0
01-06 18:24:04.621   985  1359 D NetdEventListenerService: DNS Requested by : 101, 10374, 7
01-06 18:24:04.621 21471  2251 E DashboardApiClient: POST failed: https://both-finest-dimensions-panel.trycloudflare.com/api/device/disconnect
01-06 18:24:04.624 21471 23391 E DashboardApiClient: POST failed: https://both-finest-dimensions-panel.trycloudflare.com/api/device/register
01-06 18:24:04.632   985  4123 D ApplicationPolicy: isStatusBarNotificationAllowedAsUser: packageName = com.davide.trackapp,userId = 0
01-06 18:24:04.633   985  4123 D ApplicationPolicy: isStatusBarNotificationAllowedAsUser: packageName = com.davide.trackapp,userId = 0
01-06 18:24:04.710   985  1341 D SemNscXgbMsL1: Probability - Cloud gaming: [0.008477777]
01-06 18:24:04.711   985  1341 D SemNscXgbMsL1: Probability - Real time: [0.010586849]
01-06 18:24:04.712   985  1341 D SemNscXgbMsL1: Probability - Non real time: [0.9891718]
01-06 18:24:04.712   985  1341 D SemNscXgbMsL1: 1 sample inference time: 1.818192 msecs
01-06 18:24:04.714   985  1341 D SemNscXgbL2Rt: L2 RT 1 sample inference time: 2.135346 msecs
01-06 18:24:04.716   985  1341 D SemNscXgbL2Nrt: L2 NRT 1 sample inference time: 1.428423 msecs
01-06 18:24:04.825  4317  4317 I [AirCmd]_MediaControlStateMonitor: onPosted : notificationPkgName = com.davide.trackapp
01-06 18:24:04.827  2018  2018 I Launcher.NotificationListener: onNotificationPosted : com.davide.trackapp number : 0
01-06 18:24:04.829  1448  1448 D InterruptionStateProvider: No bubble up: not allowed to bubble: 0|com.davide.trackapp|1001|null|10374
01-06 18:24:04.834  9076  9076 I Edge.badge: updateBadge item = com.davide.trackapp:0 1
01-06 18:24:04.835  1448  1448 D InterruptionStateProvider:  no Heads up : edgelighting enabled app. 0|com.davide.trackapp|1001|null|10374
01-06 18:24:04.847  9076  9076 I Edge.badge: updateBadge item = com.davide.trackapp:0 1
01-06 18:24:04.848  1448  1448 W Looper  : Slow dispatch took 24ms main h=android.os.Handler c=com.android.systemui.statusbar.NotificationListener$$ExternalSyntheticLambda1@d821486 m=0
01-06 18:24:04.848  1448  1636 D PeopleSpaceWidgetMgr: Sbn doesn't contain valid PeopleTileKey: null/0/com.davide.trackapp
01-06 18:24:04.850  4317  4317 I [AirCmd]_MediaControlStateMonitor: onPosted : notificationPkgName = com.davide.trackapp
01-06 18:24:04.852  2018  2018 I Launcher.NotificationListener: onNotificationPosted : com.davide.trackapp number : 0
01-06 18:24:04.854  1448  1448 D QS      : setQSExpansion 0.0 -115.49999
01-06 18:24:04.854  1448  1448 D QS      : setQSExpansion 0.0 -115.49999
01-06 18:24:04.861  1448  1448 D InterruptionStateProvider: No bubble up: not allowed to bubble: 0|com.davide.trackapp|1001|null|10374
01-06 18:24:04.862  1448  1448 D InterruptionStateProvider:  no Heads up : edgelighting enabled app. 0|com.davide.trackapp|1001|null|10374
01-06 18:24:04.874  1448  1448 W Looper  : Slow dispatch took 16ms main h=android.os.Handler c=com.android.systemui.statusbar.NotificationListener$$ExternalSyntheticLambda1@7d129d m=0
01-06 18:24:04.874  1448  1448 W Looper  : Slow delivery took 20ms main h=com.android.keyguard.KeyguardUpdateMonitor$17 c=null m=1110
01-06 18:24:04.875  1448  1448 D QS      : setQSExpansion 0.0 -115.49999
01-06 18:24:04.876  1448  1448 D QS      : setQSExpansion 0.0 -115.49999
01-06 18:24:04.878  1448  1636 D PeopleSpaceWidgetMgr: Sbn doesn't contain valid PeopleTileKey: null/0/com.davide.trackapp
01-06 18:24:04.878   640   640 I SurfaceFlinger: SFWD update time=6356409096568
01-06 18:24:04.879  1448  1448 W Looper  : Drained
01-06 18:24:04.887   985  1351 D WifiConnectivityMonitor.NetworkStatsAnalyzer: Backhaul Disconnection due to RetransSeg
01-06 18:24:04.888   985  1351 D WifiConnectivityMonitor.NetworkStatsAnalyzer: Backhaul result - RSSI:-33, CE:7, PE:7, TI:12, PTI:12, TW:0, PTW:0, Tx:4, Rx:23, TxS:0, RxS:0, RESULT:true, IC:0, ICT:5, WC:0, WCT:5, R:0, RC:11, IE:0, EC:0
01-06 18:24:04.906  1448  1448 D QS      : setQSExpansion 0.0 -115.49999
01-06 18:24:04.906  1448  1448 D QS      : setQSExpansion 0.0 -115.49999
01-06 18:24:04.928  1448  1448 W Looper  : Slow dispatch took 20ms main h=android.os.AsyncTask$InternalHandler c=null m=1
01-06 18:24:04.928  1448  1448 W Looper  : Slow delivery took 21ms main h=com.android.keyguard.KeyguardUpdateMonitor$17 c=null m=1110
01-06 18:24:04.933  1448  1448 D QS      : setQSExpansion 0.0 -115.49999
01-06 18:24:04.934  1448  1448 D QS      : setQSExpansion 0.0 -115.49999
01-06 18:24:04.935  1448  1448 W Looper  : Drained
01-06 18:24:05.221   985  1341 D SemNscXgbMsL1: Probability - Cloud gaming: [0.0032793214]
01-06 18:24:05.222   985  1341 D SemNscXgbMsL1: Probability - Real time: [0.009321688]
01-06 18:24:05.223   985  1341 D SemNscXgbMsL1: Probability - Non real time: [0.991475]
01-06 18:24:05.223   985  1341 D SemNscXgbMsL1: 1 sample inference time: 2.821193 msecs
01-06 18:24:05.226   985  1341 D SemNscXgbL2Rt: L2 RT 1 sample inference time: 3.244692 msecs
01-06 18:24:05.229   985  1341 D SemNscXgbL2Nrt: L2 NRT 1 sample inference time: 2.265615 msecs
01-06 18:24:05.733   985  1341 D SemNscXgbMsL1: Probability - Cloud gaming: [0.003184248]
01-06 18:24:05.734   985  1341 D SemNscXgbMsL1: Probability - Real time: [0.013371061]
01-06 18:24:05.735   985  1341 D SemNscXgbMsL1: Probability - Non real time: [0.9955526]
01-06 18:24:05.735   985  1341 D SemNscXgbMsL1: 1 sample inference time: 2.691538 msecs
01-06 18:24:05.738   985  1341 D SemNscXgbL2Rt: L2 RT 1 sample inference time: 2.943808 msecs
01-06 18:24:05.740   985  1341 D SemNscXgbL2Nrt: L2 NRT 1 sample inference time: 2.078577 msecs
01-06 18:24:05.931  1448  1448 D NetworkController.WifiSignalController: notifyListener: visible=true, enabled=true, connected=true, inetCondition=1, isDefault=true, receivedCR=true, receivedIC=-1, shouldForceHide=false, emptyConnected=false
01-06 18:24:05.934  2322  7217 I NearbyMediums: No BLE Fast/GATT advertisements found in the latest cycle.
01-06 18:24:05.934  2322  7217 I NearbyMediums: Current Tracked Scanning Clients are : {NearbyConnections.EnvironmentMonitor, NearbySharing, NearbyConnections.TxAdvertisement}
01-06 18:24:05.960   640   640 I SurfaceFlinger: SFWD update time=6357491167568
01-06 18:24:06.244   985  1341 D SemNscXgbMsL1: Probability - Cloud gaming: [0.0032444226]
01-06 18:24:06.245   985  1341 D SemNscXgbMsL1: Probability - Real time: [0.0033051167]
01-06 18:24:06.246   985  1341 D SemNscXgbMsL1: Probability - Non real time: [0.9977508]
01-06 18:24:06.246   985  1341 D SemNscXgbMsL1: 1 sample inference time: 2.412577 msecs
01-06 18:24:06.249   985  1341 D SemNscXgbL2Rt: L2 RT 1 sample inference time: 2.813115 msecs
01-06 18:24:06.251   985  1341 D SemNscXgbL2Nrt: L2 NRT 1 sample inference time: 2.212385 msecs
01-06 18:24:06.756   985  1341 D SemNscXgbMsL1: Probability - Cloud gaming: [0.0011660991]
01-06 18:24:06.757   985  1341 D SemNscXgbMsL1: Probability - Real time: [0.010747136]
01-06 18:24:06.758   985  1341 D SemNscXgbMsL1: Probability - Non real time: [0.9962082]
01-06 18:24:06.758   985  1341 D SemNscXgbMsL1: 1 sample inference time: 2.835346 msecs
01-06 18:24:06.761   985  1341 D SemNscXgbL2Rt: L2 RT 1 sample inference time: 2.784807 msecs
01-06 18:24:06.763   985  1341 D SemNscXgbL2Nrt: L2 NRT 1 sample inference time: 2.170538 msecs
01-06 18:24:07.164   640   640 I SurfaceFlinger: SFWD update time=6358694256105
01-06 18:24:07.249   568   592 D BatteryDump: wait_for_battery_event : occurred : change@/devices/platform/battery/power_supply/battery 
01-06 18:24:07.257   568   568 E android.hardware.health@2.1-service-samsung: Could not open /sys/class/power_supply/battery/lrp
01-06 18:24:07.258   985  1105 D BatteryService: Sending ACTION_BATTERY_CHANGED. scale:100, info:{.chargerAcOnline = false, .chargerUsbOnline = true, .chargerWirelessOnline = false, .maxChargingCurrent = 0, .maxChargingVoltage = 0, .batteryStatus = CHARGING, .batteryHealth = GOOD, .batteryPresent = true, .batteryLevel = 72, .batteryVoltage = 4191, .batteryTemperature = 249, .batteryCurrent = 197, .batteryCycleCount = 0, .batteryFullCharge = 3500000, .batteryChargeCounter = 2377858, .batteryTechnology = Li-ion}
01-06 18:24:07.258   985  1105 D BatteryService: online:19, current avg:250, charge type:1, POGO powered:false, power sharing:false, high voltage charger:false, charger_type:0, capacity:280000, misc_event:0x20000, current_event:0x8000, current_now:197
01-06 18:24:07.260   985  1117 D BatteryExternalStatsWorker: update stats : wakelock-change (1)
01-06 18:24:07.267   985  1341 D SemNscXgbMsL1: Probability - Cloud gaming: [0.0011118444]
01-06 18:24:07.267   985  1341 D SemNscXgbMsL1: Probability - Real time: [0.004466942]
01-06 18:24:07.268   985  1341 D SemNscXgbMsL1: Probability - Non real time: [0.9961953]
01-06 18:24:07.268   985  1341 D SemNscXgbMsL1: 1 sample inference time: 1.465308 msecs
01-06 18:24:07.270   985  1341 D SemNscXgbL2Rt: L2 RT 1 sample inference time: 1.847269 msecs
01-06 18:24:07.271   985  1341 D SemNscXgbL2Nrt: L2 NRT 1 sample inference time: 1.414616 msecs
01-06 18:24:07.273   985  1238 D MotionRecognitionService:   onReceive : ACTION_BATTERY_CHANGED, Plugged: 2
01-06 18:24:07.273   985  1238 I MotionRecognitionService: [TA] In/out: true, curr state: 1
01-06 18:24:07.275  1397  1397 D SemBigDataInfoController: Intent : android.intent.action.BATTERY_CHANGED
01-06 18:24:07.275  1397  1397 D SemBigDataInfoController: Intent : android.intent.action.BATTERY_CHANGED
01-06 18:24:07.276   985   985 D PhoneWindowManagerExt: ACTION_BATTERY_CHANGED - Level=72, status=2
01-06 18:24:07.277   985   985 D SemWifiApBroadcastReceiver: Received : android.intent.action.BATTERY_CHANGED
01-06 18:24:07.277   985   985 D AdaptiveBrightnessLongtermModelBuilder: Received android.intent.action.BATTERY_CHANGED
01-06 18:24:07.284   985  1107 D BaseRestrictionMgr: Package: au.com.vodafone.dreamlabapp, userid: 0, hostingType: broadcast is Restricted by policy: 4 caller is: null
01-06 18:24:07.284   985  1107 W BroadcastQueue: intent:Intent { act=android.intent.action.BATTERY_CHANGED flg=0x60000010 (has extras) } is skipped in RestrictedPackage to ProcessRecord{2bda30f 19259:au.com.vodafone.dreamlabapp/u0a301}
01-06 18:24:07.284   985  1107 D BaseRestrictionMgr: Package: com.whatsapp, userid: 0, hostingType: broadcast is Restricted by policy: 4 caller is: null
01-06 18:24:07.284   985  1107 W BroadcastQueue: intent:Intent { act=android.intent.action.BATTERY_CHANGED flg=0x60000010 (has extras) } is skipped in RestrictedPackage to ProcessRecord{17bb37 23830:com.whatsapp/u0a336}
01-06 18:24:07.285   985  1107 D BaseRestrictionMgr: Package: it.vodafone.my190, userid: 0, hostingType: broadcast is Restricted by policy: 4 caller is: null
01-06 18:24:07.285   985  1107 W BroadcastQueue: intent:Intent { act=android.intent.action.BATTERY_CHANGED flg=0x60000010 (has extras) } is skipped in RestrictedPackage to ProcessRecord{e3c8a23 5636:it.vodafone.my190/u0a299}
01-06 18:24:07.285   985  1107 D BaseRestrictionMgr: Package: it.vodafone.my190, userid: 0, hostingType: broadcast is Restricted by policy: 4 caller is: null
01-06 18:24:07.285   985  1107 W BroadcastQueue: intent:Intent { act=android.intent.action.BATTERY_CHANGED flg=0x60000010 (has extras) } is skipped in RestrictedPackage to ProcessRecord{e3c8a23 5636:it.vodafone.my190/u0a299}
01-06 18:24:07.285   985  1107 D BaseRestrictionMgr: Package: it.vodafone.my190, userid: 0, hostingType: broadcast is Restricted by policy: 4 caller is: null
01-06 18:24:07.285   985  1107 W BroadcastQueue: intent:Intent { act=android.intent.action.BATTERY_CHANGED flg=0x60000010 (has extras) } is skipped in RestrictedPackage to ProcessRecord{e3c8a23 5636:it.vodafone.my190/u0a299}
01-06 18:24:07.285   985  1107 D BaseRestrictionMgr: Package: com.instagram.android, userid: 0, hostingType: broadcast is Restricted by policy: 4 caller is: null
01-06 18:24:07.285   985  1107 W BroadcastQueue: intent:Intent { act=android.intent.action.BATTERY_CHANGED flg=0x60000010 (has extras) } is skipped in RestrictedPackage to ProcessRecord{8c4d11b 6165:com.instagram.android/u0a254}
01-06 18:24:07.285   985  1107 D BaseRestrictionMgr: Package: com.facebook.katana, userid: 0, hostingType: broadcast is Restricted by policy: 4 caller is: null
01-06 18:24:07.286   985  1107 W BroadcastQueue: intent:Intent { act=android.intent.action.BATTERY_CHANGED flg=0x60000010 (has extras) } is skipped in RestrictedPackage to ProcessRecord{dced21d 6530:com.facebook.katana/u0a207}
01-06 18:24:07.286   985  1107 D BaseRestrictionMgr: Package: com.facebook.katana, userid: 0, hostingType: broadcast is Restricted by policy: 4 caller is: null
01-06 18:24:07.286   985  1107 W BroadcastQueue: intent:Intent { act=android.intent.action.BATTERY_CHANGED flg=0x60000010 (has extras) } is skipped in RestrictedPackage to ProcessRecord{dced21d 6530:com.facebook.katana/u0a207}
01-06 18:24:07.288  1448  1448 W Looper  : Slow dispatch took 10ms main h=android.app.ActivityThread$H c=com.android.systemui.broadcast.ActionReceiver$onReceive$1$1$1@261c4d1 m=0
01-06 18:24:07.289  1448  1448 I PowerUI : mBootCompleted = true |  mFullyConnected = true
01-06 18:24:07.289  1448  1448 I PowerUI : BATTERY_HEALTH_CHECK extraHealth=2 mBatteryMiscEvent=131072
01-06 18:24:07.289  1448  1448 D PowerUI : priorPlugType = 2 mPlugType = 2 priorBatteryStatus = 2 mBatteryStatus = 2
01-06 18:24:07.289  1448  1448 I PowerUI : oldMisalign : false, curMisalign : false
01-06 18:24:07.292  1448  3570 D PowerUI.Notification: 1. restoreScreenTimeOut - saved_value : :
01-06 18:24:07.292  1448  3570 E PowerUI.Notification: no saved value, so we do nothing !!
01-06 18:24:07.293   985  1117 E system_server: Cannot read thread CPU times for PID 985
01-06 18:24:07.293   985  1117 D BatteryExternalStatsWorker: done updateExternalStatsLocked
01-06 18:24:07.294  1448  1448 D PowerUI.Notification: showChargingNotice oldChargingType : 1 currentChargingType : 1 oldChargingTime : 8667000 mChargingTime : 8667000
01-06 18:24:07.294  1448  1448 D PowerUI.Notification: There is no change about charging status, so return!
01-06 18:24:07.294  1448  1448 D PowerUI : Battery swelling mode - priorBatterySwellingMode = 0 mBatterySwellingMode = 0 mBatteryStatus = 2
01-06 18:24:07.294  1448  1448 I PowerUI : mBatteryMiscEvent = 131072
01-06 18:24:07.295  1448  1448 D KeyguardUpdateMonitor: received broadcast android.intent.action.BATTERY_CHANGED
01-06 18:24:07.298  1448  1448 D QS      : setQSExpansion 0.0 -115.49999
01-06 18:24:07.302  1448  1448 D QS      : setQSExpansion 0.0 -115.49999
01-06 18:24:07.302  1448  1448 V SecQSFragmentAnimatorBase: setQsExpansionPosition 0.0
01-06 18:24:07.302  1448  1448 V QsExpandAnimator: setQsExpansionPosition 0.0 0
01-06 18:24:07.303  1448  1448 D QS      : setQSExpansion 0.0 -115.49999
01-06 18:24:07.306  1448  1448 D IndicatorGardenInputProperty: updateRotation() prv:-1 >> new:0
01-06 18:24:07.307  1448  1448 D DeviceState: getDeviceResolutionPixelSize - currentDensity = 420 deviceDensity = 420 initialDisplaySizeFactor = 1080 currentDisplaySizeFactor = 1080 initialDisplayDensity = 420 proportionalDensity = 420 proportionalPixel = 52
01-06 18:24:07.307  1448  1448 D DeviceState: getDeviceResolutionPixelSize - currentDensity = 420 deviceDensity = 420 initialDisplaySizeFactor = 1080 currentDisplaySizeFactor = 1080 initialDisplayDensity = 420 proportionalDensity = 420 proportionalPixel = 26
01-06 18:24:07.307  1448  1448 D DeviceState: getDeviceResolutionPixelSize - currentDensity = 420 deviceDensity = 420 initialDisplaySizeFactor = 1080 currentDisplaySizeFactor = 1080 initialDisplayDensity = 420 proportionalDensity = 420 proportionalPixel = 18
01-06 18:24:07.314  1448  1448 W Looper  : Slow dispatch took 19ms main h=android.view.Choreographer$FrameHandler c=android.view.Choreographer$FrameDisplayEventReceiver@d0f22f8 m=0
01-06 18:24:07.315  1448  1448 I AODBatteryManager: updateBatteryData: ACTION_BATTERY_CHANGED
01-06 18:24:07.317  1448  1448 I AODBatteryManager: saveBatteryData : AOD BatteryData [mBatteryLevel=72, mBatteryStatus=CHARGING, mBatteryPlugType=USB, mBatteryPlugged=true, mRemainingChargeTime=8667000, mBatteryChargingType=1, mBatteryChargerType=NORMAL, mBatteryOnline=NOT_DEFINED, mBatterySwellingMode=NONE, mBatteryProtectMode=false]
01-06 18:24:07.317  1448  1448 W Looper  : Slow delivery took 29ms main h=android.app.ActivityThread$H c=android.app.LoadedApk$ReceiverDispatcher$Args$$ExternalSyntheticLambda0@c9d8a37 m=0
01-06 18:24:07.317  1448  1448 D KeyguardUpdateMonitor: handleBatteryUpdate
01-06 18:24:07.319  1448  1448 W Looper  : Drained
01-06 18:24:07.777   985  1341 D SemNscXgbMsL1: Probability - Cloud gaming: [0.0022103535]
01-06 18:24:07.780   985  1341 D SemNscXgbMsL1: Probability - Real time: [0.0033352675]
01-06 18:24:07.781   985  1341 D SemNscXgbMsL1: Probability - Non real time: [0.9959954]
01-06 18:24:07.781   985  1341 D SemNscXgbMsL1: 1 sample inference time: 4.996961 msecs
01-06 18:24:07.785   985  1341 D SemNscXgbL2Rt: L2 RT 1 sample inference time: 3.06 msecs
01-06 18:24:07.787   985  1341 D SemNscXgbL2Nrt: L2 NRT 1 sample inference time: 2.598615 msecs
01-06 18:24:08.292   985  1341 D SemNscXgbMsL1: Probability - Cloud gaming: [0.0020455653]
01-06 18:24:08.293   985  1341 D SemNscXgbMsL1: Probability - Real time: [0.0043796743]
01-06 18:24:08.294   985  1341 D SemNscXgbMsL1: Probability - Non real time: [0.9944454]
01-06 18:24:08.294   985  1341 D SemNscXgbMsL1: 1 sample inference time: 2.773846 msecs
01-06 18:24:08.297   985  1341 D SemNscXgbL2Rt: L2 RT 1 sample inference time: 2.723616 msecs
01-06 18:24:08.299   985  1341 D SemNscXgbL2Nrt: L2 NRT 1 sample inference time: 2.180077 msecs
01-06 18:24:08.738   640   800 I SurfaceFlinger: [SEC_SF_EFFECTS] [capture x2 ]: captureDisplay(): size 1080 x 2280, raSourceCrop [0 0 1080 2280] 1080 x 2280
01-06 18:24:08.771   985 11530 D system_server: mAFPC_Read - w = 1080, h = 2280, s = 8, f = 4, s_size = 9922560, luminance = 35, count = 58, captureOrientation = 0
01-06 18:24:08.802   985  1341 D SemNscXgbMsL1: Probability - Cloud gaming: [0.002430455]
01-06 18:24:08.803   985  1341 D SemNscXgbMsL1: Probability - Real time: [0.0056200656]
01-06 18:24:08.803   985  1341 D SemNscXgbMsL1: Probability - Non real time: [0.9951989]
01-06 18:24:08.803   985  1341 D SemNscXgbMsL1: 1 sample inference time: 1.489769 msecs
01-06 18:24:08.806   985  1341 D SemNscXgbL2Rt: L2 RT 1 sample inference time: 2.599808 msecs
01-06 18:24:08.807   985  1341 D SemNscXgbL2Nrt: L2 NRT 1 sample inference time: 1.352539 msecs
01-06 18:24:09.031  1448  1448 D NetworkController.WifiSignalController: notifyListener: visible=true, enabled=true, connected=true, inetCondition=1, isDefault=true, receivedCR=true, receivedIC=-1, shouldForceHide=false, emptyConnected=false
01-06 18:24:09.060   640   640 I SurfaceFlinger: SFWD update time=6360590938373
01-06 18:24:09.098  1424  1424 I wpa_supplicant: Heartbeat 633
01-06 18:24:09.312   985  1341 D SemNscXgbMsL1: Probability - Cloud gaming: [0.0021916432]
01-06 18:24:09.313   985  1341 D SemNscXgbMsL1: Probability - Real time: [0.0028083124]
01-06 18:24:09.314   985  1341 D SemNscXgbMsL1: Probability - Non real time: [0.99622333]
01-06 18:24:09.314   985  1341 D SemNscXgbMsL1: 1 sample inference time: 2.848077 msecs
01-06 18:24:09.317   985  1341 D SemNscXgbL2Rt: L2 RT 1 sample inference time: 2.629 msecs
01-06 18:24:09.319   985  1341 D SemNscXgbL2Nrt: L2 NRT 1 sample inference time: 2.266693 msecs
01-06 18:24:09.824   985  1341 D SemNscXgbMsL1: Probability - Cloud gaming: [0.0029298116]
01-06 18:24:09.825   985  1341 D SemNscXgbMsL1: Probability - Real time: [0.006888493]
01-06 18:24:09.826   985  1341 D SemNscXgbMsL1: Probability - Non real time: [0.99033785]
01-06 18:24:09.826   985  1341 D SemNscXgbMsL1: 1 sample inference time: 2.516616 msecs
01-06 18:24:09.829   985  1341 D SemNscXgbL2Rt: L2 RT 1 sample inference time: 2.882154 msecs
01-06 18:24:09.831   985  1341 D SemNscXgbL2Nrt: L2 NRT 1 sample inference time: 2.1735 msecs
01-06 18:24:10.166   640   640 I SurfaceFlinger: SFWD update time=6361696222680
01-06 18:24:10.336   985  1341 D SemNscXgbMsL1: Probability - Cloud gaming: [0.0026910077]
01-06 18:24:10.336   985  1341 D SemNscXgbMsL1: Probability - Real time: [0.0040368196]
01-06 18:24:10.337   985  1341 D SemNscXgbMsL1: Probability - Non real time: [0.9926521]
01-06 18:24:10.337   985  1341 D SemNscXgbMsL1: 1 sample inference time: 2.424769 msecs
01-06 18:24:10.340   985  1341 D SemNscXgbL2Rt: L2 RT 1 sample inference time: 2.687577 msecs
01-06 18:24:10.343   985  1341 D SemNscXgbL2Nrt: L2 NRT 1 sample inference time: 2.309653 msecs
01-06 18:24:10.847   985  1341 D SemNscXgbMsL1: Probability - Cloud gaming: [0.0038475774]
01-06 18:24:10.848   985  1341 D SemNscXgbMsL1: Probability - Real time: [0.003656228]
01-06 18:24:10.849   985  1341 D SemNscXgbMsL1: Probability - Non real time: [0.99227625]
01-06 18:24:10.849   985  1341 D SemNscXgbMsL1: 1 sample inference time: 2.349462 msecs
01-06 18:24:10.852   985  1341 D SemNscXgbL2Rt: L2 RT 1 sample inference time: 2.727192 msecs
01-06 18:24:10.854   985  1341 D SemNscXgbL2Nrt: L2 NRT 1 sample inference time: 2.202 msecs
01-06 18:24:11.166   640   640 I SurfaceFlinger: SFWD update time=6362696858641
01-06 18:24:11.358   985  1341 D SemNscXgbMsL1: Probability - Cloud gaming: [0.003235682]
01-06 18:24:11.359   985  1341 D SemNscXgbMsL1: Probability - Real time: [0.00851472]
01-06 18:24:11.360   985  1341 D SemNscXgbMsL1: Probability - Non real time: [0.9915245]
01-06 18:24:11.360   985  1341 D SemNscXgbMsL1: 1 sample inference time: 2.3425 msecs
01-06 18:24:11.363   985  1341 D SemNscXgbL2Rt: L2 RT 1 sample inference time: 2.967577 msecs
01-06 18:24:11.366   985  1341 D SemNscXgbL2Nrt: L2 NRT 1 sample inference time: 2.506769 msecs
01-06 18:24:11.871   985  1341 D SemNscXgbMsL1: Probability - Cloud gaming: [0.0017753484]
01-06 18:24:11.871   985  1341 D SemNscXgbMsL1: Probability - Real time: [0.010586849]
01-06 18:24:11.872   985  1341 D SemNscXgbMsL1: Probability - Non real time: [0.9935754]
01-06 18:24:11.872   985  1341 D SemNscXgbMsL1: 1 sample inference time: 2.11973 msecs
01-06 18:24:11.875   985  1341 D SemNscXgbL2Rt: L2 RT 1 sample inference time: 3.093308 msecs
01-06 18:24:11.878   985  1341 D SemNscXgbL2Nrt: L2 NRT 1 sample inference time: 2.038461 msecs
01-06 18:24:12.133  1448  1448 D NetworkController.WifiSignalController: notifyListener: visible=true, enabled=true, connected=true, inetCondition=1, isDefault=true, receivedCR=true, receivedIC=-1, shouldForceHide=false, emptyConnected=false
01-06 18:24:12.184   985  1341 I SemWifiServiceDetector: Traff. tracking suspended
01-06 18:24:13.167   640   640 I SurfaceFlinger: SFWD update time=6364697436178
01-06 18:24:14.140   985  1219 D SamsungAlarmManager: Expired : 8
01-06 18:24:14.141   985  1219 V SamsungAlarmManager: Sending to uid : 1000 L=2732e30:DetectMovementSPListener alarm=Alarm{f4c0f03 type 3 origWhen 6365670 whenElapsed 6365670 android}
01-06 18:24:14.142   985  1735 D SLocation: SPManager - SP is not support Q OS upgrade model!
01-06 18:24:14.147   985  1219 V SamsungAlarmManager: setLocked to kernel - W:6432954 / NW:6394263, now=6365678
01-06 18:24:14.154   985  1735 D SamsungAlarmManager: setExact (T:3/F:9/AC:false) 20260106T182514 now=6365684 - CU:1000/CP:985/L:2732e30:DetectMovementSPListener
01-06 18:24:14.154   985  1735 V SamsungAlarmManager: setLocked to kernel - W:6432954 / NW:6394263, now=6365685
01-06 18:24:14.387   469   469 D io_stats: !@   8,0 r 853671 38093344 w 348041 220580572 d 0 0 f 0 0 iot 186544 0 th 0 0 0 pt 0 inp 0 0 6365.916
01-06 18:24:14.649   985  4127 D ApplicationPolicy: isStatusBarNotificationAllowedAsUser: packageName = com.davide.trackapp,userId = 0
01-06 18:24:14.650   985  4127 D ApplicationPolicy: isStatusBarNotificationAllowedAsUser: packageName = com.davide.trackapp,userId = 0
01-06 18:24:14.664 21471  2251 E DashboardApiClient: POST failed: https://both-finest-dimensions-panel.trycloudflare.com/api/device/disconnect
01-06 18:24:14.666   985  1359 D NetdEventListenerService: DNS Requested by : 101, 10374, 7
01-06 18:24:14.674 21471 23391 E DashboardApiClient: POST failed: https://both-finest-dimensions-panel.trycloudflare.com/api/device/register
01-06 18:24:14.683   985  1359 D NetdEventListenerService: DNS Requested by : 101, 10374, 7
01-06 18:24:14.684   985  4127 D ApplicationPolicy: isStatusBarNotificationAllowedAsUser: packageName = com.davide.trackapp,userId = 0
01-06 18:24:14.685   985  4127 D ApplicationPolicy: isStatusBarNotificationAllowedAsUser: packageName = com.davide.trackapp,userId = 0
01-06 18:24:14.862  2018  2018 I Launcher.NotificationListener: onNotificationPosted : com.davide.trackapp number : 0
01-06 18:24:14.862  4317  4317 I [AirCmd]_MediaControlStateMonitor: onPosted : notificationPkgName = com.davide.trackapp
01-06 18:24:14.867  9076  9076 I Edge.badge: updateBadge item = com.davide.trackapp:0 1
01-06 18:24:14.870  1448  1448 D InterruptionStateProvider: No bubble up: not allowed to bubble: 0|com.davide.trackapp|1001|null|10374
01-06 18:24:14.873  1448  1448 D InterruptionStateProvider:  no Heads up : edgelighting enabled app. 0|com.davide.trackapp|1001|null|10374
01-06 18:24:14.885  1448  1448 W Looper  : Slow dispatch took 22ms main h=android.os.Handler c=com.android.systemui.statusbar.NotificationListener$$ExternalSyntheticLambda1@a6cdd0d m=0
01-06 18:24:14.885  1448  1636 D PeopleSpaceWidgetMgr: Sbn doesn't contain valid PeopleTileKey: null/0/com.davide.trackapp
01-06 18:24:14.896  2018  2018 I Launcher.NotificationListener: onNotificationPosted : com.davide.trackapp number : 0
01-06 18:24:14.898  9076  9076 I Edge.badge: updateBadge item = com.davide.trackapp:0 1
01-06 18:24:14.899   985  1351 D WifiConnectivityMonitor.NetworkStatsAnalyzer: Backhaul Disconnection due to RetransSeg
01-06 18:24:14.899   985  1351 D WifiConnectivityMonitor.NetworkStatsAnalyzer: Backhaul result - RSSI:-33, CE:7, PE:7, TI:12, PTI:12, TW:0, PTW:0, Tx:0, Rx:20, TxS:0, RxS:0, RESULT:true, IC:0, ICT:5, WC:0, WCT:5, R:0, RC:12, IE:0, EC:0
01-06 18:24:14.900  4317  4317 I [AirCmd]_MediaControlStateMonitor: onPosted : notificationPkgName = com.davide.trackapp
01-06 18:24:14.905  1448  1448 D QS      : setQSExpansion 0.0 -115.49999
01-06 18:24:14.906  1448  1448 D QS      : setQSExpansion 0.0 -115.49999
01-06 18:24:14.910  1448  1448 W Looper  : Slow dispatch took 10ms main h=android.view.Choreographer$FrameHandler c=android.view.Choreographer$FrameDisplayEventReceiver@d0f22f8 m=0
01-06 18:24:14.911  1448  1448 W Looper  : Slow delivery took 29ms main h=com.android.systemui.statusbar.notification.row.NotifBindPipeline$NotifBindPipelineHandler c=null m=1
01-06 18:24:14.912  1448  1448 W Looper  : Drained
01-06 18:24:14.920  1448  1448 D InterruptionStateProvider: No bubble up: not allowed to bubble: 0|com.davide.trackapp|1001|null|10374
01-06 18:24:14.922  1448  1448 D InterruptionStateProvider:  no Heads up : edgelighting enabled app. 0|com.davide.trackapp|1001|null|10374
01-06 18:24:14.926   640   640 I SurfaceFlinger: SFWD update time=6366456315984
01-06 18:24:14.935  1448  1448 W Looper  : Slow dispatch took 23ms main h=android.os.Handler c=com.android.systemui.statusbar.NotificationListener$$ExternalSyntheticLambda1@7aafe10 m=0
01-06 18:24:14.935  1448  1636 D PeopleSpaceWidgetMgr: Sbn doesn't contain valid PeopleTileKey: null/0/com.davide.trackapp
01-06 18:24:14.937  1448  1448 D QS      : setQSExpansion 0.0 -115.49999
01-06 18:24:14.938  1448  1448 D QS      : setQSExpansion 0.0 -115.49999
01-06 18:24:14.979  1448  1448 W Looper  : Slow dispatch took 22ms main h=android.os.AsyncTask$InternalHandler c=null m=1
01-06 18:24:14.985  1448  1448 D QS      : setQSExpansion 0.0 -115.49999
01-06 18:24:14.985  1448  1448 D QS      : setQSExpansion 0.0 -115.49999
01-06 18:24:14.986  1448  1448 W Looper  : Slow delivery took 21ms main h=android.view.Choreographer$FrameHandler c=android.view.Choreographer$FrameDisplayEventReceiver@d0f22f8 m=0
01-06 18:24:14.986  1448  1448 W Looper  : Drained
01-06 18:24:15.194   985  1341 I SemWifiServiceDetector: Traff. tracking resumed
01-06 18:24:15.226  1448  1636 D NetworkController.WifiSignalController: notifyListener: visible=true, enabled=true, connected=true, inetCondition=1, isDefault=true, receivedCR=true, receivedIC=-1, shouldForceHide=false, emptyConnected=false
01-06 18:24:15.227  1448  1636 D NetworkController.MobileSignalController(1/3): notifyListener: enabled=true, connected=true, dataConnected=false, networkType=LTE (4G), emergencyOnly=false, roaming=false, isDefault=false, fiveGAvailable=false, mmWave=false, showDisabledDataIcon=false, voWifiConnected=false, dataActivity=, simState=LOADED, cardOperator=OTHERS, simCardActivated=1
01-06 18:24:15.227  1448  1636 D NetworkController.MobileSignalController(0/4): notifyListener: enabled=true, connected=true, dataConnected=false, networkType=LTE (4G), emergencyOnly=false, roaming=false, isDefault=false, fiveGAvailable=false, mmWave=false, showDisabledDataIcon=false, voWifiConnected=false, dataActivity=, simState=LOADED, cardOperator=OTHERS, simCardActivated=1
01-06 18:24:15.235  1448  1448 D Tile.HotspotTile:  onDataSaverChanged : false
01-06 18:24:15.235  1448  1448 D Tile.HotspotTile:  onHotspotChanged : false devices =0
01-06 18:24:15.236   985  1656 I SemWifiApTetheredClientInfo: getWifiApStaListDetail
01-06 18:24:15.236  1448  1448 D Tile.HotspotTile: updateItems
01-06 18:24:15.237  1448  1448 D hot     :  hot updateConnectedDeviceList mConnectedDevices = []
01-06 18:24:15.243  1448  1636 I DataUsageController: isSimReady simSlotCount : 2 ready : true
01-06 18:24:15.248  1448  1636 D Tile.MobileDataTile: handleUpdateState : state true
01-06 18:24:15.277  1448  1448 D NetworkController.WifiSignalController: notifyListener: visible=true, enabled=true, connected=true, inetCondition=1, isDefault=true, receivedCR=true, receivedIC=-1, shouldForceHide=false, emptyConnected=false
01-06 18:24:15.381  1448  1636 D Tile.DndTile: handleUpdateState zen 0  state = BooleanState[spec=Dnd,icon=ResourceIcon[resId=0x7f080834],iconSupplier=null,label=Non
01-06 18:24:15.381  1448  1636 D Tile.DndTile: disturbare,secondaryLabel=null,contentDescription=null,stateDescription=null,dualLabelContentDescription=null,expandedAccessibilityClassName=null,disabledByPolicy=false,dualTarget=true,isTransient=false,state=1,slash="null",sideViewCustomDrawable=null,tileClassName=null,value=false,forceExpandIcon=false]
01-06 18:24:15.744   985  1341 D SemNscXgbMsL1: Probability - Cloud gaming: [0.0032793214]
01-06 18:24:15.745   985  1341 D SemNscXgbMsL1: Probability - Real time: [0.005973182]
01-06 18:24:15.746   985  1341 D SemNscXgbMsL1: Probability - Non real time: [0.9963785]
01-06 18:24:15.746   985  1341 D SemNscXgbMsL1: 1 sample inference time: 2.880538 msecs
01-06 18:24:15.749   985  1341 D SemNscXgbL2Rt: L2 RT 1 sample inference time: 2.751308 msecs
01-06 18:24:15.752   985  1341 D SemNscXgbL2Nrt: L2 NRT 1 sample inference time: 2.2045 msecs
01-06 18:24:15.937  2322  7217 I NearbyMediums: No BLE Fast/GATT advertisements found in the latest cycle.
01-06 18:24:15.938  2322  7217 I NearbyMediums: Current Tracked Scanning Clients are : {NearbyConnections.EnvironmentMonitor, NearbySharing, NearbyConnections.TxAdvertisement}
01-06 18:24:16.256   985  1341 D SemNscXgbMsL1: Probability - Cloud gaming: [0.0036897]
01-06 18:24:16.257   985  1341 D SemNscXgbMsL1: Probability - Real time: [0.007830594]
01-06 18:24:16.258   985  1341 D SemNscXgbMsL1: Probability - Non real time: [0.9963043]
01-06 18:24:16.258   985  1341 D SemNscXgbMsL1: 1 sample inference time: 2.495154 msecs
01-06 18:24:16.262   985  1341 D SemNscXgbL2Rt: L2 RT 1 sample inference time: 3.081769 msecs
01-06 18:24:16.264   985  1341 D SemNscXgbL2Nrt: L2 NRT 1 sample inference time: 2.205423 msecs
01-06 18:24:16.768   985  1341 D SemNscXgbMsL1: Probability - Cloud gaming: [0.0016785492]
01-06 18:24:16.769   985  1341 D SemNscXgbMsL1: Probability - Real time: [0.005567957]
01-06 18:24:16.770   985  1341 D SemNscXgbMsL1: Probability - Non real time: [0.9969202]
01-06 18:24:16.770   985  1341 D SemNscXgbMsL1: 1 sample inference time: 2.773923 msecs
01-06 18:24:16.773   985  1341 D SemNscXgbL2Rt: L2 RT 1 sample inference time: 2.638269 msecs
01-06 18:24:16.775   985  1341 D SemNscXgbL2Nrt: L2 NRT 1 sample inference time: 2.039231 msecs
01-06 18:24:17.169   640   640 I SurfaceFlinger: SFWD update time=6368699497867
01-06 18:24:17.279   985  1341 D SemNscXgbMsL1: Probability - Cloud gaming: [0.0014754435]
01-06 18:24:17.280   985  1341 D SemNscXgbMsL1: Probability - Real time: [0.0038509343]
01-06 18:24:17.281   985  1341 D SemNscXgbMsL1: Probability - Non real time: [0.99655294]
01-06 18:24:17.281   985  1341 D SemNscXgbMsL1: 1 sample inference time: 2.341731 msecs
01-06 18:24:17.284   985  1341 D SemNscXgbL2Rt: L2 RT 1 sample inference time: 2.657346 msecs
01-06 18:24:17.286   985  1341 D SemNscXgbL2Nrt: L2 NRT 1 sample inference time: 2.283692 msecs
01-06 18:24:17.456   568   592 D BatteryDump: wait_for_battery_event : occurred : change@/devices/platform/battery/power_supply/battery 
01-06 18:24:17.473   568   568 E android.hardware.health@2.1-service-samsung: Could not open /sys/class/power_supply/battery/lrp
01-06 18:24:17.474   985  1105 D BatteryService: Sending ACTION_BATTERY_CHANGED. scale:100, info:{.chargerAcOnline = false, .chargerUsbOnline = true, .chargerWirelessOnline = false, .maxChargingCurrent = 0, .maxChargingVoltage = 0, .batteryStatus = CHARGING, .batteryHealth = GOOD, .batteryPresent = true, .batteryLevel = 72, .batteryVoltage = 4187, .batteryTemperature = 249, .batteryCurrent = 221, .batteryCycleCount = 0, .batteryFullCharge = 3500000, .batteryChargeCounter = 2377858, .batteryTechnology = Li-ion}
01-06 18:24:17.474   985  1105 D BatteryService: online:19, current avg:251, charge type:1, POGO powered:false, power sharing:false, high voltage charger:false, charger_type:0, capacity:280000, misc_event:0x20000, current_event:0x8000, current_now:221
01-06 18:24:17.476   985  1238 D MotionRecognitionService:   onReceive : ACTION_BATTERY_CHANGED, Plugged: 2
01-06 18:24:17.476   985  1238 I MotionRecognitionService: [TA] In/out: true, curr state: 1
01-06 18:24:17.477   985   985 D PhoneWindowManagerExt: ACTION_BATTERY_CHANGED - Level=72, status=2
01-06 18:24:17.477   985   985 D SemWifiApBroadcastReceiver: Received : android.intent.action.BATTERY_CHANGED
01-06 18:24:17.478   985   985 D AdaptiveBrightnessLongtermModelBuilder: Received android.intent.action.BATTERY_CHANGED
01-06 18:24:17.478  1397  1397 D SemBigDataInfoController: Intent : android.intent.action.BATTERY_CHANGED
01-06 18:24:17.484  1397  1397 D SemBigDataInfoController: Intent : android.intent.action.BATTERY_CHANGED
01-06 18:24:17.487   985  1107 D BaseRestrictionMgr: Package: au.com.vodafone.dreamlabapp, userid: 0, hostingType: broadcast is Restricted by policy: 4 caller is: null
01-06 18:24:17.487   985  1107 W BroadcastQueue: intent:Intent { act=android.intent.action.BATTERY_CHANGED flg=0x60000010 (has extras) } is skipped in RestrictedPackage to ProcessRecord{2bda30f 19259:au.com.vodafone.dreamlabapp/u0a301}
01-06 18:24:17.487   985  1107 D BaseRestrictionMgr: Package: com.whatsapp, userid: 0, hostingType: broadcast is Restricted by policy: 4 caller is: null
01-06 18:24:17.487   985  1107 W BroadcastQueue: intent:Intent { act=android.intent.action.BATTERY_CHANGED flg=0x60000010 (has extras) } is skipped in RestrictedPackage to ProcessRecord{17bb37 23830:com.whatsapp/u0a336}
01-06 18:24:17.488   985  1107 D BaseRestrictionMgr: Package: it.vodafone.my190, userid: 0, hostingType: broadcast is Restricted by policy: 4 caller is: null
01-06 18:24:17.488   985  1107 W BroadcastQueue: intent:Intent { act=android.intent.action.BATTERY_CHANGED flg=0x60000010 (has extras) } is skipped in RestrictedPackage to ProcessRecord{e3c8a23 5636:it.vodafone.my190/u0a299}
01-06 18:24:17.488   985  1107 D BaseRestrictionMgr: Package: it.vodafone.my190, userid: 0, hostingType: broadcast is Restricted by policy: 4 caller is: null
01-06 18:24:17.488   985  1107 W BroadcastQueue: intent:Intent { act=android.intent.action.BATTERY_CHANGED flg=0x60000010 (has extras) } is skipped in RestrictedPackage to ProcessRecord{e3c8a23 5636:it.vodafone.my190/u0a299}
01-06 18:24:17.489   985  1107 D BaseRestrictionMgr: Package: it.vodafone.my190, userid: 0, hostingType: broadcast is Restricted by policy: 4 caller is: null
01-06 18:24:17.489   985  1107 W BroadcastQueue: intent:Intent { act=android.intent.action.BATTERY_CHANGED flg=0x60000010 (has extras) } is skipped in RestrictedPackage to ProcessRecord{e3c8a23 5636:it.vodafone.my190/u0a299}
01-06 18:24:17.489   985  1107 D BaseRestrictionMgr: Package: com.instagram.android, userid: 0, hostingType: broadcast is Restricted by policy: 4 caller is: null
01-06 18:24:17.489   985  1107 W BroadcastQueue: intent:Intent { act=android.intent.action.BATTERY_CHANGED flg=0x60000010 (has extras) } is skipped in RestrictedPackage to ProcessRecord{8c4d11b 6165:com.instagram.android/u0a254}
01-06 18:24:17.489   985  1107 D BaseRestrictionMgr: Package: com.facebook.katana, userid: 0, hostingType: broadcast is Restricted by policy: 4 caller is: null
01-06 18:24:17.489   985  1107 W BroadcastQueue: intent:Intent { act=android.intent.action.BATTERY_CHANGED flg=0x60000010 (has extras) } is skipped in RestrictedPackage to ProcessRecord{dced21d 6530:com.facebook.katana/u0a207}
01-06 18:24:17.489  1448  1448 W Looper  : Slow dispatch took 10ms main h=android.app.ActivityThread$H c=com.android.systemui.broadcast.ActionReceiver$onReceive$1$1$1@1514535 m=0
01-06 18:24:17.489   985  1107 D BaseRestrictionMgr: Package: com.facebook.katana, userid: 0, hostingType: broadcast is Restricted by policy: 4 caller is: null
01-06 18:24:17.489   985  1107 W BroadcastQueue: intent:Intent { act=android.intent.action.BATTERY_CHANGED flg=0x60000010 (has extras) } is skipped in RestrictedPackage to ProcessRecord{dced21d 6530:com.facebook.katana/u0a207}
01-06 18:24:17.489  1448  1448 I PowerUI : mBootCompleted = true |  mFullyConnected = true
01-06 18:24:17.489  1448  1448 I PowerUI : BATTERY_HEALTH_CHECK extraHealth=2 mBatteryMiscEvent=131072
01-06 18:24:17.490  1448  1448 D PowerUI : priorPlugType = 2 mPlugType = 2 priorBatteryStatus = 2 mBatteryStatus = 2
01-06 18:24:17.490  1448  1448 I PowerUI : oldMisalign : false, curMisalign : false
01-06 18:24:17.491  1448  1448 D PowerUI.Notification: showChargingNotice oldChargingType : 1 currentChargingType : 1 oldChargingTime : 8667000 mChargingTime : 8667000
01-06 18:24:17.492  1448  1448 D PowerUI.Notification: There is no change about charging status, so return!
01-06 18:24:17.492  1448  1448 D PowerUI : Battery swelling mode - priorBatterySwellingMode = 0 mBatterySwellingMode = 0 mBatteryStatus = 2
01-06 18:24:17.492  1448  1448 I PowerUI : mBatteryMiscEvent = 131072
01-06 18:24:17.492  1448  1448 D KeyguardUpdateMonitor: received broadcast android.intent.action.BATTERY_CHANGED
01-06 18:24:17.495  1448  3611 D PowerUI.Notification: 1. restoreScreenTimeOut - saved_value : :
01-06 18:24:17.496  1448  3611 E PowerUI.Notification: no saved value, so we do nothing !!
01-06 18:24:17.498  1448  1448 D QS      : setQSExpansion 0.0 -115.49999
01-06 18:24:17.501  1448  1448 D QS      : setQSExpansion 0.0 -115.49999
01-06 18:24:17.502  1448  1448 V SecQSFragmentAnimatorBase: setQsExpansionPosition 0.0
01-06 18:24:17.502  1448  1448 V QsExpandAnimator: setQsExpansionPosition 0.0 0
01-06 18:24:17.503  1448  1448 D QS      : setQSExpansion 0.0 -115.49999
01-06 18:24:17.507  1448  1448 D IndicatorGardenInputProperty: updateRotation() prv:-1 >> new:0
01-06 18:24:17.507  1448  1448 D DeviceState: getDeviceResolutionPixelSize - currentDensity = 420 deviceDensity = 420 initialDisplaySizeFactor = 1080 currentDisplaySizeFactor = 1080 initialDisplayDensity = 420 proportionalDensity = 420 proportionalPixel = 52
