01-06 18:24:54.485 18272 18697 I SAMSUNGWALLET: [Hint_SimpleHintProcessMonitor] isHomePackageRunning topPkgName = com.sec.android.app.launcher, topClsName = com.android.launcher3.uioverrides.QuickstepLauncher, return true , se : true
01-06 18:24:54.483   985  1111 I libprocessgroup: Successfully killed process cgroup uid 10381 pid 8364 in 0ms
01-06 18:24:54.486   985  4114 I ActivityTaskManager: Removing activity ActivityRecord{9e8413f u0 app.rentaloo.mobile/.MainActivity t1255 f}}(appDied)  from stack callers=com.android.server.wm.ActivityRecord.handleAppDied:4267 com.android.server.wm.WindowProcessController.handleAppDied:1287 com.android.server.wm.ActivityTaskManagerService$LocalService.handleAppDied:7078 com.android.server.am.ActivityManagerService.handleAppDiedLocked:3647 com.android.server.am.ActivityManagerService.appDiedLocked:3837 
01-06 18:24:54.486 18272 18272 I SAMSUNGWALLET[IT]: [CountryISOSelector] current country iso = IT
01-06 18:24:54.486 18272 18272 I SAMSUNGWALLET: [Hint_IntroHintService] Hint Status - already invisible, skip hide : [4000000] - 4000000
01-06 18:24:54.487   985  4114 E WindowManager: win=Window{a9b25b u0 Splash Screen app.rentaloo.mobile EXITING} destroySurfaces: appStopped=false win.mWindowRemovalAllowed=true win.mRemoveOnExit=true win.mViewVisibility=0 caller=com.android.server.wm.ActivityRecord.destroySurfaces:5848 com.android.server.wm.ActivityRecord.destroySurfaces:5829 com.android.server.wm.WindowState.onExitAnimationDone:5968 com.android.server.wm.ActivityRecord$$ExternalSyntheticLambda13.accept:2 java.util.ArrayList.forEach:1262 com.android.server.wm.ActivityRecord.onAnimationFinished:7897 com.android.server.wm.ActivityRecord.postApplyAnimation:5579 
01-06 18:24:54.487   985  4114 I WindowManager: Destroying surface Surface(name=Splash Screen app.rentaloo.mobile$_1448)/@0x8472b14 called by com.android.server.wm.WindowStateAnimator.destroySurface:987 com.android.server.wm.WindowStateAnimator.destroySurfaceLocked:518 com.android.server.wm.WindowState.destroySurfaceUnchecked:4229 com.android.server.wm.WindowState.destroySurface:4203 com.android.server.wm.ActivityRecord.destroySurfaces:5848 com.android.server.wm.ActivityRecord.destroySurfaces:5829 com.android.server.wm.WindowState.onExitAnimationDone:5968 com.android.server.wm.ActivityRecord$$ExternalSyntheticLambda13.accept:2 
01-06 18:24:54.487   985  4114 D InputTransport: Input channel destroyed: 'a9b25b ', fd=282
01-06 18:24:54.487   985  4114 W InputManager-JNI: Input channel object 'a9b25b Splash Screen app.rentaloo.mobile (client)' was disposed without first being removed with the input manager!
01-06 18:24:54.487   985  4114 D InputTransport: Input channel destroyed: 'a9b25b ', fd=637
01-06 18:24:54.488   640   800 I SurfaceFlinger: id=1954 createSurf (0x0),-1 flag=24004, Task=1255#1
01-06 18:24:54.489   985  4114 V MARsPolicyManager: Current Home Package com.sec.android.app.launcher Resumed
01-06 18:24:54.489   985  4114 I SemDvfsHyPerManager: acquire hyper - AMS_APP_HOME/985@32, type = -999
01-06 18:24:54.489   580   623 I HYPER-HAL: [RequestManager.cpp]acquire(): Acquired ID : 517685  [985 / 32]    HINT : AMS_APP_HOME    list : 
01-06 18:24:54.489   985  4114 D ActivityManagerPerformance: AMP_acquire() HOME
01-06 18:24:54.489  4075  4075 I SemDvfsHyPerManager: acquire hyper - APP_START_SHORT/4075@14, type = -999
01-06 18:24:54.489   985  4114 W WindowManager: Prepare app transition: mNextAppTransitionRequests=[TRANSIT_CLOSE, TRANSIT_CLOSE, TRANSIT_CLOSE, TRANSIT_OPEN], mNextAppTransitionFlags=TRANSIT_FLAG_APP_CRASHED, displayId: 0 Callers=com.android.server.wm.DisplayContent.prepareAppTransition:6358 com.android.server.wm.DisplayContent.prepareAppTransition:6353 com.android.server.wm.Task.resumeTopActivityInnerLocked:8475 com.android.server.wm.Task.resumeTopActivityInnerLocked:8184 com.android.server.wm.Task.resumeTopActivityUncheckedLocked:8082 
01-06 18:24:54.489   985  4114 V WindowManager: Setting visibility of Window{73aa32f u0 com.samsung.android.app.spage}: true, caller=com.android.server.wm.WindowContainer.sendAppVisibilityToClients:1104 com.android.server.wm.WindowState.sendAppVisibilityToClients:4111 com.android.server.wm.WindowContainer.sendAppVisibilityToClients:1104 com.android.server.wm.WindowToken.setClientVisible:448 com.android.server.wm.ActivityRecord.setClientVisible:6991 
01-06 18:24:54.489   985  2582 W NetlinkSocket: maximum read
01-06 18:24:54.489   985  4114 V WindowManager: Setting visibility of Window{de5cbbd u0 com.sec.android.app.launcher/com.sec.android.app.launcher.activities.LauncherActivity}: true, caller=com.android.server.wm.WindowContainer.sendAppVisibilityToClients:1104 com.android.server.wm.WindowToken.setClientVisible:448 com.android.server.wm.ActivityRecord.setClientVisible:6991 com.android.server.wm.ActivityRecord.setVisibility:5430 com.android.server.wm.ActivityRecord.setVisibility:5325 
01-06 18:24:54.490  2018  2018 I ViewRootImpl@12b2a74[LauncherActivity]: handleAppVisibility mAppVisible=false visible=true
01-06 18:24:54.490   985  2582 W NetlinkSocket: maximum read
01-06 18:24:54.490   985  4114 V WindowManager: rotationForOrientation(orient=SCREEN_ORIENTATION_NOSENSOR (5), last=ROTATION_0 (0)); user=ROTATION_0 (0) USER_ROTATION_LOCKED
01-06 18:24:54.490   985  4114 D WindowManager: rotationForOrientation, orientationSource=ActivityRecord{d22caee u0 com.sec.android.app.launcher/.activities.LauncherActivity t1177}
01-06 18:24:54.490   580   623 I HYPER-HAL: [RequestManager.cpp]acquire(): Acquired ID : 8362019  [4075 / 14]    HINT : APP_START    list : [TIMEOUT / 1500] 
01-06 18:24:54.490   985  4114 V WindowManager: Computed rotation=ROTATION_0 (0) for display id=0 based on lastOrientation=SCREEN_ORIENTATION_NOSENSOR (5) and oldRotation=ROTATION_0 (0), caller=com.android.server.wm.DisplayRotation.updateOrientation:407 com.android.server.wm.DisplayContent.updateOrientation:1932 com.android.server.wm.DisplayContent.updateOrientation:1870 com.android.server.wm.RootWindowContainer.ensureVisibilityAndConfig:2207 com.android.server.wm.Task.resumeTopActivityInnerLocked:8543 com.android.server.wm.Task.resumeTopActivityInnerLocked:8184 
01-06 18:24:54.490   985  4114 D TspStateManager: updateCustomValue customSetting=
01-06 18:24:54.490   546   552 E statsd  : Predicate -7037417284711607308 dropping data for dimension key (10)0x2010101->10381[I] (10)0x30000->*launch*[S] 
01-06 18:24:54.490   985  4114 D TspStateManager: updateCustomValue customSetting=
01-06 18:24:54.491   546   552 E statsd  : Predicate 5980654721335871649 dropping data for dimension key (10)0x2010101->10381[I] (10)0x30000->*launch*[S] 
01-06 18:24:54.491   985  4114 E WindowManager: win=Window{de5cbbd u0 com.sec.android.app.launcher/com.sec.android.app.launcher.activities.LauncherActivity} destroySurfaces: appStopped=false win.mWindowRemovalAllowed=false win.mRemoveOnExit=false win.mViewVisibility=8 caller=com.android.server.wm.ActivityRecord.destroySurfaces:5848 com.android.server.wm.ActivityRecord.notifyAppResumed:5869 com.android.server.wm.Task.resumeTopActivityInnerLocked:8588 com.android.server.wm.Task.resumeTopActivityInnerLocked:8184 com.android.server.wm.Task.resumeTopActivityUncheckedLocked:8082 com.android.server.wm.Task.resumeTopActivityUncheckedLocked:8109 com.android.server.wm.Task.resumeTopActivityUncheckedLocked:8167 
01-06 18:24:54.491   985  4114 W WindowManager: Execute app transition: mNextAppTransitionRequests=[TRANSIT_CLOSE, TRANSIT_CLOSE, TRANSIT_CLOSE, TRANSIT_OPEN], mNextAppTransitionFlags=TRANSIT_FLAG_APP_CRASHED, displayId: 0 Callers=com.android.server.wm.RootWindowContainer.executeAppTransitionForAllDisplay:2701 com.android.server.wm.ActivityTaskSupervisor.reportResumedActivityLocked:2255 com.android.server.wm.ActivityRecord.completeResumeLocked:6326 com.android.server.wm.Task.resumeTopActivityInnerLocked:8633 com.android.server.wm.Task.resumeTopActivityInnerLocked:8184 
01-06 18:24:54.492   985  4114 W ActivityTaskManager: Can't find TaskDisplayArea to determine support for multi window. Task id=1255 attached=false
01-06 18:24:54.492   985  4114 W ActivityTaskManager: Can't find TaskDisplayArea to determine support for multi window. Task id=1255 attached=false
01-06 18:24:54.492   985  4114 W ActivityTaskManager: Can't find TaskDisplayArea to determine support for multi window. Task id=1255 attached=false
01-06 18:24:54.495   985  2582 W NetlinkSocket: maximum read
01-06 18:24:54.495   985  2582 W NetlinkSocket: maximum read
01-06 18:24:54.495   985  2582 W NetlinkSocket: maximum read
01-06 18:24:54.496   985  1065 I GameSDK@LifeCycle: noteResumeComponent(): package name  : com.sec.android.app.launcher
01-06 18:24:54.496   985   985 I CocktailBarManagerServiceContainer: handleMessage: entry what = 5
01-06 18:24:54.497   985  1065 D SGM:GameManager: identifyGamePackage. com.sec.android.app.launcher, mCurrentUserId: 0, callerUserId: 0, callingMethodInfo: com.android.server.ssrm.fgapps.GameAppUtils.isGame(GameAppUtils.java:84)
01-06 18:24:54.497   985  1065 D SGM:PkgDataHelper: getGamePkgData(). com.sec.android.app.launcher
01-06 18:24:54.497  9076  9076 I Utils   : HomePackage : com.sec.android.app.launcher, resumePackageName : com.sec.android.app.launcher
01-06 18:24:54.497   985  1065 D SGM:GameManager: identifyGamePackage. com.sec.android.app.launcher, mCurrentUserId: 0, callerUserId: 0, callingMethodInfo: com.samsung.android.game.SemGameManager.isGamePackage(SemGameManager.java:104)
01-06 18:24:54.497   985  1065 D SGM:PkgDataHelper: getGamePkgData(). com.sec.android.app.launcher
01-06 18:24:54.498   985  1065 D SGM:SemGameManager: isGamePackage(), pkgName=com.sec.android.app.launcher, ret=false
01-06 18:24:54.498   985  1065 D SGM:GameManager: noteResumeComponent(), received pkgName: com.sec.android.app.launcher, userId: 0
01-06 18:24:54.498   985  1255 D SGM:GameManager: onLooperPrepared(), msg: MSG_APP_RESUME, pkgName: com.sec.android.app.launcher, userid: 0
01-06 18:24:54.498   985  1255 D SGM:GameManager: handleResume().
01-06 18:24:54.498   985  1255 D SGM:GameManager: sendFocusOutConditionally() - mPrevNotiPkg: (unknown), userId: 0
01-06 18:24:54.498   985  1255 D SGM:GameManager:   handleResume(). pkgName: com.sec.android.app.launcher, userId: 0, isTunableApp: null
01-06 18:24:54.498   985  1255 D SGM:GameManager: notifyFocusInOut(). of pkg: com.sec.android.app.launcher, type: 4, isMinimized: false, isTunableApp: false, userId: 0
01-06 18:24:54.498   985  1255 D SGM:GameManager:   notifyFocusInOut(). unexpected mPrevNotiType: -1
01-06 18:24:54.498   985  1255 D SGM:NetworkLimit: callRelease
01-06 18:24:54.498   985  1255 D SGM:SystemHelper: callReleaseBlock needReleaseBlock:false
01-06 18:24:54.498   985  2582 W NetlinkSocket: maximum read
01-06 18:24:54.500   640   640 I Layer   : id=1947 removeFromCurrentState Splash Screen app.rentaloo.mobile$_1448#0 (105)
01-06 18:24:54.500   640   640 I Layer   : id=1946 removeFromCurrentState a9b25b Splash Screen app.rentaloo.mobile#0 (105)
01-06 18:24:54.500   640   640 I Layer   : id=1945 removeFromCurrentState ActivityRecord{9e8413f u0 app.rentaloo.mobile/.MainActivity t1255}#0 (105)
01-06 18:24:54.500   640   640 I Layer   : id=1944 removeFromCurrentState Task=1255#0 (105)
01-06 18:24:54.500   640   640 I Layer   : id=1954 removeFromCurrentState Task=1255#1 (105)
01-06 18:24:54.501   640   640 I SurfaceFlinger: id=1954 Removed Task=1255#1 (105)
01-06 18:24:54.501   640   640 I SurfaceFlinger: id=1946 Removed a9b25b Splash Screen app.rentaloo.mobile#0 (105)
01-06 18:24:54.501   640   640 I SurfaceFlinger: id=1945 Removed ActivityRecord{9e8413f u0 app.rentaloo.mobile/.MainActivity t1255}#0 (105)
01-06 18:24:54.501   640   640 I Layer   : id=1954 Destroyed Task=1255#1
01-06 18:24:54.501   985  4114 V WindowManager: Relayout Window{de5cbbd u0 com.sec.android.app.launcher/com.sec.android.app.launcher.activities.LauncherActivity}: viewVisibility=0 req=1080x2280 d0
01-06 18:24:54.501   640   640 I Layer   : id=1946 Destroyed a9b25b Splash Screen app.rentaloo.mobile#0
01-06 18:24:54.501   640   640 I Layer   : id=1945 Destroyed ActivityRecord{9e8413f u0 app.rentaloo.mobile/.MainActivity t1255}#0
01-06 18:24:54.502  2018  3520 I ViewRootImpl@12b2a74[LauncherActivity]: Resizing android.view.ViewRootImpl@714c301: frame=[0,0][1080,2280] reportDraw=true forceLayout=false backDropFrame=Rect(0, 0 - 1080, 2280)
01-06 18:24:54.502   985  4114 V WindowManager: Changing focus from null to Window{de5cbbd u0 com.sec.android.app.launcher/com.sec.android.app.launcher.activities.LauncherActivity} displayId=0 Callers=com.android.server.wm.RootWindowContainer.updateFocusedWindowLocked:583 com.android.server.wm.WindowManagerService.updateFocusedWindowLocked:6505 com.android.server.wm.WindowManagerService.relayoutWindow:2770 com.android.server.wm.Session.relayout:242 
01-06 18:24:54.502   985  4114 I WindowManager: Cancelling animation restarting=true, leash=Surface(name=Surface(name=4046094 StatusBar)/@0xa18986c - animation-leash of insets_animation)/@0xb4a1110
01-06 18:24:54.502   985  4114 I WindowManager: Reparenting to original parent: Surface(name=WindowToken{9cd9ce7 android.os.BinderProxy@d420c01})/@0xa71fe35, destroy=false, surface=Surface(name=4046094 StatusBar)/@0xa18986c
01-06 18:24:54.502   985  4114 I WindowManager: Reparenting to leash, surface=Surface(name=4046094 StatusBar)/@0xa18986c, leashParent=Surface(name=WindowToken{9cd9ce7 android.os.BinderProxy@d420c01})/@0xa71fe35
01-06 18:24:54.502   640   800 I SurfaceFlinger: id=1955 createSurf (0x0),-1 flag=24000, Surface(name=4046094 StatusBar)/@0xa18986c - animation-leash of insets_animation#1
01-06 18:24:54.502   985  4114 D WindowManager: makeSurface duration=1 leash=Surface(name=Surface(name=4046094 StatusBar)/@0xa18986c - animation-leash of insets_animation)/@0xe517ab9
01-06 18:24:54.502   985  4114 I WindowManager: Cancelling animation restarting=true, leash=Surface(name=Surface(name=3481852 NavigationBar0)/@0x7133c3b - animation-leash of insets_animation)/@0xfa0b60e
01-06 18:24:54.502   985  4114 I WindowManager: Reparenting to original parent: Surface(name=WindowToken{57e84dd android.os.BinderProxy@100d987})/@0x2ccf58, destroy=false, surface=Surface(name=3481852 NavigationBar0)/@0x7133c3b
01-06 18:24:54.502   985  4114 I WindowManager: Reparenting to leash, surface=Surface(name=3481852 NavigationBar0)/@0x7133c3b, leashParent=Surface(name=WindowToken{57e84dd android.os.BinderProxy@100d987})/@0x2ccf58
01-06 18:24:54.503   640   800 I SurfaceFlinger: id=1956 createSurf (0x0),-1 flag=24000, Surface(name=3481852 NavigationBar0)/@0x7133c3b - animation-leash of insets_animation#1
01-06 18:24:54.503   985  4114 D WindowManager: makeSurface duration=0 leash=Surface(name=Surface(name=3481852 NavigationBar0)/@0x7133c3b - animation-leash of insets_animation)/@0x22cb65f
01-06 18:24:54.503   985  4114 D StatusBarManagerService: notifyRequestedSystemKey recent=false home=false
01-06 18:24:54.503   985  4114 V WindowManager: Relayout hash=de5cbbd, pid=2018: mAttrs={(0,0)(fillxfill) sim={adjust=nothing} layoutInDisplayCutoutMode=shortEdges ty=BASE_APPLICATION fmt=TRANSPARENT wanim=0x10302f2
01-06 18:24:54.503   985  4114 V WindowManager:   fl=81910100
01-06 18:24:54.503   985  4114 V WindowManager:   pfl=1e020040
01-06 18:24:54.503   985  4114 V WindowManager:   vsysui=1700
01-06 18:24:54.503   985  4114 V WindowManager:   bhv=SHOW_TRANSIENT_BARS_BY_SWIPE
01-06 18:24:54.503   985  4114 V WindowManager:   fitSides= naviIconColor=0}
01-06 18:24:54.503  1448  1448 D NavigationBar: onSystemBarAttributesChanged() -  displayId:0, appearance:0, navbarColorManagedByIme:false
01-06 18:24:54.503  1448  1448 V Navbar.Store: handleEvent [EventType] GET_BOOL_REGION_SAMPLING_ENABLED [Module] LightBarController  KEYS_DEFAULT=false
01-06 18:24:54.503  1448  1448 V Navbar.Store: --[Band]COLOR_PACK_GET_REGION_SAMPLING_ENABLED
01-06 18:24:54.503  1448  1448 V Navbar.Store: ----getValue(BOOL_REGION_SAMPLING_ENABLED)=false
01-06 18:24:54.504   640   640 D SurfaceFlinger: Display 0 HWC layers:
01-06 18:24:54.504   640   640 D SurfaceFlinger:      DEVICE | 0x742cf936d0 | 0100 | RGBA_8888    |    0.0    0.0 1080.0   90.0 |    0    0 1080   90 | StatusBar$_1448#0
01-06 18:24:54.504   640   640 D SurfaceFlinger:      DEVICE | 0x742cf9f190 | 0100 | RGBA_8888    |    0.0    0.0   67.0  342.0 | 1013  305 1080  647 | com.samsung.android.app.cocktailbars[...]arservice.CocktailBarService$_9076#0
01-06 18:24:54.504   640   640 D SurfaceFlinger:      DEVICE | 0x742cfbaa90 | 0100 | RGBA_8888    |    0.0    0.0 1080.0  126.0 |    0 2154 1080 2280 | NavigationBar0$_1448#0
01-06 18:24:54.504   640   640 D SurfaceFlinger: 
01-06 18:24:54.504  2018  2018 I ViewRootImpl@12b2a74[LauncherActivity]: Relayout returned: old=(0,0,1080,2280) new=(0,0,1080,2280) req=(1080,2280)0 dur=2 res=0x3 s={true 524068239744} ch=true fn=-1
01-06 18:24:54.504  2018  2018 I ViewRootImpl@12b2a74[LauncherActivity]: [DP] dp(1) 1 android.view.ViewRootImpl.reportNextDraw:11387 android.view.ViewRootImpl.performTraversals:4185 android.view.ViewRootImpl.doTraversal:2911 
01-06 18:24:54.504  2018  3520 I TouchInteractionService: onSystemUiStateChanged, stateFlags : 0
01-06 18:24:54.504  1448  1448 D SecLightBarControlHelper: updateStatus(WHITE icon) NumLightStacks:0, NumStacks:1, IndexLightStack:-1, StatusBarMode:0, StatusBarState:SHD, NeedDarkFontFromWallpaper:true, isWhiteKeyguardStatusBarBySettings:true
01-06 18:24:54.506  2018  2018 I ViewRootImpl@12b2a74[LauncherActivity]: [DP] pdf(0) 1 android.view.ViewRootImpl.lambda$addFrameCompleteCallbackIfNeeded$3$ViewRootImpl:4987 android.view.ViewRootImpl$$ExternalSyntheticLambda16.run:6 android.os.Handler.handleCallback:938 
01-06 18:24:54.507  2018  2018 I ViewRootImpl@12b2a74[LauncherActivity]: [DP] rdf()
01-06 18:24:54.507  2018  2018 I ViewRootImpl@12b2a74[LauncherActivity]: stopped(false) old=false
01-06 18:24:54.507  2018  2018 I Launcher: !@Boot_DEBUG: Launcher.onResume()
01-06 18:24:54.507  2018  2018 I Launcher: !@Boot_EBS_D: Launcher.onResume()
01-06 18:24:54.507  2018  2018 I BaseActivity: addActivityFlags, flags : 18
01-06 18:24:54.507  2018  2018 I BaseActivity: removeActivityFlags, flags : 32
01-06 18:24:54.507   985  4114 D WindowManager: finishDrawingWindow: Window{de5cbbd u0 com.sec.android.app.launcher/com.sec.android.app.launcher.activities.LauncherActivity} mDrawState=DRAW_PENDING
01-06 18:24:54.507   985  2582 W NetlinkSocket: maximum read
01-06 18:24:54.507  2018  2018 W PageOverlayMover: updateActivityLifecycleState : 2
01-06 18:24:54.507  2018  2018 I AppsSearchBar: restoreCurrentCellLayoutAlpha: null
01-06 18:24:54.507   985  1066 V WindowManager: Setting visibility of Window{8dac434 u0 com.android.systemui.ImageWallpaper}: true, caller=com.android.server.wm.WindowContainer.sendAppVisibilityToClients:1104 com.android.server.wm.WindowToken.setClientVisible:448 com.android.server.wm.WallpaperWindowToken.setVisible:162 com.android.server.wm.WallpaperWindowToken.commitVisibility:202 com.android.server.wm.WallpaperWindowToken.setVisibility:187 
01-06 18:24:54.507  2018  2164 I IMM_LC  : hsifw() - flags=0, caller=android.view.inputmethod.InputMethodManager.hideSoftInputFromWindow:1846 android.view.inputmethod.InputMethodManager.hideSoftInputFromWindow:1815 com.android.launcher3.util.UiThreadHelper$UiCallbacks.handleMessage:103 android.os.Handler.dispatchMessage:102 android.os.Looper.loopOnce:226 
01-06 18:24:54.507  2018  2018 W PageOverlayMover: isMoving : false
01-06 18:24:54.507  1448  1618 D WallpaperService: dispatchAppVisibility onVisibilityChanged(): true
01-06 18:24:54.507  2018  2164 I IMM_LC  : hideSoftInputFromWindow - mService.hideSoftInput
01-06 18:24:54.507  1448  1448 D WallpaperService: updateSurface forceRelayout=true forceReport=false redrawNeeded=false myWidth=2280 myHeight=2280 fixedSize=true x = 0 y = 0 mWidth=2280 mHeight=2280 mIsSleepMode=false
01-06 18:24:54.507  1448  1448 D WallpaperService: mDeviceHeight : 2280, mDeviceWidth : 1080,mDeviceRotation  : 0
01-06 18:24:54.507   985  4114 D InputMethodManagerService: hideSoftInput
01-06 18:24:54.507   985  4114 V InputMethodManagerService: Client requesting input be hidden
01-06 18:24:54.507   985  4114 V InputMethodManagerService: hideCurrentInputLocked : shouldHideSoftInput is false
01-06 18:24:54.507  2018  2018 I DecorView: notifyKeepScreenOnChanged: keepScreenOn=false
01-06 18:24:54.508  2018  2018 I MSHandlerLifeCycle: isMultiSplitHandlerRequested: windowingMode=1 isFullscreen=true isPopOver=false isHidden=false skipActivityType=true isHandlerType=true this: DecorView@933a6d9[LauncherActivity]
01-06 18:24:54.508   985  2582 W NetlinkSocket: maximum read
01-06 18:24:54.508  2018  2018 I MSHandlerLifeCycle: isMultiSplitHandlerRequested: ignored. pkg=com.sec.android.app.launcher callers=com.android.internal.policy.DecorView.hasMultiSplitHandlerInNonFreeformMode:890 com.android.internal.policy.DecorView.notifyKeepScreenOnChanged:884 android.view.ViewRootImpl.applyKeepScreenOnFlag:2932 android.view.ViewRootImpl.setLayoutParams:2095 android.view.WindowManagerGlobal.updateViewLayout:537 
01-06 18:24:54.508  2018  6469 I Launcher: DisplayMetrics from Resources : DisplayMetrics{density=2.625, width=1080, height=2064, scaledDensity=2.8875, xdpi=403.411, ydpi=402.166}
01-06 18:24:54.508  2018  6469 I Launcher: realMetrics from Wm : DisplayMetrics{density=2.625, width=1080, height=2280, scaledDensity=2.625, xdpi=403.411, ydpi=402.166}
01-06 18:24:54.508  2018  6469 I Launcher: DeviceProfile, isLand : false, isMultiWin :false, availableWidthPx : 1080, availableHeightPx : 2154
01-06 18:24:54.508  2018  2018 I Launcher: setWallpaperOffsets
01-06 18:24:54.508  2018  2164 I SPayUpdater: updateSpayHandler, show = false, defaultPage = false
01-06 18:24:54.508  2018  2164 I LiveIconUpdateEventHandler: LiveIcon Init
01-06 18:24:54.508  2018  2164 I LiveIconUpdateEventHandler: registerDateChangedReceiver
01-06 18:24:54.508  2018  2018 I DecorView: notifyKeepScreenOnChanged: keepScreenOn=false
01-06 18:24:54.508  2018  2018 I MSHandlerLifeCycle: isMultiSplitHandlerRequested: windowingMode=1 isFullscreen=true isPopOver=false isHidden=false skipActivityType=true isHandlerType=true this: DecorView@933a6d9[LauncherActivity]
01-06 18:24:54.508   985  1066 D WindowManager: Loading animation for app transition. transit=TRANSIT_OLD_CRASHING_ACTIVITY_CLOSE enter=true frame=Rect(0, 0 - 1080, 2064) insets=Rect(0, 0 - 0, 0) surfaceInsets=Rect(0, 0 - 0, 0)
01-06 18:24:54.509  2018  2018 I MSHandlerLifeCycle: isMultiSplitHandlerRequested: ignored. pkg=com.sec.android.app.launcher callers=com.android.internal.policy.DecorView.hasMultiSplitHandlerInNonFreeformMode:890 com.android.internal.policy.DecorView.notifyKeepScreenOnChanged:884 android.view.ViewRootImpl.applyKeepScreenOnFlag:2932 android.view.ViewRootImpl.setLayoutParams:2095 android.view.WindowManagerGlobal.updateViewLayout:537 
01-06 18:24:54.509  2018  2018 I MSHandlerLifeCycle: isMultiSplitHandlerRequested: windowingMode=1 isFullscreen=true isPopOver=false isHidden=false skipActivityType=true isHandlerType=true this: DecorView@933a6d9[LauncherActivity]
01-06 18:24:54.509  2018  2018 I MSHandlerLifeCycle: isMultiSplitHandlerRequested: ignored. pkg=com.sec.android.app.launcher callers=com.android.internal.policy.DecorView.setVisibility:4294 android.app.Activity.makeVisible:6493 android.app.ActivityThread.handleResumeActivity:5366 android.app.servertransaction.ResumeActivityItem.execute:54 android.app.servertransaction.ActivityTransactionItem.execute:45 
01-06 18:24:54.509  2018  2018 I MSHandlerLifeCycle: removeMultiSplitHandler: no exist. decor=DecorView@933a6d9[LauncherActivity]
01-06 18:24:54.509   985  4129 W ActivityManager: Receiver with filter android.content.IntentFilter@914c8ac already registered for pid 2018, callerPackage is com.sec.android.app.launcher
01-06 18:24:54.509  2018  2018 I RecentsView: onTaskRemoved() taskId : 1255
01-06 18:24:54.509 18272 18272 I SAMSUNGWALLET: [Hint_IntroHintService] onReceive() action=com.sec.android.app.launcher.intent.action.UPDATE_SPAY_HANDLER
01-06 18:24:54.509  2018  2018 I RecentsView: onTaskRemoved() taskId : 1255
01-06 18:24:54.509  2018  2018 I ViewRootImpl@12b2a74[LauncherActivity]: handleResized, msg = 5 frames=ClientWindowFrames{frame=[0,0][1080,2280] display=[0,0][1080,2280] backdrop=[0,0][1080,2280]} forceNextWindowRelayout=false displayId=0 frameChanged=false backdropFrameChanged=false configChanged=false displayChanged=false mNextDrawUseBlastSync=false mergedConfiguration={mGlobalConfig={1.1 222mcc10mnc [it_IT] ldltr sw411dp w411dp h786dp 420dpi nrml long hdr widecg port finger -keyb/v/h -nav/h winConfig={ mBounds=Rect(0, 0 - 1080, 2280) mAppBounds=Rect(0, 90 - 1080, 2154) mMaxBounds=Rect(0, 0 - 1080, 2280) mWindowingMode=fullscreen mDisplayWindowingMode=fullscreen mActivityType=undefined mAlwaysOnTop=undefined mRotation=ROTATION_0 mPopOver=off mFreeformTaskPinningState=unpinned} s.93 fontWeightAdjustment=0 ff=0 bf=0 bts=0 desktop/d dm/n dc/d ?dcui ?dcaf enb/d themeSeq=0} mOverrideConfig={1.1 222mcc10mnc [it_IT] ldltr sw411dp w411dp h786dp 420dpi nrml long hdr widecg port finger -keyb/v/h -nav/h winConfig={ mBounds=Rect(0, 0 - 1080, 2280) mAppBounds=Rect(0, 90 - 1080, 2154) mMaxBounds=Rect(0, 0 - 1080, 2280) mWindowingMode=fullscreen mDisplayWindowingMode=fullscreen mActivityType=home mAlwaysOnTop=undefined mRotation=ROTATION_0 mPopOver=off mFreeformTaskPinningState=unpinned} s.2 fontWeightAdjustment=0 ff=0 bf=0 bts=0 desktop/d dm/n dc/d ?dcui ?dcaf enb/d themeSeq=0}}
01-06 18:24:54.509 18272 18272 I SAMSUNGWALLET: [Hint_IntroHintService] home change, s home : false , default : false , gesture : false , s result : false , prev : false
01-06 18:24:54.509  2018  2018 I ViewRootImpl@12b2a74[LauncherActivity]: [DP] dp(1) 1 android.view.ViewRootImpl.reportNextDraw:11387 android.view.ViewRootImpl.handleResized:2222 android.view.ViewRootImpl.access$1200:294 
01-06 18:24:54.509  2018  2018 I TouchInteractionService: onSystemUiFlagsChanged, userUnlocked
01-06 18:24:54.509  2018  2018 I BaseActivity: addActivityFlags, flags : 4
01-06 18:24:54.509  2018  2018 I Launcher: onDeferredResumed
01-06 18:24:54.509  2018  2018 W Launcher.NotificationListener: setNotificationsChangedListener connected : true
01-06 18:24:54.509  2018  2018 I BadgeCountUpdaterImpl: onNotificationsChangedConnected
01-06 18:24:54.509  2018  2018 I Launcher.NotificationListener: onNotificationFullRefresh
01-06 18:24:54.509  2018  2018 W LauncherAppWidgetHost: setShouldListenFlag, mFlags:7 flag:resume on:true isFront:false
01-06 18:24:54.509   985   985 V SamsungAlarmManager: setLocked to kernel - W:6432954 / NW:6411530, now=6406040
01-06 18:24:54.510   985   985 I Pageboost: package null
01-06 18:24:54.510   985   985 V SamsungAlarmManager: setLocked to kernel - W:6432954 / NW:6411530, now=6406040
01-06 18:24:54.510  2639  2639 E pageboostd: Received HALT command code 2
01-06 18:24:54.510  2018  2164 I LiveIconUpdateEventHandler: cancelDateChangeAlarm
01-06 18:24:54.510   985  1656 D SamsungAlarmManager: Cancel Alarm calling from uid:10144 pid :2018 / OP:PendingIntent{4060975: PendingIntentRecord{2f1dd0a com.sec.android.app.launcher broadcastIntent}}
01-06 18:24:54.511  2018  2164 I LiveIconUpdateEventHandler: setDateChangeAlarm
01-06 18:24:54.511   985  4127 V WindowManager: Relayout Window{8dac434 u0 com.android.systemui.ImageWallpaper}: viewVisibility=0 req=2280x2280 d0
01-06 18:24:54.511   985  4050 D SamsungAlarmManager: setInexact (T:0/F:0/AC:false) 20260107T000000 now=6406041 - CU:10144/CP:2018/OP:PendingIntent{210597b: PendingIntentRecord{2f1dd0a com.sec.android.app.launcher broadcastIntent}}
01-06 18:24:54.511   985  4050 V SamsungAlarmManager: setLocked to kernel - W:6432954 / NW:6411530, now=6406042
01-06 18:24:54.511  4243  4686 D KnoxHelper: getActivityList callingUserId: 0, target user: 0
01-06 18:24:54.512  2018  2164 I LiveIconUpdateEventHandler: cancelMinuteChangeAlarm
01-06 18:24:54.512   985  4050 D SamsungAlarmManager: Cancel Alarm calling from uid:10144 pid :2018 / OP:PendingIntent{c5bc398: PendingIntentRecord{83ac7f1 com.sec.android.app.launcher broadcastIntent}}
01-06 18:24:54.512  2018  2165 I Launcher.NotificationListener: notificationIsValidForUI : com.samsung.android.service.aircommand missingTitleAndText : false isGroupHeader : false
01-06 18:24:54.512  2018  2165 I Launcher.NotificationListener: Full refresh isConnected : true active size : 1
01-06 18:24:54.512  2018  2164 I LiveIconUpdateEventHandler: setMinuteChangeAlarm
01-06 18:24:54.513  4243  4686 D KnoxHelper: getActivityList callingUserId: 0, target user: 0
01-06 18:24:54.513   985  1218 D SamsungAlarmManager: setInexact (T:1/F:0/AC:false) 20260106T182500 now=6406043 - CU:10144/CP:2018/OP:PendingIntent{f58bfd6: PendingIntentRecord{83ac7f1 com.sec.android.app.launcher broadcastIntent}}
01-06 18:24:54.513   985  1218 V SamsungAlarmManager: setLocked to kernel - W:6432954 / NW:6411530, now=6406043
01-06 18:24:54.513  4243  4686 D KnoxHelper: getActivityList callingUserId: 0, target user: 0
01-06 18:24:54.513  2018  2164 I LiveIconUpdateEventHandler: Initialized
01-06 18:24:54.513   985  4127 V WindowManager: Relayout hash=8dac434, pid=1448: mAttrs={(0,0)(2280x2280) gr=TOP START CENTER layoutInDisplayCutoutMode=always ty=WALLPAPER fmt=RGBX_8888 wanim=0x1030314
01-06 18:24:54.513   985  4127 V WindowManager:   fl=14318
01-06 18:24:54.513   985  4127 V WindowManager:   pfl=2000004
01-06 18:24:54.513   985  4127 V WindowManager:   bhv=DEFAULT naviIconColor=0
01-06 18:24:54.513   985  4127 V WindowManager:   sfl=8}
01-06 18:24:54.513  4243  4686 D KnoxHelper: getActivityList callingUserId: 0, target user: 0
01-06 18:24:54.514  1448  1448 D WallpaperService: updateSurface redrawNeeded=false didSurface=false , mDestroyed = false
01-06 18:24:54.514  1448  1448 D WallpaperService: reportVisibility onVisibilityChanged visible: true
01-06 18:24:54.514  1448  1671 I ImageWallpaper:  onVisibilityChanged true , 0
01-06 18:24:54.514   985  4129 D WALLPAPER_SVC:WallpaperManagerService: getWallpaperSafeLocked, userId = 0, which = 1, caller = com.android.server.wallpaper.WallpaperManagerService.semGetWallpaperType:6094 
01-06 18:24:54.514   985  4129 D WallpaperManagerService: which : 1, return type : 0 (called by userId= 0)
01-06 18:24:54.514  1448  1671 I ImageWallpaperRenderer: updateWallpaperOffset 0 lastCropOffset 0 wp Type , 0 , rotation == 0 Do not change Display offset 0
01-06 18:24:54.514  4243  4686 D KnoxHelper: getActivityList callingUserId: 0, target user: 0
01-06 18:24:54.514  4243  4686 D KnoxHelper: getActivityList callingUserId: 0, target user: 0
01-06 18:24:54.515  4243  4686 D KnoxHelper: getActivityList callingUserId: 0, target user: 0
01-06 18:24:54.515  4243  4686 D KnoxHelper: getActivityList callingUserId: 0, target user: 0
01-06 18:24:54.515  4243  4686 D KnoxHelper: getActivityList callingUserId: 0, target user: 0
01-06 18:24:54.516  4243  4686 D KnoxHelper: getActivityList callingUserId: 0, target user: 0
01-06 18:24:54.516  4243  4686 D KnoxHelper: getActivityList callingUserId: 0, target user: 0
01-06 18:24:54.517  4243  4686 D KnoxHelper: getActivityList callingUserId: 0, target user: 0
01-06 18:24:54.517   640   640 E SurfaceFlinger: Attempt to update InputPolicyFlags without permission ACCESS_SURFACE_FLINGER
01-06 18:24:54.517   640   640 I Layer   : id=1951 removeFromCurrentState Surface(name=4046094 StatusBar)/@0xa18986c - animation-leash of insets_animation#0 (104)
01-06 18:24:54.518   640   640 I Layer   : id=1952 removeFromCurrentState Surface(name=3481852 NavigationBar0)/@0x7133c3b - animation-leash of insets_animation#0 (104)
01-06 18:24:54.518  4243  4686 D KnoxHelper: getActivityList callingUserId: 0, target user: 0
01-06 18:24:54.518   985  4127 V WindowManager: Relayout Window{de5cbbd u0 com.sec.android.app.launcher/com.sec.android.app.launcher.activities.LauncherActivity}: viewVisibility=0 req=1080x2280 d0
01-06 18:24:54.519   985  4050 D InputDispatcher: Focus entered window (0): de5cbbd com.sec.android.app.launcher/com.sec.android.app.launcher.activities.LauncherActivity
01-06 18:24:54.519  4243  4686 D KnoxHelper: getActivityList callingUserId: 0, target user: 0
01-06 18:24:54.520  4243  4686 D KnoxHelper: getActivityList callingUserId: 0, target user: 0
01-06 18:24:54.521   985  4129 V WindowManager: Relayout Window{cb2beef u0 NotificationShade}: viewVisibility=4 req=1080x2280 d0
01-06 18:24:54.522   985  4129 V WindowManager: Relayout hash=cb2beef, pid=1448: mAttrs={(0,0)(fillxfill) gr=TOP CENTER_VERTICAL sim={adjust=resize} layoutInDisplayCutoutMode=always ty=2040 fmt=TRANSLUCENT
01-06 18:24:54.522   985  4129 V WindowManager:   fl=81840048
01-06 18:24:54.522   985  4129 V WindowManager:   pfl=1b000000
01-06 18:24:54.522   985  4129 V WindowManager:   vsysui=10
01-06 18:24:54.522   985  4129 V WindowManager:   apr=LIGHT_NAVIGATION_BARS
01-06 18:24:54.522   985  4129 V WindowManager:   bhv=SHOW_TRANSIENT_BARS_BY_SWIPE naviIconColor=0
01-06 18:24:54.522   985  4129 V WindowManager:   sfl=42000}
01-06 18:24:54.522  4243  4686 D KnoxHelper: getActivityList callingUserId: 0, target user: 0
01-06 18:24:54.522   985  1065 D PowerManagerService: [api] setScreenDimDurationOverrideFromWindowManagerInternal: timeoutMillis: 100000
01-06 18:24:54.522   985  4127 V WindowManager: Relayout hash=de5cbbd, pid=2018: mAttrs={(0,0)(fillxfill) sim={adjust=nothing forwardNavigation} layoutInDisplayCutoutMode=shortEdges ty=BASE_APPLICATION fmt=TRANSPARENT wanim=0x10302f2
01-06 18:24:54.522   985  4127 V WindowManager:   fl=81910100
01-06 18:24:54.522   985  4127 V WindowManager:   pfl=1e020040
01-06 18:24:54.522   985  4127 V WindowManager:   vsysui=1700
01-06 18:24:54.522   985  4127 V WindowManager:   bhv=SHOW_TRANSIENT_BARS_BY_SWIPE
01-06 18:24:54.522   985  4127 V WindowManager:   fitSides= screenDimDuration=100000 naviIconColor=0}
01-06 18:24:54.522  1448  1448 I ViewRootImpl@e56124b[NotificationShade]: Relayout returned: old=(0,0,1080,2280) new=(0,0,1080,2280) req=(1080,2280)4 dur=3 res=0x1 s={false 0} ch=false fn=-1
01-06 18:24:54.523  4243  4686 D KnoxHelper: getActivityList callingUserId: 0, target user: 0
01-06 18:24:54.523  2018  2018 I ViewRootImpl@12b2a74[LauncherActivity]: Relayout returned: old=(0,0,1080,2280) new=(0,0,1080,2280) req=(1080,2280)0 dur=5 res=0x1 s={true 524068239744} ch=false fn=2
01-06 18:24:54.524   640   640 D SurfaceFlinger: Display 0 HWC layers:
01-06 18:24:54.524   640   640 D SurfaceFlinger:      CLIENT | 0x742cfad710 | 0100 | RGBx_8888    |  600.0    0.0 1680.0 2280.0 |    0    0 1080 2280 | Wallpaper BBQ wrapper#0
01-06 18:24:54.524   640   640 D SurfaceFlinger:      CLIENT |              | 0000 |  Unknown  |    0.0    0.0    0.0    0.0 |    0    0 1080 2280 | OneUiHome-BlurLayer#0 (backgroundBlurRadius)
01-06 18:24:54.524   640   640 D SurfaceFlinger:      DEVICE | 0x742cfac510 | 0100 | RGBA_8888    |    0.0    0.0 1080.0 2280.0 |    0    0 1080 2280 | com.sec.android.app.launcher/com.sec[...].activities.LauncherActivity$_2018#0
01-06 18:24:54.524   640   640 D SurfaceFlinger:      DEVICE | 0x742cf936d0 | 0100 | RGBA_8888    |    0.0    0.0 1080.0   90.0 |    0    0 1080   90 | StatusBar$_1448#0
01-06 18:24:54.524   640   640 D SurfaceFlinger:      DEVICE | 0x742cf9f190 | 0100 | RGBA_8888    |    0.0    0.0   67.0  342.0 | 1013  305 1080  647 | com.samsung.android.app.cocktailbars[...]arservice.CocktailBarService$_9076#0
01-06 18:24:54.524   640   640 D SurfaceFlinger:      DEVICE | 0x742cfbaa90 | 0100 | RGBA_8888    |    0.0    0.0 1080.0  126.0 |    0 2154 1080 2280 | NavigationBar0$_1448#0
01-06 18:24:54.524   640   640 D SurfaceFlinger: 
01-06 18:24:54.524  1448  1448 D KeyguardBottomAreaShortcutView: updateCameraVisibility isCameraDisabled:false visible:true
01-06 18:24:54.524  1448  1448 D KeyguardBottomAreaShortcutView: mIndicationArea margin start : 163, end : 163, bottom : 150
01-06 18:24:54.525  4243  4686 D KnoxHelper: getActivityList callingUserId: 0, target user: 0
01-06 18:24:54.525  1448  1448 D QS      : setQSExpansion 0.0 -115.49999
01-06 18:24:54.525  1448  1448 D QS      : setQSExpansion 0.0 -115.49999
01-06 18:24:54.526  1448  1448 D IndicatorGardenInputProperty: updateRotation() prv:-1 >> new:0
01-06 18:24:54.527  1448  1448 D DeviceState: getDeviceResolutionPixelSize - currentDensity = 420 deviceDensity = 420 initialDisplaySizeFactor = 1080 currentDisplaySizeFactor = 1080 initialDisplayDensity = 420 proportionalDensity = 420 proportionalPixel = 52
01-06 18:24:54.527  1448  1448 D DeviceState: getDeviceResolutionPixelSize - currentDensity = 420 deviceDensity = 420 initialDisplaySizeFactor = 1080 currentDisplaySizeFactor = 1080 initialDisplayDensity = 420 proportionalDensity = 420 proportionalPixel = 26
01-06 18:24:54.527  1448  1448 D DeviceState: getDeviceResolutionPixelSize - currentDensity = 420 deviceDensity = 420 initialDisplaySizeFactor = 1080 currentDisplaySizeFactor = 1080 initialDisplayDensity = 420 proportionalDensity = 420 proportionalPixel = 18
01-06 18:24:54.527  4243  4686 D KnoxHelper: getActivityList callingUserId: 0, target user: 0
01-06 18:24:54.527  2018  2018 I ViewRootImpl@12b2a74[LauncherActivity]: [DP] pdf(0) 1 android.view.ViewRootImpl.lambda$addFrameCompleteCallbackIfNeeded$3$ViewRootImpl:4987 android.view.ViewRootImpl$$ExternalSyntheticLambda16.run:6 android.os.Handler.handleCallback:938 
01-06 18:24:54.527  2018  2018 I ViewRootImpl@12b2a74[LauncherActivity]: [DP] rdf()
01-06 18:24:54.527  2018  2018 W Launcher: onEnterAnimationComplete
01-06 18:24:54.527  2018  2018 W Launcher: onEnterAnimationComplete
01-06 18:24:54.527  2018  2018 I PopupDataProvider: onNotificationFullRefresh prev dotInfoSize : 1
01-06 18:24:54.527   985  1218 D WindowManager: finishDrawingWindow: Window{de5cbbd u0 com.sec.android.app.launcher/com.sec.android.app.launcher.activities.LauncherActivity} mDrawState=HAS_DRAWN
01-06 18:24:54.527  2018  2018 I PopupDataProvider: refresh badge  package : com.samsung.android.service.aircommand count : 1
01-06 18:24:54.527  2018  2018 I ViewRootImpl@12b2a74[LauncherActivity]: MSG_WINDOW_FOCUS_CHANGED 1 1
01-06 18:24:54.527  2018  2018 I BaseActivity: addActivityFlags, flags : 8
01-06 18:24:54.528  4243  4686 D KnoxHelper: getActivityList callingUserId: 0, target user: 0
01-06 18:24:54.528  4243  4686 D KnoxHelper: getActivityList callingUserId: 0, target user: 0
01-06 18:24:54.528  2018  2018 I InputMethodManager: startInputInner - mService.startInputOrWindowGainedFocus
01-06 18:24:54.528   985  4129 D InputMethodManagerService: mSecureKeypadEnabled = false
01-06 18:24:54.529   985  4129 V InputMethodManagerService: hideCurrentInputLocked : shouldHideSoftInput is false
01-06 18:24:54.529   985  4129 D InputMethodManagerService: DESKTOP MODE! : 2
01-06 18:24:54.529   985  4129 D InputMethodManagerService: NOT IN KNOX DESKTOP MODE!
01-06 18:24:54.529   985  4129 V InputMethodManagerService: getDisplayIdOfInputMethodWindowToBeAdded : 0
01-06 18:24:54.529  4243  4686 D KnoxHelper: getActivityList callingUserId: 0, target user: 0
01-06 18:24:54.529   985  4129 D InputMethodManagerService: checkDisplayOfStartInputAndUpdateKeyboard display Id 0last 0
01-06 18:24:54.529   985  4129 D InputTransport: Input channel constructed: 'ClientS', fd=282
01-06 18:24:54.529   985  4129 D InputTransport: Input channel destroyed: 'ClientS', fd=282
01-06 18:24:54.529  4643  4643 I HBD     : HoneyBoardService onFinishInput 
01-06 18:24:54.530  4643  4643 I HBD     : a IC have been unbinding,  InputConnectionWrapper{idHash=#681609d mMissingMethods=}
01-06 18:24:54.530  4643  4643 I HBD     : HoneyBoardService [PF_CL][onFinishInput]  257846 ns 
01-06 18:24:54.530  4243  4686 D KnoxHelper: getActivityList callingUserId: 0, target user: 0
01-06 18:24:54.530  4643  4643 I HBD     : HoneyBoardService [IMI] onStartInput - caller pid : 2018 , caller uid : 10144 
01-06 18:24:54.530  4643  4643 I HBD     : j updateConfigs 
01-06 18:24:54.530  4643  4643 I HBD     : j isEnabledNightMode : false 
01-06 18:24:54.530  4643  4643 I HBD     : a IC have been binding, InputConnectionWrapper{idHash=#681609d mMissingMethods=} 
01-06 18:24:54.530  4643  4643 I HBD     : h [EditorInputType]setPrivateImeOptionsToTable privateImeOptions ( null )
01-06 18:24:54.530  4643  4643 I HBD     : b incognitoMode : false 
01-06 18:24:54.530  4643  4643 I HBD     : a needOff = true , isForceOff = false, isNullInputClass : true 
01-06 18:24:54.530  4243  4686 D KnoxHelper: getActivityList callingUserId: 0, target user: 0
01-06 18:24:54.530  4643  4643 I HBD     : h getDefaultInputRange : UNKNOWN 
01-06 18:24:54.530  4643  4643 I HBD     : h getDefaultInputRange : UNKNOWN 
01-06 18:24:54.530  4643  4643 I HBD     : h getDefaultInputRange : UNKNOWN 
01-06 18:24:54.531   985  4129 D DARUtil : Device owner status not updated yet...
01-06 18:24:54.531   985  4129 D DARUtil : Not an enterprise user : 0
01-06 18:24:54.531   985  4129 D DARUtil : Device owner status not updated yet...
01-06 18:24:54.531   985  4129 D DARUtil : Not an enterprise user : 0
01-06 18:24:54.531  4243  4686 D KnoxHelper: getActivityList callingUserId: 0, target user: 0
01-06 18:24:54.531  4643  4643 I HBD     : a needOff = true , isForceOff = false, isNullInputClass : true 
01-06 18:24:54.531  4643  4643 I HBD     : a update cached prediction status : false 
01-06 18:24:54.531  4643  4643 I HBD     : h getDefaultInputRange : UNKNOWN 
01-06 18:24:54.531  4643  4643 I HBD     : a currentState : 0 
01-06 18:24:54.531  4243  4686 D KnoxHelper: getActivityList callingUserId: 0, target user: 0
01-06 18:24:54.532  4243  4686 D KnoxHelper: getActivityList callingUserId: 0, target user: 0
01-06 18:24:54.532  4643  4643 I HBD     : h load selected json path : /data/user/0/com.samsung.android.honeyboard/files/selected.json 
01-06 18:24:54.532  4643  4643 I HBD     : h load selected json info : {"version":"4.1","currentLanguageOrder":0,"selected":[{"activeOptionList":["auto_replace","auto_spacing"],"engName":"Italian","id":2162688,"inputType":"qwerty","isUsed":true}]} 
01-06 18:24:54.532  4243  4686 D KnoxHelper: getActivityList callingUserId: 0, target user: 0
01-06 18:24:54.533  4243  4686 D KnoxHelper: getActivityList callingUserId: 0, target user: 0
01-06 18:24:54.533  4643  4643 I HBD     : a [UpdatePolicy] [post] a: 0 cl: 2162688 kit: [0/0] vt: 0 ir: 1 
01-06 18:24:54.533  4243  4686 D KnoxHelper: getActivityList callingUserId: 0, target user: 0
01-06 18:24:54.533  4243  4686 D KnoxHelper: getActivityList callingUserId: 0, target user: 0
01-06 18:24:54.534  4643  4643 I HBD     : HoneyBoardService [PF_OP][onStartInput]  3656693 ns 
01-06 18:24:54.534   640   640 E SurfaceFlinger: Attempt to update InputPolicyFlags without permission ACCESS_SURFACE_FLINGER
01-06 18:24:54.535  2018  2018 I BadgeRenderer: Invalid count : 0
01-06 18:24:54.535  2018  2018 I BadgeRenderer: Invalid count : 0
01-06 18:24:54.535  4243  4686 D KnoxHelper: getActivityList callingUserId: 0, target user: 0
01-06 18:24:54.535  2018  2018 I BadgeRenderer: Invalid count : 0
01-06 18:24:54.535  2018  2018 I BadgeRenderer: Invalid count : 0
01-06 18:24:54.536  2018  2018 I BadgeRenderer: Invalid count : 0
01-06 18:24:54.536  2018  2018 I BadgeRenderer: Invalid count : 0
01-06 18:24:54.536  2018  2018 I BadgeRenderer: Invalid count : 0
01-06 18:24:54.536  4243  4686 D KnoxHelper: getActivityList callingUserId: 0, target user: 0
01-06 18:24:54.536  2018  2018 I BadgeRenderer: Invalid count : 0
01-06 18:24:54.537  4243  4686 D KnoxHelper: getActivityList callingUserId: 0, target user: 0
01-06 18:24:54.537  4243  4686 D KnoxHelper: getActivityList callingUserId: 0, target user: 0
01-06 18:24:54.538  2018  2165 W QuickstepModelDelegate: handleUpdate targets : 9
01-06 18:24:54.545  2018  2018 W SuggestedAppsViewImpl: pending predictedApps : 9, alpha: 0.0, overview: false
01-06 18:24:54.550   640   640 E SurfaceFlinger: Attempt to update InputPolicyFlags without permission ACCESS_SURFACE_FLINGER
01-06 18:24:54.550  1448  1677 D OpenGLRenderer: setSurface called with nullptr
01-06 18:24:54.550  1448  1677 D OpenGLRenderer: setSurface() destroyed EGLSurface
01-06 18:24:54.550  1448  1677 D OpenGLRenderer: destroyEglSurface
01-06 18:24:54.552   985  4129 W WindowManager: Failed looking up window session=Session{c78195b 1448:u0a10037} callers=com.android.server.wm.WindowManagerService.windowForClientLocked:6329 com.android.server.wm.WindowManagerService.relayoutWindow:2483 com.android.server.wm.Session.relayout:242 
01-06 18:24:54.552  1448  1582 I ViewRootImpl@395b36e[mobile]: 1) Force to draw a frame when frame become empty from non-empty
01-06 18:24:54.552  1448  1582 I ViewRootImpl@395b36e[mobile]: Relayout returned: old=(0,0,1080,2280) new=(0,0,0,0) req=(1080,2280)8 dur=1 res=0x0 s={false 0} ch=true fn=5
01-06 18:24:54.553  1448  1582 I ViewRootImpl@395b36e[mobile]: dispatchDetachedFromWindow
01-06 18:24:54.553   640   800 I SurfaceFlinger: id=1952 Removed Surface(name=3481852 NavigationBar0)/@0x7133c3b - animation-leash of insets_animation#0 (104)
01-06 18:24:54.553   640   800 I SurfaceFlinger: id=1951 Removed Surface(name=4046094 StatusBar)/@0xa18986c - animation-leash of insets_animation#0 (104)
01-06 18:24:54.553   985  4129 W WindowManager: Failed looking up window session=Session{c78195b 1448:u0a10037} callers=com.android.server.wm.WindowManagerService.windowForClientLocked:6329 com.android.server.wm.WindowManagerService.removeWindow:2264 com.android.server.wm.Session.remove:225 
01-06 18:24:54.553  1448  1582 D InputTransport: Input channel destroyed: 'a9b25b ', fd=208
01-06 18:24:54.556   640   800 I SurfaceFlinger: id=1947 Removed Splash Screen app.rentaloo.mobile$_1448#0 (104)
01-06 18:24:54.567   640   640 I Layer   : id=1947 Destroyed Splash Screen app.rentaloo.mobile$_1448#0
01-06 18:24:54.567   640   640 I Layer   : id=1952 Destroyed Surface(name=3481852 NavigationBar0)/@0x7133c3b - animation-leash of insets_animation#0
01-06 18:24:54.567   640   640 I Layer   : id=1951 Destroyed Surface(name=4046094 StatusBar)/@0xa18986c - animation-leash of insets_animation#0
01-06 18:24:54.600  2018  2018 I QuickstepTransition: finishWaitingForResponse
01-06 18:24:54.700   580  8365 I HYPER-HAL: [RequestManager.cpp]releaseLocked(): Released ID : 2037171
01-06 18:24:54.776   985  1341 D SemNscXgbMsL1: Probability - Cloud gaming: [0.0038955458]
01-06 18:24:54.776   985  1341 D SemNscXgbMsL1: Probability - Real time: [0.012872542]
01-06 18:24:54.776   985  1341 D SemNscXgbMsL1: Probability - Non real time: [0.9933164]
01-06 18:24:54.776   985  1341 D SemNscXgbMsL1: 1 sample inference time: 0.220231 msecs
01-06 18:24:54.777   985  1341 D SemNscXgbL2Rt: L2 RT 1 sample inference time: 0.324384 msecs
01-06 18:24:54.777   985  1341 D SemNscXgbL2Nrt: L2 NRT 1 sample inference time: 0.283384 msecs
01-06 18:24:54.912   985  2140 I SemDvfsHyPerManager: acquire hyper - AMS_RESUME_TAIL/985@19, type = -999
01-06 18:24:54.912   985  2140 I SemDvfsHyPerManager: acquire hyper - AMS_ACT_LAZY/985@20, type = -999
01-06 18:24:54.912   985  2140 D ActivityManagerPerformance: AMP_acquire() TAIL
01-06 18:24:54.912   985  2140 D ActivityManagerPerformance: AMP_release() APP_SWITCH
01-06 18:24:54.913   580   623 I HYPER-HAL: [RequestManager.cpp]acquire(): Acquired ID : 504529  [985 / 19]    HINT : AMS_RESUME_TAIL    list : 
01-06 18:24:54.914   580   623 I HYPER-HAL: [RequestManager.cpp]releaseLocked(): Released ID : 514634
01-06 18:24:54.917  4212  4278 E TaskStackListenerAbstract: onTaskSnapshotChanged called by Binder.getCallingPid() 0 android.app.ITaskStackListener$Stub.onTransact:585 android.os.Binder.execTransactInternal:1220 android.os.Binder.execTransact:1179 <bottom of call stack> 
01-06 18:24:54.918  4212  4278 E TaskStackListenerAbstract: onTaskSnapshotChanged called by Binder.getCallingPid() 0 android.app.ITaskStackListener$Stub.onTransact:585 android.os.Binder.execTransactInternal:1220 android.os.Binder.execTransact:1179 <bottom of call stack> 
01-06 18:24:54.919  1441  2429 W BtGatt.GattService: unfreezeScan() - No AppScanStats found with uid: 10151
01-06 18:24:54.920  5230  5263 I PageOverlayServiceImpl: [FROM HOME] updateActivityLifecycleState : [2] : onResumed
01-06 18:24:54.920  5230  5263 I PageOverlayServiceImpl: [FROM HOME] updateActivityLifecycleState : [3] : onPaused
01-06 18:24:54.920  5230  5263 I PageOverlayServiceImpl: [FROM HOME] updateActivityLifecycleState : [2] : onResumed
01-06 18:24:54.920  5230  5230 I ViewRootImpl@1639223[]: handleAppVisibility mAppVisible=true visible=false
01-06 18:24:54.920  5230  5230 I ViewRootImpl@1639223[]: handleAppVisibility mAppVisible=false visible=true
01-06 18:24:54.920  5230  5230 I ViewRootImpl@1639223[]: handleAppVisibility mAppVisible=true visible=false
01-06 18:24:54.920  5230  5230 I ViewRootImpl@1639223[]: handleAppVisibility mAppVisible=false visible=true
01-06 18:24:54.922   985  2586 I PowerManagerService: [PWL] SetWakeLockEnableDisable uid = 10151 , disable= false
01-06 18:24:54.922   985  2586 I PowerManagerService: [PWL] can not change uid =  10151
01-06 18:24:54.922   985  1351 D WifiConnectivityMonitor.NetworkStatsAnalyzer: Backhaul Disconnection due to RetransSeg
01-06 18:24:54.922   985  1351 D WifiConnectivityMonitor.NetworkStatsAnalyzer: Backhaul result - RSSI:-34, CE:7, PE:7, TI:12, PTI:12, TW:0, PTW:0, Tx:7, Rx:24, TxS:3, RxS:2, RESULT:true, IC:0, ICT:5, WC:0, WCT:5, R:0, RC:16, IE:0, EC:0
01-06 18:24:54.924   985  1065 W ActivityTaskManager: Activity top resumed state loss timeout for ActivityRecord{9e8413f u0 app.rentaloo.mobile/.MainActivity t-1 f}}
01-06 18:24:54.924   985  4129 D ApplicationPolicy: isStatusBarNotificationAllowedAsUser: packageName = com.davide.trackapp,userId = 0
