01-06 18:24:52.454  4643  4643 I HBD     : h load selected json path : /data/user/0/com.samsung.android.honeyboard/files/selected.json 
01-06 18:24:52.454  4643  4643 I HBD     : h load selected json info : {"version":"4.1","currentLanguageOrder":0,"selected":[{"activeOptionList":["auto_replace","auto_spacing"],"engName":"Italian","id":2162688,"inputType":"qwerty","isUsed":true}]} 
01-06 18:24:52.455  2018  2018 I BadgeRenderer: Invalid count : 0
01-06 18:24:52.455  2018  2018 I BadgeRenderer: Invalid count : 0
01-06 18:24:52.455  2018  2018 I BadgeRenderer: Invalid count : 0
01-06 18:24:52.455  2018  2018 I BadgeRenderer: Invalid count : 0
01-06 18:24:52.455  4643  4643 I HBD     : a [UpdatePolicy] [post] a: 0 cl: 2162688 kit: [0/0] vt: 0 ir: 1 
01-06 18:24:52.455  2018  2018 I BadgeRenderer: Invalid count : 0
01-06 18:24:52.455  4243  4686 D KnoxHelper: getActivityList callingUserId: 0, target user: 0
01-06 18:24:52.455  4643  4643 I HBD     : HoneyBoardService [PF_OP][onStartInput]  8585730 ns 
01-06 18:24:52.455  2018  2018 I BadgeRenderer: Invalid count : 0
01-06 18:24:52.456  4243  4686 D KnoxHelper: getActivityList callingUserId: 0, target user: 0
01-06 18:24:52.456  4243  4686 D KnoxHelper: getActivityList callingUserId: 0, target user: 0
01-06 18:24:52.456  4243  4686 D KnoxHelper: getActivityList callingUserId: 0, target user: 0
01-06 18:24:52.457   985  1218 D SamsungAlarmManager: Cancel Alarm calling from uid:10078 pid :2322 / OP:PendingIntent{865e581: PendingIntentRecord{734b494 com.google.android.gms/com.google.android.gms.gcm broadcastIntent}}
01-06 18:24:52.457   985  1564 D SamsungAlarmManager: setInexact (T:0/F:0/AC:false) 20260107T000000 now=6403988 - CU:10144/CP:2018/OP:PendingIntent{2163626: PendingIntentRecord{791388b com.sec.android.app.launcher broadcastIntent}}
01-06 18:24:52.458   985  1564 V SamsungAlarmManager: setLocked to kernel - W:6432954 / NW:6411530, now=6403988
01-06 18:24:52.458   985  1218 V SamsungAlarmManager: setLocked to kernel - W:6432954 / NW:6411530, now=6403988
01-06 18:24:52.458 18272 18697 I SAMSUNGWALLET: [Hint_SimpleHintProcessMonitor] isHomePackageRunning topPkgName = com.sec.android.app.launcher, topClsName = com.android.launcher3.uioverrides.QuickstepLauncher, return true , se : true
01-06 18:24:52.459  2018  2164 I LiveIconUpdateEventHandler: cancelMinuteChangeAlarm
01-06 18:24:52.459   985  1656 D SamsungAlarmManager: Cancel Alarm calling from uid:10144 pid :2018 / OP:PendingIntent{79f8eb2: PendingIntentRecord{c162e03 com.sec.android.app.launcher broadcastIntent}}
01-06 18:24:52.459  4243  4686 D KnoxHelper: getActivityList callingUserId: 0, target user: 0
01-06 18:24:52.460 18272 18272 I SAMSUNGWALLET: [Hint_IntroHintService] Hint Status - already invisible, skip hide : [4000000] - 4000000
01-06 18:24:52.463  2322  5858 I AlarmManager: setExactAndAllowWhileIdle [name: GCM_HB_ALARM type: 2 triggerAtMillis: 6583988]
01-06 18:24:52.463  2018  2164 I LiveIconUpdateEventHandler: setMinuteChangeAlarm
01-06 18:24:52.463  4243  4686 D KnoxHelper: getActivityList callingUserId: 0, target user: 0
01-06 18:24:52.464   985  4127 D SamsungAlarmManager: setExact (T:2/F:33/AC:false) 20260106T182752 now=6403994 - CU:10078/CP:2322/OP:PendingIntent{c8b180: PendingIntentRecord{734b494 com.google.android.gms/com.google.android.gms.gcm broadcastIntent}}
01-06 18:24:52.464   985  4127 V SamsungAlarmManager: setLocked to kernel - W:6432954 / NW:6411530, now=6403994
01-06 18:24:52.464  4243  4686 D KnoxHelper: getActivityList callingUserId: 0, target user: 0
01-06 18:24:52.464   985  4129 D SamsungAlarmManager: setInexact (T:1/F:0/AC:false) 20260106T182500 now=6403995 - CU:10144/CP:2018/OP:PendingIntent{488c3b9: PendingIntentRecord{c162e03 com.sec.android.app.launcher broadcastIntent}}
01-06 18:24:52.464   985  4129 V SamsungAlarmManager: setLocked to kernel - W:6432954 / NW:6411530, now=6403995
01-06 18:24:52.465  2018  2164 I LiveIconUpdateEventHandler: Initialized
01-06 18:24:52.465  4243  4686 D KnoxHelper: getActivityList callingUserId: 0, target user: 0
01-06 18:24:52.466  4243  4686 D KnoxHelper: getActivityList callingUserId: 0, target user: 0
01-06 18:24:52.466  4243  4686 D KnoxHelper: getActivityList callingUserId: 0, target user: 0
01-06 18:24:52.467  4243  4686 D KnoxHelper: getActivityList callingUserId: 0, target user: 0
01-06 18:24:52.467   640   640 E SurfaceFlinger: Attempt to update InputPolicyFlags without permission ACCESS_SURFACE_FLINGER
01-06 18:24:52.468  1448  1677 D OpenGLRenderer: setSurface called with nullptr
01-06 18:24:52.468  1448  1677 D OpenGLRenderer: setSurface() destroyed EGLSurface
01-06 18:24:52.468  1448  1677 D OpenGLRenderer: destroyEglSurface
01-06 18:24:52.469   985  4129 W WindowManager: Failed looking up window session=Session{c78195b 1448:u0a10037} callers=com.android.server.wm.WindowManagerService.windowForClientLocked:6329 com.android.server.wm.WindowManagerService.relayoutWindow:2483 com.android.server.wm.Session.relayout:242 
01-06 18:24:52.470  1448  1582 I ViewRootImpl@ae3e40[mobile]: 1) Force to draw a frame when frame become empty from non-empty
01-06 18:24:52.470   640   800 I SurfaceFlinger: id=1939 Removed Surface(name=3481852 NavigationBar0)/@0x7133c3b - animation-leash of insets_animation#0 (103)
01-06 18:24:52.470   640   800 I SurfaceFlinger: id=1938 Removed Surface(name=4046094 StatusBar)/@0xa18986c - animation-leash of insets_animation#0 (103)
01-06 18:24:52.470  1448  1582 I ViewRootImpl@ae3e40[mobile]: Relayout returned: old=(0,0,1080,2280) new=(0,0,0,0) req=(1080,2280)8 dur=0 res=0x0 s={false 0} ch=true fn=6
01-06 18:24:52.471  1448  1582 I ViewRootImpl@ae3e40[mobile]: dispatchDetachedFromWindow
01-06 18:24:52.472   985  1656 W WindowManager: Failed looking up window session=Session{c78195b 1448:u0a10037} callers=com.android.server.wm.WindowManagerService.windowForClientLocked:6329 com.android.server.wm.WindowManagerService.removeWindow:2264 com.android.server.wm.Session.remove:225 
01-06 18:24:52.472  1448  1582 D InputTransport: Input channel destroyed: 'e297fea', fd=187
01-06 18:24:52.472   640   669 I SurfaceFlinger: id=1935 Removed Splash Screen app.rentaloo.mobile$_1448#0 (103)
01-06 18:24:52.473  4243  4686 D KnoxHelper: getActivityList callingUserId: 0, target user: 0
01-06 18:24:52.474  4243  4686 D KnoxHelper: getActivityList callingUserId: 0, target user: 0
01-06 18:24:52.476  4243  4686 D KnoxHelper: getActivityList callingUserId: 0, target user: 0
01-06 18:24:52.477  4243  4686 D KnoxHelper: getActivityList callingUserId: 0, target user: 0
01-06 18:24:52.478  4243  4686 D KnoxHelper: getActivityList callingUserId: 0, target user: 0
01-06 18:24:52.479  4243  4686 D KnoxHelper: getActivityList callingUserId: 0, target user: 0
01-06 18:24:52.480  4243  4686 D KnoxHelper: getActivityList callingUserId: 0, target user: 0
01-06 18:24:52.480  4243  4686 D KnoxHelper: getActivityList callingUserId: 0, target user: 0
01-06 18:24:52.480  4243  4686 D KnoxHelper: getActivityList callingUserId: 0, target user: 0
01-06 18:24:52.481  4243  4686 D KnoxHelper: getActivityList callingUserId: 0, target user: 0
01-06 18:24:52.481  4243  4686 D KnoxHelper: getActivityList callingUserId: 0, target user: 0
01-06 18:24:52.482  4243  4686 D KnoxHelper: getActivityList callingUserId: 0, target user: 0
01-06 18:24:52.483  4243  4686 D KnoxHelper: getActivityList callingUserId: 0, target user: 0
01-06 18:24:52.484   640   640 I Layer   : id=1938 Destroyed Surface(name=4046094 StatusBar)/@0xa18986c - animation-leash of insets_animation#0
01-06 18:24:52.484   640   640 I Layer   : id=1939 Destroyed Surface(name=3481852 NavigationBar0)/@0x7133c3b - animation-leash of insets_animation#0
01-06 18:24:52.485   640   640 I Layer   : id=1935 Destroyed Splash Screen app.rentaloo.mobile$_1448#0
01-06 18:24:52.485  4243  4686 D KnoxHelper: getActivityList callingUserId: 0, target user: 0
01-06 18:24:52.486  4243  4686 D KnoxHelper: getActivityList callingUserId: 0, target user: 0
01-06 18:24:52.489  2018  2165 W QuickstepModelDelegate: handleUpdate targets : 9
01-06 18:24:52.492  2018  2018 W SuggestedAppsViewImpl: pending predictedApps : 9, alpha: 0.0, overview: false
01-06 18:24:52.503   548   548 I Zygote  : Process 8330 exited due to signal 9 (Killed)
01-06 18:24:52.503   985  4114 V ActivityManager: Got obituary of 8330:app.rentaloo.mobile
01-06 18:24:52.534  3973  4004 W id.diagmonagen: Reducing the number of considered missed Gc histogram windows from 124 to 100
01-06 18:24:52.614   580  8324 I HYPER-HAL: [RequestManager.cpp]releaseLocked(): Released ID : 522790
01-06 18:24:52.878   985  1065 W ActivityTaskManager: Activity top resumed state loss timeout for ActivityRecord{a5503de u0 app.rentaloo.mobile/.MainActivity t-1 f}}
01-06 18:24:52.926   580  8327 I HYPER-HAL: [RequestManager.cpp]releaseLocked(): Released ID : 503524
01-06 18:24:53.201   580  8353 I HYPER-HAL: [RequestManager.cpp]releaseLocked(): Released ID : 517685
01-06 18:24:53.281   985  1347 D SemWifiSwitchForIndividualAppsService: isPackageException - result:1, com.sec.android.app.launcher
01-06 18:24:53.440   985  8494 D SGM:GameManager: identifyGamePackage. com.sec.android.app.launcher, mCurrentUserId: 0, callerUserId: 0, callingMethodInfo: com.android.server.ssrm.SortingMachine.isGame(SortingMachine.java:162)
01-06 18:24:53.440   985  8494 D SGM:PkgDataHelper: getGamePkgData(). com.sec.android.app.launcher
01-06 18:24:53.542  1441  1606 D BtGatt.GattService: onScanResult to scannerId: 11- eventType=0x0, addressType=1, address=450A31_A, primaryPhy=1, secondaryPhy=1, advertisingSid=0x2, txPower=127, rssi=-67, periodicAdvInt=0x0
01-06 18:24:53.556  1441  1606 D BtGatt.GattService: onScanResult to scannerId: 11- eventType=0x1a, addressType=1, address=7F0D11_9, primaryPhy=1, secondaryPhy=0, advertisingSid=0xff, txPower=127, rssi=-79, periodicAdvInt=0x0
01-06 18:24:53.903   580  8325 I HYPER-HAL: [RequestManager.cpp]releaseLocked(): Released ID : 8362019
01-06 18:24:53.964   985  1247 D InputReader: Btn_touch(5): value=1 when=6405.494131
01-06 18:24:53.964   985  1247 I InputReader: Touch event's action is 0x0 (id=7, t=0) [pCnt=1, s=0.253 ] when=6405.494131
01-06 18:24:53.964   985  1246 I InputDispatcher: Delivering touch to (1448): action: 0x4, f=0x0, d=0, '3481852', t=1 
01-06 18:24:53.964   985  1246 I InputDispatcher: Delivering touch to (2018): action: 0x0, f=0x0, d=0, 'de5cbbd', t=1 
01-06 18:24:53.964   985  1246 D PowerManagerService: UserActivityStateListenerState: 1
01-06 18:24:53.965  2018  2018 I ViewRootImpl@12b2a74[LauncherActivity]: ViewPostIme pointer 0
01-06 18:24:53.965  2018  2018 I MSHandlerLifeCycle: isMultiSplitHandlerRequested: windowingMode=1 isFullscreen=true isPopOver=false isHidden=false skipActivityType=true isHandlerType=true this: DecorView@933a6d9[LauncherActivity]
01-06 18:24:53.965  2018  2018 I MSHandlerLifeCycle: isMultiSplitHandlerRequested: ignored. pkg=com.sec.android.app.launcher callers=com.android.internal.policy.DecorView.hasMultiSplitHandlerInNonFreeformMode:890 com.android.internal.policy.DecorView.dispatchTouchEvent:930 android.view.View.dispatchPointerEvent:15335 android.view.ViewRootImpl$ViewPostImeInputStage.processPointerEvent:7807 android.view.ViewRootImpl$ViewPostImeInputStage.onProcess:7580 
01-06 18:24:53.965  2018  2018 W BaseDragLayer: dispatchTouchEvent, ACTION_DOWN - mTouchDispatchState = 9
01-06 18:24:53.965  2018  2018 W StatusBarController: onControllerInterceptTouchEvent return false by intercept, Down
01-06 18:24:53.965  2018  2018 W BaseDragLayer: findActiveController return false mTouchDispatchState = 9
01-06 18:24:53.966  2018  2018 W AppStartUtils: sendActiveLaunchBroadcast() id : 143
01-06 18:24:53.966  4075  4075 I SemDvfsHyPerManager: acquire hyper - BaseTABoost/4075@21, type = 1090523139
01-06 18:24:53.966  4075  4075 I SemDvfsHyPerManager: acquire hyper - BaseTAToouchBoost/4075@23, type = 1090523139
01-06 18:24:53.966   580   623 I HYPER-HAL: [RequestManager.cpp]acquire(): Acquired ID : 8390677  [4075 / 21]    HINT :      list : [TABoost / 5] 
01-06 18:24:53.966   580   623 I HYPER-HAL: [RequestManager.cpp]acquire(): Acquired ID : 8398874  [4075 / 23]    HINT :      list : [TABoost / 20] [TIMEOUT / 1500] 
01-06 18:24:53.967   985  1394 I Pageboost: start alp : app.rentaloo.mobile
01-06 18:24:53.967   985  1394 D ActivityTaskManager: Checking for the Active launch isPkgEverLaunched :true, isPkgStopped : false, isDataCleared :false, isAutoRunBlocked : false
01-06 18:24:53.967   985  1394 W ContextImpl: Calling a method in the system process without a qualified user: android.app.ContextImpl.startActivity:1117 com.android.server.wm.ActivityTaskManagerService$ActiveLaunchReceiver.onReceive:1168 android.app.LoadedApk$ReceiverDispatcher$Args.lambda$getRunnable$0$LoadedApk$ReceiverDispatcher$Args:1805 android.app.LoadedApk$ReceiverDispatcher$Args$$ExternalSyntheticLambda0.run:2 android.os.Handler.handleCallback:938 
01-06 18:24:53.967   985  1394 D ActivityTaskManager: startActivityAsUser: callingPid=985, callingUid=1000, caller=com.android.server.wm.ActivityTaskManagerService.startActivityAsUser:1743 com.android.server.wm.ActivityTaskManagerService.startActivity:1696 android.app.Instrumentation.execStartActivity:1743 android.app.ContextImpl.startActivity:1135 com.android.server.wm.ActivityTaskManagerService$ActiveLaunchReceiver.onReceive:1168 android.app.LoadedApk$ReceiverDispatcher$Args.lambda$getRunnable$0$LoadedApk$ReceiverDispatcher$Args:1805 android.app.LoadedApk$ReceiverDispatcher$Args$$ExternalSyntheticLambda0.run:2 
01-06 18:24:53.967   985  1398 I Pageboost: alp for : app.rentaloo.mobile , 1
01-06 18:24:53.968   985  1394 D ActivityTaskManager: request preloading for newly launching app : app.rentaloo.mobile.MainActivity
01-06 18:24:53.968   985  1394 E ActivityTaskManager: TouchDown intent received, starting ActiveLaunch
01-06 18:24:53.968   985  1394 D ActivityTaskManager: starting Active launch
01-06 18:24:53.968  1448  1448 D StartingSurfaceDrawer: preloadSplashScreenAppIcon app.rentaloo.mobile
01-06 18:24:53.968  2639  8363 E pageboostd: alp start : app apprentaloomobile
01-06 18:24:53.969  2639  8363 E pageboostd: apprentaloomobile, amt 0 scnt 0 fcnt 0
01-06 18:24:53.969   985  1065 D CompatibilityChangeReporter: Compat change id reported: 135634846; UID 10381; state: DISABLED
01-06 18:24:53.969  2639  8363 E pageboostd: apprentaloomobile, amt 0 scnt 0 fcnt 0
01-06 18:24:53.969  2639  8363 E pageboostd: alp end : app apprentaloomobile data_amount 0
01-06 18:24:53.969   985  1065 D CompatibilityChangeReporter: Compat change id reported: 177438394; UID 10381; state: DISABLED
01-06 18:24:53.969   985  1065 D CompatibilityChangeReporter: Compat change id reported: 135772972; UID 10381; state: DISABLED
01-06 18:24:53.969   985  1065 D CompatibilityChangeReporter: Compat change id reported: 135754954; UID 10381; state: ENABLED
01-06 18:24:53.970   985  1108 D CompatibilityChangeReporter: Compat change id reported: 143937733; UID 10381; state: ENABLED
01-06 18:24:53.976   548   548 D Zygote  : Forked child process 8364
01-06 18:24:53.977   985  1108 I ActivityManager: Start proc 8364:app.rentaloo.mobile/u0a381 for activelaunch {app.rentaloo.mobile/app.rentaloo.mobile.MainActivity}
01-06 18:24:53.977   985  1108 D ActivityManager: [SecIpm] it's a ML_TYPE_EMPTYPROCESS protected process app.rentaloo.mobile
01-06 18:24:53.984  8364  8364 I rentaloo.mobil: Late-enabling -Xcheck:jni
01-06 18:24:53.996   985  1247 D InputReader: Btn_touch(5): value=0 when=6405.526747
01-06 18:24:53.997   985  1247 I InputReader: Touch event's action is 0x1 (id=7, t=0) [pCnt=1, s=] when=6405.526747
01-06 18:24:53.997   985  1246 I InputDispatcher: Delivering touch to (2018): action: 0x1, f=0x0, d=0, 'de5cbbd', t=1 
01-06 18:24:53.997  2018  2018 I MSHandlerLifeCycle: isMultiSplitHandlerRequested: windowingMode=1 isFullscreen=true isPopOver=false isHidden=false skipActivityType=true isHandlerType=true this: DecorView@933a6d9[LauncherActivity]
01-06 18:24:53.997  2018  2018 I MSHandlerLifeCycle: isMultiSplitHandlerRequested: ignored. pkg=com.sec.android.app.launcher callers=com.android.internal.policy.DecorView.hasMultiSplitHandlerInNonFreeformMode:890 com.android.internal.policy.DecorView.dispatchTouchEvent:930 android.view.View.dispatchPointerEvent:15335 android.view.ViewRootImpl$ViewPostImeInputStage.processPointerEvent:7807 android.view.ViewRootImpl$ViewPostImeInputStage.onProcess:7580 
01-06 18:24:53.997  2018  2018 W StatusBarController: onControllerInterceptTouchEvent return false by intercept 
01-06 18:24:53.997  2018  2018 W BaseDragLayer: findActiveController return false mTouchDispatchState = 9
01-06 18:24:53.997  2018  2018 I ViewRootImpl@12b2a74[LauncherActivity]: ViewPostIme pointer 1
01-06 18:24:53.997  2018  2018 I MSHandlerLifeCycle: isMultiSplitHandlerRequested: windowingMode=1 isFullscreen=true isPopOver=false isHidden=false skipActivityType=true isHandlerType=true this: DecorView@933a6d9[LauncherActivity]
01-06 18:24:53.997  2018  2018 I MSHandlerLifeCycle: isMultiSplitHandlerRequested: ignored. pkg=com.sec.android.app.launcher callers=com.android.internal.policy.DecorView.hasMultiSplitHandlerInNonFreeformMode:890 com.android.internal.policy.DecorView.dispatchTouchEvent:930 android.view.View.dispatchPointerEvent:15335 android.view.ViewRootImpl$ViewPostImeInputStage.processPointerEvent:7807 android.view.ViewRootImpl$ViewPostImeInputStage.onProcess:7580 
01-06 18:24:53.997  2018  2018 W StatusBarController: onControllerInterceptTouchEvent return false by intercept 
01-06 18:24:53.997  2018  2018 W TaskViewTouchController: onControllerInterceptTouchEvent, clearState.
01-06 18:24:53.997  2018  2018 W BaseDragLayer: findActiveController return false mTouchDispatchState = 0
01-06 18:24:53.998  2018  2018 W ItemClickHandler: Icon Clicked
01-06 18:24:53.999  2018  2018 I DvfsUtil: acquireAppLaunch(intent)
01-06 18:24:53.999  2018  2018 I SemDvfsHyPerManager: acquire hyper - APP_LAUNCH/2018@0, type = -999
01-06 18:24:53.999   580   623 I HYPER-HAL: [RequestManager.cpp]acquire(): Acquired ID : 2037171  [2018 / 0]    HINT : APP_LAUNCH    list : 
01-06 18:24:53.999  2018  2018 I QuickstepTransition: startWaitingForResponse
01-06 18:24:53.999  4075  4075 I SemDvfsHyPerManager: acquire hyper - APP_START_SHORT/4075@14, type = -999
01-06 18:24:54.000   580   623 I HYPER-HAL: [RequestManager.cpp]acquire(): Acquired ID : 8362019  [4075 / 14]    HINT : APP_START    list : [TIMEOUT / 1500] 
01-06 18:24:54.000   985  4114 D ActivityTaskManager: startActivityAsUser: callingPid=2018, callingUid=10144, caller=com.android.server.wm.ActivityTaskManagerService.startActivityAsUser:1743 com.android.server.wm.ActivityTaskManagerService.startActivity:1696 android.app.IActivityTaskManager$Stub.onTransact:1132 com.android.server.wm.ActivityTaskManagerService.onTransact:6240 android.os.Binder.execTransactInternal:1215 android.os.Binder.execTransact:1179 <bottom of call stack> 
01-06 18:24:54.001   985  4114 I ActivityTaskManager: START u0 {act=android.intent.action.MAIN cat=[android.intent.category.LAUNCHER] flg=0x10200000 cmp=app.rentaloo.mobile/.MainActivity bnds=[39,280][285,630]} from uid 10144
01-06 18:24:54.002   985  4114 D ActivityTaskManager: calculate: ActivityOptions LaunchMode(mLaunchWindowingMode=0, mForceLaunchWindowingMode=0, mLaunchDisplayId=0)
01-06 18:24:54.002   985  4114 D ActivityTaskManager: TaskLaunchParamsModifier:task=null activity=ActivityRecord{9e8413f u0 app.rentaloo.mobile/.MainActivity display-from-option=0 display-id=0 display-windowing-mode=1 suggested-display-area=DefaultTaskDisplayArea@227502205
01-06 18:24:54.002   985  4114 D [secipm]: mSecIpmManager Preload app.rentaloo.mobile dex files
01-06 18:24:54.002   985  4114 D ActivityTaskManager: calculate: ActivityOptions LaunchMode(mLaunchWindowingMode=0, mForceLaunchWindowingMode=0, mLaunchDisplayId=0)
01-06 18:24:54.002   985  4114 D ActivityTaskManager: TaskLaunchParamsModifier:task=null activity=ActivityRecord{9e8413f u0 app.rentaloo.mobile/.MainActivity t-1} display-from-option=0 display-id=0 display-windowing-mode=1 suggested-display-area=DefaultTaskDisplayArea@227502205 inherit-from-source=fullscreen activity-options-fullscreen=Rect(0, 0 - 0, 0) non-freeform-display display-area=DefaultTaskDisplayArea@227502205 maximized-bounds
01-06 18:24:54.002   985  2572 D PkgPredictorService-IpmAdcpController: create a new DexPreloadTask pkg:app.rentaloo.mobile  path:/data/app/~~tTJlY0TCGze7ESzd8tBsaQ==/app.rentaloo.mobile-xQDAaTRAtwyewpwCDwcd9A==
01-06 18:24:54.003   985  4114 W ActivityTaskManager: Can't find TaskDisplayArea to determine support for multi window. Task id=1255 attached=false
01-06 18:24:54.003   640   669 I SurfaceFlinger: id=1944 createSurf (0x0),-1 flag=24004, Task=1255#0
01-06 18:24:54.004  2018  2165 I AppIconSolution: getThemeIconWithBG called with public API, pkg = app.rentaloo.mobile
01-06 18:24:54.004  2018  2165 I AppIconSolution: return adaptive icon for app.rentaloo.mobile, isNight = false
01-06 18:24:54.004  2018  2165 I LauncherActivityInfo: packageName: app.rentaloo.mobile, useThemeIcon: false, height: 288, width: 288, density: 640
01-06 18:24:54.004   985  4114 D ActivityTaskManager: calculate: ActivityOptions LaunchMode(mLaunchWindowingMode=0, mForceLaunchWindowingMode=0, mLaunchDisplayId=0)
01-06 18:24:54.004   985  4114 D ActivityTaskManager: TaskLaunchParamsModifier:task=Task{17f2a0c #1255 type=standard A=10381:app.rentaloo.mobile U=0 visible=false mode=fullscreen translucent=true sz=0} activity=ActivityRecord{9e8413f u0 app.rentaloo.mobile/.MainActivity t-1} display-from-option=0 display-id=0 display-windowing-mode=1 suggested-display-area=DefaultTaskDisplayArea@227502205 inherit-from-source=fullscreen activity-options-fullscreen=Rect(0, 0 - 0, 0) non-freeform-display display-area=DefaultTaskDisplayArea@227502205 maximized-bounds
01-06 18:24:54.005   640   669 I SurfaceFlinger: id=1945 createSurf (0x0),-1 flag=80004, ActivityRecord{9e8413f u0 app.rentaloo.mobile/.MainActivity t1255}#0
01-06 18:24:54.007 26265 26270 I adbd    : jdwp connection from 8364
01-06 18:24:54.007   985  4114 W WindowManager: Prepare app transition: mNextAppTransitionRequests=[TRANSIT_OPEN], mNextAppTransitionFlags=, displayId: 0 Callers=com.android.server.wm.DisplayContent.prepareAppTransition:6358 com.android.server.wm.DisplayContent.prepareAppTransition:6353 com.android.server.wm.Task.startActivityLocked:8783 com.android.server.wm.ActivityStarter.startActivityInner:2912 com.android.server.wm.ActivityStarter.startActivityUnchecked:2334 
01-06 18:24:54.008   985  4114 D ActivityTaskManager: Add starting com.android.server.wm.ActivityRecord$AddStartingWindow@33cbf55: typeParam=11
01-06 18:24:54.008  1448  1448 D ShellTaskOrganizer: addStartingWindow: info=StartingWindowInfo{taskId=1255 targetActivityInfo=null displayId=0 topActivityType=1 preferredStartingWindowType=b insetsState=null topWindowLayoutParams=null mainWindowLayoutParams=null splashScreenThemeResId 7f13000d
01-06 18:24:54.008  1448  1582 D StartingSurfaceDrawer: addSplashScreen app.rentaloo.mobile theme=7f13000d task=1255 suggestType=1
01-06 18:24:54.009  8364  8364 E USNET   : USNET: appName: app.rentaloo.mobile
01-06 18:24:54.010   546   552 E statsd  : Predicate -7037417284711607308 dropping data for dimension key (10)0x2010101->10381[I] (10)0x30000->*launch*[S] 
01-06 18:24:54.010   546   552 E statsd  : DurationMetric 3070148118693969435 dropping data for what dimension key (10)0x2010101->10381[I] (10)0x30000->*launch*[S] 
01-06 18:24:54.011   546   552 E statsd  : Predicate 5980654721335871649 dropping data for dimension key (10)0x2010101->10381[I] (10)0x30000->*launch*[S] 
01-06 18:24:54.011   985  4114 I SemDvfsHyPerManager: acquire hyper - AMS_APP_LAUNCH/985@18, type = -999
01-06 18:24:54.011   580   623 I HYPER-HAL: [RequestManager.cpp]acquire(): Acquired ID : 503524  [985 / 18]    HINT : AMS_APP_LAUNCH    list : 
01-06 18:24:54.012  8364  8364 D ProcessState: Binder ioctl to enable oneway spam detection failed: Invalid argument
01-06 18:24:54.012  4075  4075 I SemDvfsHyPerManager: acquire hyper - APP_START/4075@15, type = -999
01-06 18:24:54.012   985  2582 W NetlinkSocket: maximum read
01-06 18:24:54.013   985  4129 D InputTransport: Input channel constructed: 'a9b25b ', fd=282
01-06 18:24:54.013   985  4129 D InputTransport: Input channel constructed: 'a9b25b ', fd=637
01-06 18:24:54.013   985  4129 D InputTransport: Input channel constructed: 'a9b25b ', fd=828
01-06 18:24:54.013   640   669 I SurfaceFlinger: id=1946 createSurf (0x0),-1 flag=80004, a9b25b Splash Screen app.rentaloo.mobile#0
01-06 18:24:54.014   580   623 I HYPER-HAL: [RequestManager.cpp]acquire(): Acquired ID : 8366110  [4075 / 15]    HINT : APP_START    list : 
01-06 18:24:54.014   985   985 I Pageboost: package app.rentaloo.mobile
01-06 18:24:54.014   985   985 I Pageboost: stop alp
01-06 18:24:54.014   985  1398 I Pageboost: Record App IO : app.rentaloo.mobile pid 8364
01-06 18:24:54.014   985  4129 D InputTransport: Input channel destroyed: 'a9b25b ', fd=828
01-06 18:24:54.014   985  2582 W NetlinkSocket: maximum read
01-06 18:24:54.014   985  2582 W NetlinkSocket: maximum read
01-06 18:24:54.015  1448  1582 I ViewRootImpl@395b36e[mobile]: setView = android.widget.FrameLayout@c56cca5 TM=true
01-06 18:24:54.015   985  2582 W NetlinkSocket: maximum read
01-06 18:24:54.015   985  4129 V ActivityManager: Changed top to null
01-06 18:24:54.015   985  1398 I Pageboost: 64 bit checked : true for 8364
01-06 18:24:54.015   985  1398 I Pageboost: IoRecord pid : 8364, started correctly
01-06 18:24:54.015   985  2582 W NetlinkSocket: maximum read
01-06 18:24:54.015   985  2582 W NetlinkSocket: maximum read
01-06 18:24:54.016   985  2582 W NetlinkSocket: maximum read
01-06 18:24:54.016  8364  8364 D ActivityThread: setConscryptValidator
01-06 18:24:54.016  2018  2018 I BaseActivity: removeActivityFlags, flags : 16
01-06 18:24:54.016  8364  8364 D ActivityThread: setConscryptValidator - put
01-06 18:24:54.016  2018  2018 I BaseActivity: removeActivityFlags, flags : 6
01-06 18:24:54.016  2018  2018 I DragController: endDrag
01-06 18:24:54.016  2018  2018 W LauncherAppWidgetHost: setShouldListenFlag, mFlags:15 flag:resume on:false isFront:false
01-06 18:24:54.016  2018  2018 W PageOverlayMover: updateActivityLifecycleState : 3
01-06 18:24:54.016   985  2582 W NetlinkSocket: maximum read
01-06 18:24:54.016  2639  2639 E pageboostd: Received HALT command code 2
01-06 18:24:54.016  2018  2018 I DecorView: notifyKeepScreenOnChanged: keepScreenOn=false
01-06 18:24:54.016  2018  2018 I MSHandlerLifeCycle: isMultiSplitHandlerRequested: windowingMode=1 isFullscreen=true isPopOver=false isHidden=false skipActivityType=true isHandlerType=true this: DecorView@933a6d9[LauncherActivity]
01-06 18:24:54.016  2018  2018 I MSHandlerLifeCycle: isMultiSplitHandlerRequested: ignored. pkg=com.sec.android.app.launcher callers=com.android.internal.policy.DecorView.hasMultiSplitHandlerInNonFreeformMode:890 com.android.internal.policy.DecorView.notifyKeepScreenOnChanged:884 android.view.ViewRootImpl.applyKeepScreenOnFlag:2932 android.view.ViewRootImpl.setLayoutParams:2095 android.view.WindowManagerGlobal.updateViewLayout:537 
01-06 18:24:54.017  2018  2018 I SPayUpdater: updateSpayHandler launcher activity is paused false
01-06 18:24:54.017  2018  2018 I BlurOperator: progress = 1.0, mBlurProgress = 1.0, forced = true, mForced = false
01-06 18:24:54.017   640   640 I SurfaceFlinger: SFWD update time=6405547304726
01-06 18:24:54.017  2018  2018 I BlurOperator: mSetTime = 1767720291928, currentTimeMs = 1767720294017
01-06 18:24:54.017  2018  2018 I BlurOperator: blurAmount = 0.125, mBgBlurAmount = 0.125, show = true, mPreBlur = 0.125, mDuration = 1
01-06 18:24:54.018   985  4114 D MARsPolicyManager: onPackageResumedFG pkgName = app.rentaloo.mobile, userId = 0
01-06 18:24:54.018   985  4114 W WindowManager: Prepare app transition: mNextAppTransitionRequests=[TRANSIT_OPEN, TRANSIT_OPEN], mNextAppTransitionFlags=, displayId: 0 Callers=com.android.server.wm.DisplayContent.prepareAppTransition:6358 com.android.server.wm.Task.resumeTopActivityInnerLocked:8465 com.android.server.wm.Task.resumeTopActivityInnerLocked:8184 com.android.server.wm.Task.resumeTopActivityUncheckedLocked:8082 com.android.server.wm.RootWindowContainer.resumeFocusedTasksTopActivities:2804 
01-06 18:24:54.020   985  4129 V WindowManager: Relayout Window{a9b25b u0 Splash Screen app.rentaloo.mobile}: viewVisibility=0 req=1080x2280 d0
01-06 18:24:54.020   640  1377 I SurfaceFlinger: id=1947 createSurf (1x1),-3 flag=40004, Splash Screen app.rentaloo.mobile$_1448#0
01-06 18:24:54.020   985  4129 D WindowManager: makeSurface duration=0 name=Splash Screen app.rentaloo.mobile$_1448
01-06 18:24:54.021   985  4129 V WindowManager: Changing focus from Window{de5cbbd u0 com.sec.android.app.launcher/com.sec.android.app.launcher.activities.LauncherActivity} to null displayId=0 Callers=com.android.server.wm.RootWindowContainer.updateFocusedWindowLocked:583 com.android.server.wm.WindowManagerService.updateFocusedWindowLocked:6505 com.android.server.wm.WindowManagerService.relayoutWindow:2770 com.android.server.wm.Session.relayout:242 
01-06 18:24:54.022   985  4129 D StatusBarManagerService: notifyRequestedSystemKey recent=false home=false
01-06 18:24:54.022   985  4129 V WindowManager: rotationForOrientation(orient=SCREEN_ORIENTATION_UNSPECIFIED (-1), last=ROTATION_0 (0)); user=ROTATION_0 (0) USER_ROTATION_LOCKED
01-06 18:24:54.022   985  4129 D WindowManager: rotationForOrientation, orientationSource=ActivityRecord{9e8413f u0 app.rentaloo.mobile/.MainActivity t1255}
01-06 18:24:54.022   985  4129 V WindowManager: rotationForOrientation(orient=SCREEN_ORIENTATION_UNSPECIFIED (-1), last=ROTATION_0 (0)); user=ROTATION_0 (0) USER_ROTATION_LOCKED
01-06 18:24:54.022   985  4129 D WindowManager: rotationForOrientation, orientationSource=ActivityRecord{9e8413f u0 app.rentaloo.mobile/.MainActivity t1255}
01-06 18:24:54.022   985  4129 V WindowManager: Computed rotation=ROTATION_0 (0) for display id=0 based on lastOrientation=SCREEN_ORIENTATION_UNSPECIFIED (-1) and oldRotation=ROTATION_0 (0), caller=com.android.server.wm.DisplayRotation.updateOrientation:407 com.android.server.wm.DisplayContent.updateOrientation:1932 com.android.server.wm.DisplayContent.updateOrientation:1847 com.android.server.wm.WindowManagerService.relayoutWindow:2801 com.android.server.wm.Session.relayout:242 android.view.IWindowSession$Stub.onTransact:790 
01-06 18:24:54.022   985  4129 V WindowManager: Relayout hash=a9b25b, pid=1448: mAttrs={(0,0)(fillxfill) sim={adjust=pan} layoutInDisplayCutoutMode=shortEdges ty=APPLICATION_STARTING fmt=TRANSLUCENT wanim=0x10302f2
01-06 18:24:54.022   985  4129 V WindowManager:   fl=81030118
01-06 18:24:54.022   985  4129 V WindowManager:   pfl=36000010
01-06 18:24:54.022   985  4129 V WindowManager:   apr=LIGHT_STATUS_BARS LIGHT_NAVIGATION_BARS
01-06 18:24:54.022   985  4129 V WindowManager:   bhv=DEFAULT
01-06 18:24:54.022   985  4129 V WindowManager:   fitSides= naviIconColor=0}
01-06 18:24:54.022   985  4114 V WindowManager: Relayout Window{de5cbbd u0 com.sec.android.app.launcher/com.sec.android.app.launcher.activities.LauncherActivity}: viewVisibility=0 req=1080x2280 d0
01-06 18:24:54.023  1448  1582 I ViewRootImpl@395b36e[mobile]: Relayout returned: old=(0,0,1080,2280) new=(0,0,1080,2280) req=(1080,2280)0 dur=6 res=0x7 s={true 524067236944} ch=true fn=-1
01-06 18:24:54.023   985  4114 V WindowManager: rotationForOrientation(orient=SCREEN_ORIENTATION_UNSPECIFIED (-1), last=ROTATION_0 (0)); user=ROTATION_0 (0) USER_ROTATION_LOCKED
01-06 18:24:54.023   985  4114 D WindowManager: rotationForOrientation, orientationSource=ActivityRecord{9e8413f u0 app.rentaloo.mobile/.MainActivity t1255}
01-06 18:24:54.023  1448  1677 D OpenGLRenderer: eglCreateWindowSurface
01-06 18:24:54.023  1448  1582 I ViewRootImpl@395b36e[mobile]: [DP] dp(1) 0 android.view.ViewRootImpl.reportNextDraw:11387 android.view.ViewRootImpl.performTraversals:4185 android.view.ViewRootImpl.doTraversal:2911 
01-06 18:24:54.023   985  4114 V WindowManager: Relayout hash=de5cbbd, pid=2018: mAttrs={(0,0)(fillxfill) sim={adjust=nothing} layoutInDisplayCutoutMode=shortEdges ty=BASE_APPLICATION fmt=TRANSPARENT wanim=0x10302f2
01-06 18:24:54.023   985  4114 V WindowManager:   fl=81910100
01-06 18:24:54.023   985  4114 V WindowManager:   pfl=1e020040
01-06 18:24:54.023   985  4114 V WindowManager:   vsysui=1700
01-06 18:24:54.023   985  4114 V WindowManager:   bhv=SHOW_TRANSIENT_BARS_BY_SWIPE
01-06 18:24:54.023   985  4114 V WindowManager:   fitSides= naviIconColor=0}
01-06 18:24:54.024  2018  2018 I ViewRootImpl@12b2a74[LauncherActivity]: Relayout returned: old=(0,0,1080,2280) new=(0,0,1080,2280) req=(1080,2280)0 dur=4 res=0x1 s={true 524068239744} ch=false fn=4
01-06 18:24:54.024   985   985 I CocktailBarManagerServiceContainer: handleMessage: entry what = 6
01-06 18:24:54.024   985  1065 D SGM:GameManager: notePauseComponent(), received pkgName: com.sec.android.app.launcher, userId: 0
01-06 18:24:54.024   985  2582 W NetlinkSocket: maximum read
01-06 18:24:54.025   985  4127 I ActivityManager: DSS OFF for app.rentaloo.mobile
01-06 18:24:54.027  1448  1582 I ViewRootImpl@395b36e[mobile]: [DP] pdf(0) 0 android.view.ViewRootImpl.lambda$addFrameCompleteCallbackIfNeeded$3$ViewRootImpl:4987 android.view.ViewRootImpl$$ExternalSyntheticLambda16.run:6 android.os.Handler.handleCallback:938 
01-06 18:24:54.027  1448  1582 I ViewRootImpl@395b36e[mobile]: [DP] rdf()
01-06 18:24:54.027  1448  1582 D ViewRootImpl@395b36e[mobile]: reportDrawFinished (fn: -1) 
01-06 18:24:54.027   985  4114 D WindowManager: finishDrawingWindow: Window{a9b25b u0 Splash Screen app.rentaloo.mobile} mDrawState=DRAW_PENDING
01-06 18:24:54.028   985  1066 W WindowManager: Execute app transition: mNextAppTransitionRequests=[TRANSIT_OPEN, TRANSIT_OPEN], mNextAppTransitionFlags=, displayId: 0 Callers=com.android.server.wm.ActivityRecord.onStartingWindowDrawn:6822 com.android.server.wm.WindowState.performShowLocked:5607 com.android.server.wm.WindowStateAnimator.commitFinishDrawingLocked:323 com.android.server.wm.DisplayContent.lambda$new$10$DisplayContent:1214 com.android.server.wm.DisplayContent$$ExternalSyntheticLambda26.accept:4 
01-06 18:24:54.028   985  1066 D WindowManager: performShow logReadyForDisplay  mToken.waitingToShow:true isTransitionSet:true
01-06 18:24:54.028   985  1066 D TaskOrganizerController: Task appeared taskId=1255
01-06 18:24:54.029   985  1066 D WindowManager: createAnimationAdapter(): container=Task{7ab550c #1 type=home ?? U=0 visible=false mode=fullscreen translucent=true sz=1}
01-06 18:24:54.029   985  1066 I WindowManager: Reparenting to leash, surface=Surface(name=Task=1)/@0x7d06d6, leashParent=Surface(name=DefaultTaskDisplayArea)/@0xd05daf3
01-06 18:24:54.029   640   669 I SurfaceFlinger: id=1948 createSurf (0x0),-1 flag=24000, Surface(name=Task=1)/@0x7d06d6 - animation-leash of app_transition#0
01-06 18:24:54.029  1448  1448 D FullscreenTaskListener: Fullscreen Task Appeared: #1255, caller=com.android.wm.shell.ShellTaskOrganizer.onTaskAppeared:387 com.android.wm.shell.ShellTaskOrganizer.onTaskAppeared:376 android.window.TaskOrganizer$1.lambda$onTaskAppeared$4$TaskOrganizer$1:297 
01-06 18:24:54.029   985  1066 D WindowManager: makeSurface duration=0 leash=Surface(name=Surface(name=Task=1)/@0x7d06d6 - animation-leash of app_transition)/@0x9471937
01-06 18:24:54.029   985  1066 D WindowManager: startAnimation
01-06 18:24:54.029   985  1066 D WindowManager: createAnimationAdapter(): container=Task{17f2a0c #1255 type=standard A=10381:app.rentaloo.mobile U=0 visible=true mode=fullscreen translucent=false sz=1}
01-06 18:24:54.029   985  1066 I WindowManager: Reparenting to leash, surface=Surface(name=Task=1255)/@0x47eaea4, leashParent=Surface(name=DefaultTaskDisplayArea)/@0xd05daf3
01-06 18:24:54.029   640  1377 I SurfaceFlinger: id=1949 createSurf (0x0),-1 flag=24004, Surface(name=Task=1255)/@0x47eaea4 - animation-leash of app_transition#0
01-06 18:24:54.029   985  1066 D WindowManager: makeSurface duration=1 leash=Surface(name=Surface(name=Task=1255)/@0x47eaea4 - animation-leash of app_transition)/@0x9fe840d
01-06 18:24:54.029   985  1066 D WindowManager: startAnimation
01-06 18:24:54.030   985  1066 D WindowManager: goodToGo()
01-06 18:24:54.030   985  1066 D WindowManager: createAppAnimations()
01-06 18:24:54.030   985  1066 D WindowManager: 	Add container=Task{17f2a0c #1255 type=standard A=10381:app.rentaloo.mobile U=0 visible=true mode=fullscreen translucent=false sz=1}
01-06 18:24:54.030   985  1066 D WindowManager: 	Add container=Task{7ab550c #1 type=home ?? U=0 visible=false mode=fullscreen translucent=true sz=1}
01-06 18:24:54.030   985  1066 D WindowManager: createWallpaperAnimations()
01-06 18:24:54.030   985  1066 D WindowManager: 	visible=WallpaperWindowToken{33018b3 token=android.os.Binder@878b622}
01-06 18:24:54.030   985  1066 I WindowManager: Reparenting to leash, surface=Surface(name=WallpaperWindowToken{33018b3 token=android.os.Binder@878b622})/@0xa0bcd85, leashParent=Surface(name=Leaf:0:1)/@0x98337da
01-06 18:24:54.030   640  1377 I SurfaceFlinger: id=1950 createSurf (0x0),-1 flag=24000, Surface(name=WallpaperWindowToken{33018b3 token=android.os.Binder@878b622})/@0xa0bcd85 - animation-leash of window_animation#0
01-06 18:24:54.030   985  1066 D WindowManager: makeSurface duration=0 leash=Surface(name=Surface(name=WallpaperWindowToken{33018b3 token=android.os.Binder@878b622})/@0xa0bcd85 - animation-leash of window_animation)/@0xca85fc2
01-06 18:24:54.030   985  1066 D WindowManager: startAnimation
01-06 18:24:54.030   985  1066 D WindowManager: createNonAppWindowAnimations()
01-06 18:24:54.030   985  1066 I WindowManager: Cancelling animation restarting=true, leash=Surface(name=Surface(name=4046094 StatusBar)/@0xa18986c - animation-leash of insets_animation)/@0x472729b
01-06 18:24:54.030   985  1066 I WindowManager: Reparenting to original parent: Surface(name=WindowToken{9cd9ce7 android.os.BinderProxy@d420c01})/@0xa71fe35, destroy=false, surface=Surface(name=4046094 StatusBar)/@0xa18986c
01-06 18:24:54.030   985  1066 I WindowManager: Reparenting to leash, surface=Surface(name=4046094 StatusBar)/@0xa18986c, leashParent=Surface(name=WindowToken{9cd9ce7 android.os.BinderProxy@d420c01})/@0xa71fe35
01-06 18:24:54.031   640  1377 I SurfaceFlinger: id=1951 createSurf (0x0),-1 flag=24000, Surface(name=4046094 StatusBar)/@0xa18986c - animation-leash of insets_animation#0
01-06 18:24:54.031   985  1066 D WindowManager: makeSurface duration=0 leash=Surface(name=Surface(name=4046094 StatusBar)/@0xa18986c - animation-leash of insets_animation)/@0xb4a1110
01-06 18:24:54.031   985  1066 I WindowManager: Cancelling animation restarting=true, leash=Surface(name=Surface(name=3481852 NavigationBar0)/@0x7133c3b - animation-leash of insets_animation)/@0xbd45611
01-06 18:24:54.031   985  1066 I WindowManager: Reparenting to original parent: Surface(name=WindowToken{57e84dd android.os.BinderProxy@100d987})/@0x2ccf58, destroy=false, surface=Surface(name=3481852 NavigationBar0)/@0x7133c3b
01-06 18:24:54.031   985  1066 I WindowManager: Reparenting to leash, surface=Surface(name=3481852 NavigationBar0)/@0x7133c3b, leashParent=Surface(name=WindowToken{57e84dd android.os.BinderProxy@100d987})/@0x2ccf58
01-06 18:24:54.031   640  1377 I SurfaceFlinger: id=1952 createSurf (0x0),-1 flag=24000, Surface(name=3481852 NavigationBar0)/@0x7133c3b - animation-leash of insets_animation#0
01-06 18:24:54.031   985  1066 D WindowManager: makeSurface duration=0 leash=Surface(name=Surface(name=3481852 NavigationBar0)/@0x7133c3b - animation-leash of insets_animation)/@0xfa0b60e
01-06 18:24:54.031  1448  1448 D NavigationBar: onSystemBarAttributesChanged() -  displayId:0, appearance:24 (APPEARANCE_LIGHT_STATUS_BARS APPEARANCE_LIGHT_NAVIGATION_BARS ), navbarColorManagedByIme:false
01-06 18:24:54.031  1448  1448 V Navbar.Store: handleEvent [EventType] GET_BOOL_REGION_SAMPLING_ENABLED [Module] LightBarController  KEYS_DEFAULT=false
01-06 18:24:54.031  1448  1448 V Navbar.Store: --[Band]COLOR_PACK_GET_REGION_SAMPLING_ENABLED
01-06 18:24:54.031  1448  1448 V Navbar.Store: ----getValue(BOOL_REGION_SAMPLING_ENABLED)=false
01-06 18:24:54.031   985  1066 D WindowManager: RemoteAnimationController::onAnimationStart, animations=[Landroid.view.RemoteAnimationTarget;@bb9f82f
01-06 18:24:54.031   985  1066 D WindowManager: goodToGo(): onAnimationStart, transit=TRANSIT_OLD_WALLPAPER_CLOSE, apps=2, wallpapers=1, nonApps=0
01-06 18:24:54.032   985  1066 D WindowManager: startAnimation(): Notify animation start:
01-06 18:24:54.032   985  1066 I WindowManager: Starting remote animation
01-06 18:24:54.032  2018  3498 I QuickstepTransition: finishWaitingForResponse
01-06 18:24:54.032  2018  3498 I LauncherAnimationRunner: onAnimationStart, appTargets : [Lcom.android.systemui.shared.system.RemoteAnimationTargetCompat;@b75bea2 mStartAtFrontOfQueue : true
01-06 18:24:54.032   985  1066 I WindowManager: container=Task{17f2a0c #1255 type=standard A=10381:app.rentaloo.mobile U=0 visible=true mode=fullscreen translucent=false sz=1}
01-06 18:24:54.032   985  1066 I WindowManager: Target:
01-06 18:24:54.032   985  1066 I WindowManager:   mode=0 taskId=1255 isTranslucent=false clipRect=[0,0][0,0] contentInsets=[0,90][0,126] prefixOrderIndex=24 position=[0,0] sourceContainerBounds=[0,0][1080,2280] screenSpaceBounds=[0,0][1080,2280] localBounds=[0,0][1080,2280]
01-06 18:24:54.032   985  1066 I WindowManager:   windowConfiguration={ mBounds=Rect(0, 0 - 1080, 2280) mAppBounds=Rect(0, 90 - 1080, 2154) mMaxBounds=Rect(0, 0 - 1080, 2280) mWindowingMode=fullscreen mDisplayWindowingMode=fullscreen mActivityType=standard mAlwaysOnTop=undefined mRotation=ROTATION_0 mPopOver=undefined mFreeformTaskPinningState=unpinned}
01-06 18:24:54.032   985  1066 I WindowManager:   leash=Surface(name=Surface(name=Task=1255)/@0x47eaea4 - animation-leash of app_transition)/@0x9fe840d
01-06 18:24:54.032   985  1066 I WindowManager:   taskInfo=TaskInfo{userId=0 taskId=1255 displayId=0 isRunning=true baseIntent=Intent { act=android.intent.action.MAIN cat=[android.intent.category.LAUNCHER] flg=0x10200000 cmp=app.rentaloo.mobile/.MainActivity } baseActivity=ComponentInfo{app.rentaloo.mobile/app.rentaloo.mobile.MainActivity} topActivity=ComponentInfo{app.rentaloo.mobile/app.rentaloo.mobile.MainActivity} origActivity=null realActivity=ComponentInfo{app.rentaloo.mobile/app.rentaloo.mobile.MainActivity} numActivities=1 lastActiveTime=6405555 supportsSplitScreenMultiWindow=true supportsMultiWindow=true resizeMode=1 isResizeable=true token=WCT{RemoteToken{b272e3c Task{17f2a0c #1255 type=standard A=10381:app.rentaloo.mobile U=0 visible=true mode=fullscreen translucent=false sz=1}}} topActivityType=1 pictureInPictureParams=PictureInPictureParams( aspectRatio=null sourceRectHint=null hasSetActions=false isAutoPipEnabled=false isSeamlessResizeEnabled=true) displayCutoutSafeInsets=null topActivityInfo=ActivityInfo{e2d27c5 app.rentaloo.mobile.MainActivity} launchCookies=[android.os.BinderProxy@2b6251a] positionInParent=Point(0, 0) parentTaskId=-1 isFocused=false isVisible=true topActivityInSizeCompat=false locusId= null topLaunchHome=false launchSplitWindowingMode=0 isPairTask=false pairedTaskIds=[] pairWindowingMode=0 pairDockSide=0 isAnimatingByRecent=false originallySupportedSplitScreen=true isAnimatingFreeformToFullscreen=false topActivityInFixedAspectRatio=false isTopTransparentActivity=true}
01-06 18:24:54.032   985  1066 I WindowManager:   windowType=-1container=Task{7ab550c #1 type=home ?? U=0 visible=false mode=fullscreen translucent=true sz=1}
01-06 18:24:54.032   985  1066 I WindowManager: Target:
01-06 18:24:54.032   985  1066 I WindowManager:   mode=1 taskId=1177 isTranslucent=false clipRect=[0,0][0,0] contentInsets=[0,90][0,126] prefixOrderIndex=20 position=[0,0] sourceContainerBounds=[0,0][1080,2280] screenSpaceBounds=[0,0][1080,2280] localBounds=[0,0][1080,2280]
01-06 18:24:54.032   985  1066 I WindowManager:   windowConfiguration={ mBounds=Rect(0, 0 - 1080, 2280) mAppBounds=Rect(0, 90 - 1080, 2154) mMaxBounds=Rect(0, 0 - 1080, 2280) mWindowingMode=fullscreen mDisplayWindowingMode=fullscreen mActivityType=home mAlwaysOnTop=undefined mRotation=ROTATION_0 mPopOver=undefined mFreeformTaskPinningState=unpinned}
01-06 18:24:54.032   985  1066 I WindowManager:   leash=Surface(name=Surface(name=Task=1)/@0x7d06d6 - animation-leash of app_transition)/@0x9471937
01-06 18:24:54.032   985  1066 I WindowManager:   taskInfo=TaskInfo{userId=0 taskId=1177 displayId=0 isRunning=true baseIntent=Intent { act=android.intent.action.MAIN cat=[android.intent.category.HOME] flg=0x10000100 cmp=com.sec.android.app.launcher/.activities.LauncherActivity } baseActivity=ComponentInfo{com.sec.android.app.launcher/com.sec.android.app.launcher.activities.LauncherActivity} topActivity=ComponentInfo{com.sec.android.app.launcher/com.android.launcher3.uioverrides.QuickstepLauncher} origActivity=ComponentInfo{com.sec.android.app.launcher/com.sec.android.app.launcher.activities.LauncherActivity} realActivity=ComponentInfo{com.sec.android.app.launcher/com.android.launcher3.uioverrides.QuickstepLauncher} numActivities=1 lastActiveTime=6405538 supportsSplitScreenMultiWindow=true supportsMultiWindow=true resizeMode=2 isResizeable=true token=WCT{RemoteToken{eed7bc4 Task{3da6a25 #1177 type=home A=10144:com.sec.android.app.launcher.activities.LauncherActivity U=0 rootTaskId=1 visible=false mode=fullscreen translucent=true sz=1}}} topActivityType=2 pictureInPictureParams=null displayCutoutSafeInsets=Rect(0, 90 - 0, 0) topActivityInfo=ActivityInfo{46b9aad com.sec.android.app.launcher.activities.LauncherActivity} launchCookies=[] positionInParent=Point(0, 0) parentTaskId=-1 isFocused=false isVisible=false topActivityInSizeCompat=false locusId= LocusId[17_chars] topLaunchHome=false launchSplitWindowingMode=0 isPairTask=false pairedTaskIds=[] pairWindowingMode=0 pairDockSide=0 isAnimatingByRecent=false originallySupportedSplitScreen=true isAnimatingFreeformToFullscreen=false topActivityInFixedAspectRatio=false isTopTransparentActivity=false}
01-06 18:24:54.032   985  1066 I WindowManager:   windowType=-1
01-06 18:24:54.032  2018  2018 I QuickstepTransition: AppLaunchAnimationRunner, onCreateAnimation
01-06 18:24:54.032  2018  2018 W AppTransitionAnimatorImpl: animation with floating icon
01-06 18:24:54.032  1448  1448 D SecLightBarControlHelper: updateStatus(BLACK icon) NumLightStacks:1, NumStacks:1, IndexLightStack:0, StatusBarMode:0, StatusBarState:SHD, NeedDarkFontFromWallpaper:true, isWhiteKeyguardStatusBarBySettings:true
01-06 18:24:54.032  2018  2018 I FloatingIconView: drawable is not adaptive icon: false
01-06 18:24:54.033  2018  3498 I TouchInteractionService: onSystemUiStateChanged, stateFlags : 131072
01-06 18:24:54.033  2018  2018 I RemoteAnimationTargets: unfilteredApps : [Lcom.android.systemui.shared.system.RemoteAnimationTargetCompat;@b75bea2 apps : [Lcom.android.systemui.shared.system.RemoteAnimationTargetCompat;@b75bea2 wallpapers : [Lcom.android.systemui.shared.system.RemoteAnimationTargetCompat;@258baf0 targetMode : 0 hasRecents : false
01-06 18:24:54.033   985  4127 I DexController: getTaskHasActivityIsWaitingToRun: r=ActivityRecord{9e8413f u0 app.rentaloo.mobile/.MainActivity t1255}, app=ProcessRecord{c2aefe0 8364:app.rentaloo.mobile/u0a381}
01-06 18:24:54.033   985  4127 D ActivityManager: attachApplicationLocked() app=ProcessRecord{c2aefe0 8364:app.rentaloo.mobile/u0a381} app.isolatedEntryPoint=null instr2=null
01-06 18:24:54.033   985  4127 V WindowManager: rotationForOrientation(orient=SCREEN_ORIENTATION_UNSPECIFIED (-1), last=ROTATION_0 (0)); user=ROTATION_0 (0) USER_ROTATION_LOCKED
01-06 18:24:54.033   985  4127 D WindowManager: rotationForOrientation, orientationSource=ActivityRecord{9e8413f u0 app.rentaloo.mobile/.MainActivity t1255}
01-06 18:24:54.034   985  4127 V WindowManager: Computed rotation=ROTATION_0 (0) for display id=0 based on lastOrientation=SCREEN_ORIENTATION_UNSPECIFIED (-1) and oldRotation=ROTATION_0 (0), caller=com.android.server.wm.DisplayRotation.updateOrientation:407 com.android.server.wm.DisplayContent.updateOrientation:1932 com.android.server.wm.DisplayContent.updateOrientation:1870 com.android.server.wm.RootWindowContainer.ensureVisibilityAndConfig:2207 com.android.server.wm.ActivityTaskSupervisor.realStartActivityLocked:939 com.android.server.wm.RootWindowContainer.startActivityForAttachedApplicationIfNeeded:2356 
01-06 18:24:54.034  2018  2018 W AppTransitionAnimatorImpl: onAnimationStart - APP IN
01-06 18:24:54.034   985  4127 D TspStateManager: updateCustomValue customSetting=
01-06 18:24:54.034   985  4127 D TspStateManager: updateCustomValue customSetting=
01-06 18:24:54.034   985  4127 D SGM:PkgDataHelper: notifyAppCreate(), pkgName: app.rentaloo.mobile, userId: 0, sendRet: true
01-06 18:24:54.034   640   640 I Layer   : id=1942 removeFromCurrentState Surface(name=4046094 StatusBar)/@0xa18986c - animation-leash of insets_animation#1 (109)
01-06 18:24:54.034   985  1255 D SGM:GameManager: onLooperPrepared(), msg: MSG_APP_CREATE, pkgName: app.rentaloo.mobile, userId: 0
01-06 18:24:54.034   640   640 I Layer   : id=1943 removeFromCurrentState Surface(name=3481852 NavigationBar0)/@0x7133c3b - animation-leash of insets_animation#1 (109)
01-06 18:24:54.034   640   640 I SurfaceFlinger: id=1942 Removed Surface(name=4046094 StatusBar)/@0xa18986c - animation-leash of insets_animation#1 (109)
01-06 18:24:54.034   640   640 I SurfaceFlinger: id=1943 Removed Surface(name=3481852 NavigationBar0)/@0x7133c3b - animation-leash of insets_animation#1 (109)
