01-06 18:24:51.916   580   623 I HYPER-HAL: [RequestManager.cpp]acquire(): Acquired ID : 8362019  [4075 / 14]    HINT : APP_START    list : [TIMEOUT / 1500] 
01-06 18:24:51.917   985  4123 D ActivityTaskManager: TaskLaunchParamsModifier:task=Task{91479bf #1254 type=standard A=10381:app.rentaloo.mobile U=0 visible=false mode=fullscreen translucent=true sz=0} activity=ActivityRecord{a5503de u0 app.rentaloo.mobile/.MainActivity t-1} display-from-task=0 display-id=0 display-windowing-mode=1 suggested-display-area=DefaultTaskDisplayArea@227502205 non-freeform-display display-area=DefaultTaskDisplayArea@227502205 maximized-bounds
01-06 18:24:51.918   985  4123 D CompatibilityChangeReporter: Compat change id reported: 174042980; UID 10381; state: DISABLED
01-06 18:24:51.918   985  4123 D CompatibilityChangeReporter: Compat change id reported: 184838306; UID 10381; state: DISABLED
01-06 18:24:51.919   985  4123 D CompatibilityChangeReporter: Compat change id reported: 185004937; UID 10381; state: DISABLED
01-06 18:24:51.920   985  4123 D CompatibilityChangeReporter: Compat change id reported: 181136395; UID 10381; state: DISABLED
01-06 18:24:51.920   985  4123 D CompatibilityChangeReporter: Compat change id reported: 174042936; UID 10381; state: DISABLED
01-06 18:24:51.920   640   800 I SurfaceFlinger: id=1933 createSurf (0x0),-1 flag=80004, ActivityRecord{a5503de u0 app.rentaloo.mobile/.MainActivity t1254}#0
01-06 18:24:51.922   985  4123 W WindowManager: Prepare app transition: mNextAppTransitionRequests=[TRANSIT_OPEN], mNextAppTransitionFlags=, displayId: 0 Callers=com.android.server.wm.DisplayContent.prepareAppTransition:6358 com.android.server.wm.DisplayContent.prepareAppTransition:6353 com.android.server.wm.Task.startActivityLocked:8783 com.android.server.wm.ActivityStarter.startActivityInner:2912 com.android.server.wm.ActivityStarter.startActivityUnchecked:2334 
01-06 18:24:51.922   985  4123 D CompatibilityChangeReporter: Compat change id reported: 168419799; UID 10381; state: DISABLED
01-06 18:24:51.922   985  4123 D ActivityTaskManager: Add starting com.android.server.wm.ActivityRecord$AddStartingWindow@38a388c: typeParam=43
01-06 18:24:51.923  1448  1448 D ShellTaskOrganizer: addStartingWindow: info=StartingWindowInfo{taskId=1254 targetActivityInfo=null displayId=0 topActivityType=1 preferredStartingWindowType=2b insetsState=null topWindowLayoutParams=null mainWindowLayoutParams=null splashScreenThemeResId 7f13000d
01-06 18:24:51.923  1448  1582 D StartingSurfaceDrawer: addSplashScreen app.rentaloo.mobile theme=7f13000d task=1254 suggestType=3
01-06 18:24:51.923   546   552 E statsd  : Predicate -7037417284711607308 dropping data for dimension key (10)0x2010101->10381[I] (10)0x30000->*launch*[S] 
01-06 18:24:51.924   546   552 E statsd  : DurationMetric 3070148118693969435 dropping data for what dimension key (10)0x2010101->10381[I] (10)0x30000->*launch*[S] 
01-06 18:24:51.924   546   552 E statsd  : Predicate 5980654721335871649 dropping data for dimension key (10)0x2010101->10381[I] (10)0x30000->*launch*[S] 
01-06 18:24:51.925   985  4123 I SemDvfsHyPerManager: acquire hyper - AMS_APP_LAUNCH/985@18, type = -999
01-06 18:24:51.925   580   623 I HYPER-HAL: [RequestManager.cpp]acquire(): Acquired ID : 503524  [985 / 18]    HINT : AMS_APP_LAUNCH    list : 
01-06 18:24:51.925  4075  4075 I SemDvfsHyPerManager: acquire hyper - APP_START/4075@15, type = -999
01-06 18:24:51.926   580   623 I HYPER-HAL: [RequestManager.cpp]acquire(): Acquired ID : 8366110  [4075 / 15]    HINT : APP_START    list : 
01-06 18:24:51.927  2018  2018 I BaseActivity: removeActivityFlags, flags : 16
01-06 18:24:51.927  2018  2018 I BaseActivity: removeActivityFlags, flags : 6
01-06 18:24:51.927  2018  2018 I DragController: endDrag
01-06 18:24:51.928  2018  2018 W LauncherAppWidgetHost: setShouldListenFlag, mFlags:15 flag:resume on:false isFront:false
01-06 18:24:51.928  2018  2018 W PageOverlayMover: updateActivityLifecycleState : 3
01-06 18:24:51.928  2018  2018 I DecorView: notifyKeepScreenOnChanged: keepScreenOn=false
01-06 18:24:51.928  2018  2018 I MSHandlerLifeCycle: isMultiSplitHandlerRequested: windowingMode=1 isFullscreen=true isPopOver=false isHidden=false skipActivityType=true isHandlerType=true this: DecorView@933a6d9[LauncherActivity]
01-06 18:24:51.928  2018  2018 I MSHandlerLifeCycle: isMultiSplitHandlerRequested: ignored. pkg=com.sec.android.app.launcher callers=com.android.internal.policy.DecorView.hasMultiSplitHandlerInNonFreeformMode:890 com.android.internal.policy.DecorView.notifyKeepScreenOnChanged:884 android.view.ViewRootImpl.applyKeepScreenOnFlag:2932 android.view.ViewRootImpl.setLayoutParams:2095 android.view.WindowManagerGlobal.updateViewLayout:537 
01-06 18:24:51.928  2018  2018 I SPayUpdater: updateSpayHandler launcher activity is paused false
01-06 18:24:51.928  2018  2018 I BlurOperator: progress = 1.0, mBlurProgress = 1.0, forced = true, mForced = false
01-06 18:24:51.928  2018  2018 I BlurOperator: mSetTime = 1767720182513, currentTimeMs = 1767720291928
01-06 18:24:51.928  2018  2018 I BlurOperator: blurAmount = 0.125, mBgBlurAmount = 0.125, show = true, mPreBlur = 0.125, mDuration = 1
01-06 18:24:51.928  5230 20006 I PageOverlayServiceImpl: [FROM HOME] updateActivityLifecycleState : [3] : onPaused
01-06 18:24:51.928   985  1218 D MARsPolicyManager: onPackageResumedFG pkgName = app.rentaloo.mobile, userId = 0
01-06 18:24:51.929   985  1218 W WindowManager: Prepare app transition: mNextAppTransitionRequests=[TRANSIT_OPEN, TRANSIT_OPEN], mNextAppTransitionFlags=, displayId: 0 Callers=com.android.server.wm.DisplayContent.prepareAppTransition:6358 com.android.server.wm.Task.resumeTopActivityInnerLocked:8465 com.android.server.wm.Task.resumeTopActivityInnerLocked:8184 com.android.server.wm.Task.resumeTopActivityUncheckedLocked:8082 com.android.server.wm.RootWindowContainer.resumeFocusedTasksTopActivities:2804 
01-06 18:24:51.931   985  1420 D InputTransport: Input channel constructed: 'e297fea', fd=282
01-06 18:24:51.931   985  1420 D InputTransport: Input channel constructed: 'e297fea', fd=637
01-06 18:24:51.931   985  1420 D InputTransport: Input channel constructed: 'e297fea', fd=645
01-06 18:24:51.931   640   800 I SurfaceFlinger: id=1934 createSurf (0x0),-1 flag=80004, e297fea Splash Screen app.rentaloo.mobile#0
01-06 18:24:51.932   985  1420 V WindowManager: rotationForOrientation(orient=SCREEN_ORIENTATION_UNSPECIFIED (-1), last=ROTATION_0 (0)); user=ROTATION_0 (0) USER_ROTATION_LOCKED
01-06 18:24:51.932   985  1420 D WindowManager: rotationForOrientation, orientationSource=ActivityRecord{a5503de u0 app.rentaloo.mobile/.MainActivity t1254}
01-06 18:24:51.932   985  1420 V WindowManager: rotationForOrientation(orient=SCREEN_ORIENTATION_UNSPECIFIED (-1), last=ROTATION_0 (0)); user=ROTATION_0 (0) USER_ROTATION_LOCKED
01-06 18:24:51.932   985  1420 D WindowManager: rotationForOrientation, orientationSource=ActivityRecord{a5503de u0 app.rentaloo.mobile/.MainActivity t1254}
01-06 18:24:51.932   985  1420 V WindowManager: Computed rotation=ROTATION_0 (0) for display id=0 based on lastOrientation=SCREEN_ORIENTATION_UNSPECIFIED (-1) and oldRotation=ROTATION_0 (0), caller=com.android.server.wm.DisplayRotation.updateOrientation:407 com.android.server.wm.DisplayContent.updateOrientation:1932 com.android.server.wm.DisplayContent.updateOrientation:1847 com.android.server.wm.WindowManagerService.addWindow:2093 com.android.server.wm.Session.addToDisplayAsUser:211 android.view.IWindowSession$Stub.onTransact:691 
01-06 18:24:51.932   985  1420 D InputTransport: Input channel destroyed: 'e297fea', fd=645
01-06 18:24:51.933  1448  1582 I ViewRootImpl@ae3e40[mobile]: setView = android.widget.FrameLayout@d2d2b1f TM=true
01-06 18:24:51.933   985  1065 D CompatibilityChangeReporter: Compat change id reported: 135634846; UID 10381; state: DISABLED
01-06 18:24:51.933   985  1065 D CompatibilityChangeReporter: Compat change id reported: 177438394; UID 10381; state: DISABLED
01-06 18:24:51.933   985  1065 D CompatibilityChangeReporter: Compat change id reported: 135772972; UID 10381; state: DISABLED
01-06 18:24:51.933   985  1065 D CompatibilityChangeReporter: Compat change id reported: 135754954; UID 10381; state: ENABLED
01-06 18:24:51.933   985  1108 D CompatibilityChangeReporter: Compat change id reported: 143937733; UID 10381; state: ENABLED
01-06 18:24:51.934   985  1065 V ActivityManager: Changed top to null
01-06 18:24:51.935   985  1065 D SGM:GameManager: notePauseComponent(), received pkgName: com.sec.android.app.launcher, userId: 0
01-06 18:24:51.935   985   985 I CocktailBarManagerServiceContainer: handleMessage: entry what = 6
01-06 18:24:51.936   985  1218 V WindowManager: Relayout Window{e297fea u0 Splash Screen app.rentaloo.mobile}: viewVisibility=0 req=1080x2280 d0
01-06 18:24:51.936   640  1377 I SurfaceFlinger: id=1935 createSurf (1x1),-3 flag=40004, Splash Screen app.rentaloo.mobile$_1448#0
01-06 18:24:51.936   985  1218 D WindowManager: makeSurface duration=1 name=Splash Screen app.rentaloo.mobile$_1448
01-06 18:24:51.937   985  1218 V WindowManager: Changing focus from Window{de5cbbd u0 com.sec.android.app.launcher/com.sec.android.app.launcher.activities.LauncherActivity} to null displayId=0 Callers=com.android.server.wm.RootWindowContainer.updateFocusedWindowLocked:583 com.android.server.wm.WindowManagerService.updateFocusedWindowLocked:6505 com.android.server.wm.WindowManagerService.relayoutWindow:2770 com.android.server.wm.Session.relayout:242 
01-06 18:24:51.937   985  1218 D StatusBarManagerService: notifyRequestedSystemKey recent=false home=false
01-06 18:24:51.937   985  1218 V WindowManager: rotationForOrientation(orient=SCREEN_ORIENTATION_UNSPECIFIED (-1), last=ROTATION_0 (0)); user=ROTATION_0 (0) USER_ROTATION_LOCKED
01-06 18:24:51.938   985  1218 D WindowManager: rotationForOrientation, orientationSource=ActivityRecord{a5503de u0 app.rentaloo.mobile/.MainActivity t1254}
01-06 18:24:51.938   985  1420 V WindowManager: Relayout Window{de5cbbd u0 com.sec.android.app.launcher/com.sec.android.app.launcher.activities.LauncherActivity}: viewVisibility=0 req=1080x2280 d0
01-06 18:24:51.938   985  1218 V WindowManager: Relayout hash=e297fea, pid=1448: mAttrs={(0,0)(fillxfill) sim={adjust=pan} layoutInDisplayCutoutMode=shortEdges ty=APPLICATION_STARTING fmt=TRANSLUCENT wanim=0x10302f2
01-06 18:24:51.938   985  1218 V WindowManager:   fl=81030118
01-06 18:24:51.938   985  1218 V WindowManager:   pfl=36000010
01-06 18:24:51.938   985  1218 V WindowManager:   apr=LIGHT_STATUS_BARS LIGHT_NAVIGATION_BARS
01-06 18:24:51.938   985  1218 V WindowManager:   bhv=DEFAULT
01-06 18:24:51.938   985  1218 V WindowManager:   fitSides= naviIconColor=0}
01-06 18:24:51.939   985  1420 V WindowManager: rotationForOrientation(orient=SCREEN_ORIENTATION_UNSPECIFIED (-1), last=ROTATION_0 (0)); user=ROTATION_0 (0) USER_ROTATION_LOCKED
01-06 18:24:51.939   985  1420 D WindowManager: rotationForOrientation, orientationSource=ActivityRecord{a5503de u0 app.rentaloo.mobile/.MainActivity t1254}
01-06 18:24:51.939  1448  1582 I ViewRootImpl@ae3e40[mobile]: Relayout returned: old=(0,0,1080,2280) new=(0,0,1080,2280) req=(1080,2280)0 dur=3 res=0x7 s={true 524067236944} ch=true fn=-1
01-06 18:24:51.939   985  1420 V WindowManager: Relayout hash=de5cbbd, pid=2018: mAttrs={(0,0)(fillxfill) sim={adjust=nothing} layoutInDisplayCutoutMode=shortEdges ty=BASE_APPLICATION fmt=TRANSPARENT wanim=0x10302f2
01-06 18:24:51.939   985  1420 V WindowManager:   fl=81910100
01-06 18:24:51.939   985  1420 V WindowManager:   pfl=1e020040
01-06 18:24:51.939   985  1420 V WindowManager:   vsysui=1700
01-06 18:24:51.939   985  1420 V WindowManager:   bhv=SHOW_TRANSIENT_BARS_BY_SWIPE
01-06 18:24:51.939   985  1420 V WindowManager:   fitSides= naviIconColor=0}
01-06 18:24:51.939  1448  1677 D OpenGLRenderer: eglCreateWindowSurface
01-06 18:24:51.939  1448  1582 I ViewRootImpl@ae3e40[mobile]: [DP] dp(1) 0 android.view.ViewRootImpl.reportNextDraw:11387 android.view.ViewRootImpl.performTraversals:4185 android.view.ViewRootImpl.doTraversal:2911 
01-06 18:24:51.940  2018  2018 I ViewRootImpl@12b2a74[LauncherActivity]: Relayout returned: old=(0,0,1080,2280) new=(0,0,1080,2280) req=(1080,2280)0 dur=5 res=0x1 s={true 524068239744} ch=false fn=4
01-06 18:24:51.941   985  1065 D PowerManagerService: [api] setScreenDimDurationOverrideFromWindowManagerInternal: timeoutMillis: -1
01-06 18:24:51.941   985  1063 D NetworkPolicy: onUidStateChanged() uid: 10381, isForeground(false, 19)
01-06 18:24:51.942  1441  1441 D HidDeviceService: handleMessage(): msg.what=8
01-06 18:24:51.942   548   548 D Zygote  : Forked child process 8330
01-06 18:24:51.944   985  1108 I ActivityManager: Start proc 8330:app.rentaloo.mobile/u0a381 for pre-top-activity {app.rentaloo.mobile/app.rentaloo.mobile.MainActivity}
01-06 18:24:51.944   985  1108 D ActivityManager: [SecIpm] it's a ML_TYPE_EMPTYPROCESS protected process app.rentaloo.mobile
01-06 18:24:51.948  1448  1582 I ViewRootImpl@ae3e40[mobile]: [DP] pdf(0) 0 android.view.ViewRootImpl.lambda$addFrameCompleteCallbackIfNeeded$3$ViewRootImpl:4987 android.view.ViewRootImpl$$ExternalSyntheticLambda16.run:6 android.os.Handler.handleCallback:938 
01-06 18:24:51.948  1448  1582 I ViewRootImpl@ae3e40[mobile]: [DP] rdf()
01-06 18:24:51.948  1448  1582 D ViewRootImpl@ae3e40[mobile]: reportDrawFinished (fn: -1) 
01-06 18:24:51.949   985  1420 D WindowManager: finishDrawingWindow: Window{e297fea u0 Splash Screen app.rentaloo.mobile} mDrawState=DRAW_PENDING
01-06 18:24:51.949   985  1066 W WindowManager: Execute app transition: mNextAppTransitionRequests=[TRANSIT_OPEN, TRANSIT_OPEN], mNextAppTransitionFlags=, displayId: 0 Callers=com.android.server.wm.ActivityRecord.onStartingWindowDrawn:6822 com.android.server.wm.WindowState.performShowLocked:5607 com.android.server.wm.WindowStateAnimator.commitFinishDrawingLocked:323 com.android.server.wm.DisplayContent.lambda$new$10$DisplayContent:1214 com.android.server.wm.DisplayContent$$ExternalSyntheticLambda26.accept:4 
01-06 18:24:51.950   985  1066 D WindowManager: performShow logReadyForDisplay  mToken.waitingToShow:true isTransitionSet:true
01-06 18:24:51.951   985  1066 D TaskOrganizerController: Task appeared taskId=1254
01-06 18:24:51.952   985  1420 D InputDispatcher: Focus left window (0): de5cbbd com.sec.android.app.launcher/com.sec.android.app.launcher.activities.LauncherActivity
01-06 18:24:51.953   985  1066 D WindowManager: Loading animation for app transition. transit=TRANSIT_OLD_WALLPAPER_CLOSE enter=false frame=Rect(0, 0 - 1080, 2064) insets=Rect(0, 0 - 0, 0) surfaceInsets=Rect(0, 0 - 0, 0)
01-06 18:24:51.953  2018  2018 I ViewRootImpl@12b2a74[LauncherActivity]: MSG_WINDOW_FOCUS_CHANGED 0 1
01-06 18:24:51.954  2018  2018 I BaseActivity: removeActivityFlags, flags : 8
01-06 18:24:51.954  1448  1448 D FullscreenTaskListener: Fullscreen Task Appeared: #1254, caller=com.android.wm.shell.ShellTaskOrganizer.onTaskAppeared:387 com.android.wm.shell.ShellTaskOrganizer.onTaskAppeared:376 android.window.TaskOrganizer$1.lambda$onTaskAppeared$4$TaskOrganizer$1:297 
01-06 18:24:51.954  8330  8330 I rentaloo.mobil: Late-enabling -Xcheck:jni
01-06 18:24:51.955   985  1066 I WindowManager: Reparenting to leash, surface=Surface(name=Task=1)/@0x7d06d6, leashParent=Surface(name=DefaultTaskDisplayArea)/@0xd05daf3
01-06 18:24:51.955   640  1376 I SurfaceFlinger: id=1936 createSurf (0x0),-1 flag=24000, Surface(name=Task=1)/@0x7d06d6 - animation-leash of app_transition#0
01-06 18:24:51.956   985  1066 D WindowManager: makeSurface duration=1 leash=Surface(name=Surface(name=Task=1)/@0x7d06d6 - animation-leash of app_transition)/@0xb6044c0
01-06 18:24:51.956   985  1066 D WindowManager: Loading animation for app transition. transit=TRANSIT_OLD_WALLPAPER_CLOSE enter=true frame=Rect(0, 0 - 1080, 2280) insets=Rect(0, 90 - 0, 126) surfaceInsets=Rect(0, 0 - 0, 0)
01-06 18:24:51.957   985  1066 I WindowManager: Reparenting to leash, surface=Surface(name=Task=1254)/@0xa29ebd8, leashParent=Surface(name=DefaultTaskDisplayArea)/@0xd05daf3
01-06 18:24:51.958   640  1376 I SurfaceFlinger: id=1937 createSurf (0x0),-1 flag=24004, Surface(name=Task=1254)/@0xa29ebd8 - animation-leash of app_transition#0
01-06 18:24:51.958   985  1066 D WindowManager: makeSurface duration=0 leash=Surface(name=Surface(name=Task=1254)/@0xa29ebd8 - animation-leash of app_transition)/@0xac56b31
01-06 18:24:51.959   985  2586 D FreecessController: com.google.android.packageinstaller(state: Initial -> Freezeable, Reason: uidIdle)
01-06 18:24:51.959   985  1066 I WindowManager: Cancelling animation restarting=true, leash=Surface(name=Surface(name=4046094 StatusBar)/@0xa18986c - animation-leash of insets_animation)/@0x9325f15
01-06 18:24:51.959   985  1066 I WindowManager: Reparenting to original parent: Surface(name=WindowToken{9cd9ce7 android.os.BinderProxy@d420c01})/@0xa71fe35, destroy=false, surface=Surface(name=4046094 StatusBar)/@0xa18986c
01-06 18:24:51.959   985  1066 I WindowManager: Reparenting to leash, surface=Surface(name=4046094 StatusBar)/@0xa18986c, leashParent=Surface(name=WindowToken{9cd9ce7 android.os.BinderProxy@d420c01})/@0xa71fe35
01-06 18:24:51.959   640  1376 I SurfaceFlinger: id=1938 createSurf (0x0),-1 flag=24000, Surface(name=4046094 StatusBar)/@0xa18986c - animation-leash of insets_animation#0
01-06 18:24:51.959   985  1066 D WindowManager: makeSurface duration=1 leash=Surface(name=Surface(name=4046094 StatusBar)/@0xa18986c - animation-leash of insets_animation)/@0x63ded84
01-06 18:24:51.960   985  1066 I WindowManager: Cancelling animation restarting=true, leash=Surface(name=Surface(name=3481852 NavigationBar0)/@0x7133c3b - animation-leash of insets_animation)/@0xc01b81b
01-06 18:24:51.960   985  1066 I WindowManager: Reparenting to original parent: Surface(name=WindowToken{57e84dd android.os.BinderProxy@100d987})/@0x2ccf58, destroy=false, surface=Surface(name=3481852 NavigationBar0)/@0x7133c3b
01-06 18:24:51.960   985  1066 I WindowManager: Reparenting to leash, surface=Surface(name=3481852 NavigationBar0)/@0x7133c3b, leashParent=Surface(name=WindowToken{57e84dd android.os.BinderProxy@100d987})/@0x2ccf58
01-06 18:24:51.960   640  1376 I SurfaceFlinger: id=1939 createSurf (0x0),-1 flag=24000, Surface(name=3481852 NavigationBar0)/@0x7133c3b - animation-leash of insets_animation#0
01-06 18:24:51.961   985  1066 D WindowManager: makeSurface duration=1 leash=Surface(name=Surface(name=3481852 NavigationBar0)/@0x7133c3b - animation-leash of insets_animation)/@0x9abe9a2
01-06 18:24:51.961  1448  1448 D NavigationBar: onSystemBarAttributesChanged() -  displayId:0, appearance:24 (APPEARANCE_LIGHT_STATUS_BARS APPEARANCE_LIGHT_NAVIGATION_BARS ), navbarColorManagedByIme:false
01-06 18:24:51.961  1448  1448 V Navbar.Store: handleEvent [EventType] GET_BOOL_REGION_SAMPLING_ENABLED [Module] LightBarController  KEYS_DEFAULT=false
01-06 18:24:51.961  1448  1448 V Navbar.Store: --[Band]COLOR_PACK_GET_REGION_SAMPLING_ENABLED
01-06 18:24:51.962  1448  1448 V Navbar.Store: ----getValue(BOOL_REGION_SAMPLING_ENABLED)=false
01-06 18:24:51.963  2018  3520 I TouchInteractionService: onSystemUiStateChanged, stateFlags : 131072
01-06 18:24:51.964  1448  1448 D SecLightBarControlHelper: updateStatus(BLACK icon) NumLightStacks:1, NumStacks:1, IndexLightStack:0, StatusBarMode:0, StatusBarState:SHD, NeedDarkFontFromWallpaper:true, isWhiteKeyguardStatusBarBySettings:true
01-06 18:24:51.967   640   640 I Layer   : id=1930 removeFromCurrentState Surface(name=4046094 StatusBar)/@0xa18986c - animation-leash of insets_animation#1 (107)
01-06 18:24:51.967   640   640 I Layer   : id=75 removeFromCurrentState 4046094 StatusBar#0 (107)
01-06 18:24:51.967   640   640 I Layer   : id=83 removeFromCurrentState StatusBar$_1448#0 (107)
01-06 18:24:51.967   640   640 I Layer   : id=75 addToCurrentState 4046094 StatusBar#0 (107)
01-06 18:24:51.967   640   640 I Layer   : id=83 addToCurrentState StatusBar$_1448#0 (107)
01-06 18:24:51.967   640   640 I Layer   : id=1931 removeFromCurrentState Surface(name=3481852 NavigationBar0)/@0x7133c3b - animation-leash of insets_animation#1 (107)
01-06 18:24:51.968  2018  2018 I BadgeRenderer: Invalid count : 0
01-06 18:24:51.968  2018  2018 I BadgeRenderer: Invalid count : 0
01-06 18:24:51.969  2018  2018 I BadgeRenderer: Invalid count : 0
01-06 18:24:51.969  2018  2018 I BadgeRenderer: Invalid count : 0
01-06 18:24:51.969  2018  2018 I BadgeRenderer: Invalid count : 0
01-06 18:24:51.969  2018  2018 I BadgeRenderer: Invalid count : 0
01-06 18:24:51.969  2018  2018 I BadgeRenderer: Invalid count : 0
01-06 18:24:51.971  2018  2018 I BadgeRenderer: Invalid count : 0
01-06 18:24:51.971   985  1420 V WindowManager: Relayout Window{cb2beef u0 NotificationShade}: viewVisibility=4 req=1080x2280 d0
01-06 18:24:51.972   985  1420 V WindowManager: Relayout hash=cb2beef, pid=1448: mAttrs={(0,0)(fillxfill) gr=TOP CENTER_VERTICAL sim={adjust=resize} layoutInDisplayCutoutMode=always ty=2040 fmt=TRANSLUCENT
01-06 18:24:51.972   985  1420 V WindowManager:   fl=81840048
01-06 18:24:51.972   985  1420 V WindowManager:   pfl=1b000000
01-06 18:24:51.972   985  1420 V WindowManager:   vsysui=2010
01-06 18:24:51.972   985  1420 V WindowManager:   apr=LIGHT_STATUS_BARS LIGHT_NAVIGATION_BARS
01-06 18:24:51.972   985  1420 V WindowManager:   bhv=SHOW_TRANSIENT_BARS_BY_SWIPE naviIconColor=0
01-06 18:24:51.972   985  1420 V WindowManager:   sfl=42000}
01-06 18:24:51.973  1448  1448 I ViewRootImpl@e56124b[NotificationShade]: Relayout returned: old=(0,0,1080,2280) new=(0,0,1080,2280) req=(1080,2280)4 dur=2 res=0x1 s={false 0} ch=false fn=-1
01-06 18:24:51.974   640  1376 I SurfaceFlinger: id=1931 Removed Surface(name=3481852 NavigationBar0)/@0x7133c3b - animation-leash of insets_animation#1 (107)
01-06 18:24:51.974  2018  2018 I TouchInteractionService: onSystemUiFlagsChanged, userUnlocked
01-06 18:24:51.974   640   800 I SurfaceFlinger: id=1930 Removed Surface(name=4046094 StatusBar)/@0xa18986c - animation-leash of insets_animation#1 (107)
01-06 18:24:51.974  1448  1448 D KeyguardBottomAreaShortcutView: updateCameraVisibility isCameraDisabled:false visible:true
01-06 18:24:51.974  1448  1448 D KeyguardBottomAreaShortcutView: mIndicationArea margin start : 163, end : 163, bottom : 150
01-06 18:24:51.974  1448  1448 D QS      : setQSExpansion 0.0 -115.49999
01-06 18:24:51.975  1448  1448 D QS      : setQSExpansion 0.0 -115.49999
01-06 18:24:51.975  1448  1448 D IndicatorGardenInputProperty: updateRotation() prv:-1 >> new:0
01-06 18:24:51.975  1448  1448 D DeviceState: getDeviceResolutionPixelSize - currentDensity = 420 deviceDensity = 420 initialDisplaySizeFactor = 1080 currentDisplaySizeFactor = 1080 initialDisplayDensity = 420 proportionalDensity = 420 proportionalPixel = 52
01-06 18:24:51.975  1448  1448 D DeviceState: getDeviceResolutionPixelSize - currentDensity = 420 deviceDensity = 420 initialDisplaySizeFactor = 1080 currentDisplaySizeFactor = 1080 initialDisplayDensity = 420 proportionalDensity = 420 proportionalPixel = 26
01-06 18:24:51.975  1448  1448 D DeviceState: getDeviceResolutionPixelSize - currentDensity = 420 deviceDensity = 420 initialDisplaySizeFactor = 1080 currentDisplaySizeFactor = 1080 initialDisplayDensity = 420 proportionalDensity = 420 proportionalPixel = 18
01-06 18:24:51.981 26265 26270 I adbd    : jdwp connection from 8330
01-06 18:24:51.982  8330  8330 E USNET   : USNET: appName: app.rentaloo.mobile
01-06 18:24:51.984   640   640 E SurfaceFlinger: Attempt to update InputPolicyFlags without permission ACCESS_SURFACE_FLINGER
01-06 18:24:51.984  8330  8330 D ProcessState: Binder ioctl to enable oneway spam detection failed: Invalid argument
01-06 18:24:51.984   640   640 I Layer   : id=1931 Destroyed Surface(name=3481852 NavigationBar0)/@0x7133c3b - animation-leash of insets_animation#1
01-06 18:24:51.984   640   640 I Layer   : id=1930 Destroyed Surface(name=4046094 StatusBar)/@0xa18986c - animation-leash of insets_animation#1
01-06 18:24:51.988  8330  8330 D ActivityThread: setConscryptValidator
01-06 18:24:51.988  8330  8330 D ActivityThread: setConscryptValidator - put
01-06 18:24:51.988   640   640 D SurfaceFlinger: Display 0 HWC layers:
01-06 18:24:51.988   640   640 D SurfaceFlinger:      CLIENT | 0x742cfad710 | 0100 | RGBx_8888    |  600.0    0.0 1680.0 2280.0 |    0    0 1080 2280 | Wallpaper BBQ wrapper#0
01-06 18:24:51.988   640   640 D SurfaceFlinger:      CLIENT |              | 0000 |  Unknown  |    0.0    0.0    0.0    0.0 |    0    0 1080 2280 | OneUiHome-BlurLayer#0 (backgroundBlurRadius)
01-06 18:24:51.988   640   640 D SurfaceFlinger:      DEVICE | 0x742cfbca10 | 0100 | RGBA_8888    |    0.0    0.0 1080.0 2280.0 |    0    0 1080 2280 | com.sec.android.app.launcher/com.sec[...].activities.LauncherActivity$_2018#0
01-06 18:24:51.988   640   640 D SurfaceFlinger:      DEVICE | 0x742cf96cd0 | 0100 | RGBA_8888    |    0.0    0.0 1080.0 2280.0 |   76  159 1004 2121 | Splash Screen app.rentaloo.mobile$_1448#0
01-06 18:24:51.988   640   640 D SurfaceFlinger:      DEVICE | 0x742cfa3870 | 0100 | RGBA_8888    |    0.0    0.0 1080.0   90.0 |    0    0 1080   90 | StatusBar$_1448#0
01-06 18:24:51.988   640   640 D SurfaceFlinger:      DEVICE | 0x742cf9f190 | 0100 | RGBA_8888    |    0.0    0.0   67.0  342.0 | 1013  305 1080  647 | com.samsung.android.app.cocktailbars[...]arservice.CocktailBarService$_9076#0
01-06 18:24:51.988   640   640 D SurfaceFlinger:      DEVICE | 0x742cfb8210 | 0100 | RGBA_8888    |    0.0    0.0 1080.0  126.0 |    0 2154 1080 2280 
01-06 18:24:51.988   640   640 D SurfaceFlinger: | NavigationBar0$_1448#0
01-06 18:24:51.988   640   640 D SurfaceFlinger: 
01-06 18:24:51.990   985  1420 I ActivityManager: DSS OFF for app.rentaloo.mobile
01-06 18:24:51.993   985  1420 I DexController: getTaskHasActivityIsWaitingToRun: r=ActivityRecord{a5503de u0 app.rentaloo.mobile/.MainActivity t1254}, app=ProcessRecord{fe85178 8330:app.rentaloo.mobile/u0a381}
01-06 18:24:51.993   985  1420 D ActivityManager: attachApplicationLocked() app=ProcessRecord{fe85178 8330:app.rentaloo.mobile/u0a381} app.isolatedEntryPoint=null instr2=null
01-06 18:24:51.994   985  1420 V WindowManager: rotationForOrientation(orient=SCREEN_ORIENTATION_UNSPECIFIED (-1), last=ROTATION_0 (0)); user=ROTATION_0 (0) USER_ROTATION_LOCKED
01-06 18:24:51.994   985  1420 D WindowManager: rotationForOrientation, orientationSource=ActivityRecord{a5503de u0 app.rentaloo.mobile/.MainActivity t1254}
01-06 18:24:51.994   985  1420 V WindowManager: Computed rotation=ROTATION_0 (0) for display id=0 based on lastOrientation=SCREEN_ORIENTATION_UNSPECIFIED (-1) and oldRotation=ROTATION_0 (0), caller=com.android.server.wm.DisplayRotation.updateOrientation:407 com.android.server.wm.DisplayContent.updateOrientation:1932 com.android.server.wm.DisplayContent.updateOrientation:1870 com.android.server.wm.RootWindowContainer.ensureVisibilityAndConfig:2207 com.android.server.wm.ActivityTaskSupervisor.realStartActivityLocked:939 com.android.server.wm.RootWindowContainer.startActivityForAttachedApplicationIfNeeded:2356 
01-06 18:24:51.994   985  1420 D TspStateManager: updateCustomValue customSetting=
01-06 18:24:51.995   985  1420 D TspStateManager: updateCustomValue customSetting=
01-06 18:24:51.995   985  1420 D SGM:PkgDataHelper: notifyAppCreate(), pkgName: app.rentaloo.mobile, userId: 0, sendRet: true
01-06 18:24:51.995   985  1255 D SGM:GameManager: onLooperPrepared(), msg: MSG_APP_CREATE, pkgName: app.rentaloo.mobile, userId: 0
01-06 18:24:51.995   985  1420 D InputDispatcher: Focused application set to (0): a5503de
01-06 18:24:51.995   985  1420 D SGM:GameManager: TaskStackListener.onTaskFocusChanged(), taskId=1177, focused=false
01-06 18:24:51.995   985  1420 D SGM:GameManager: TaskStackListener.onTaskFocusChanged(), taskId=1254, focused=true
01-06 18:24:51.996   985  1420 D SGM:GameManager:   sendRunningComponentFocus(), pkgName: app.rentaloo.mobile, userId: 0
01-06 18:24:51.996   985  1255 D SGM:GameManager: onLooperPrepared(), msg: MSG_TASK_FOCUSED, pkgName: app.rentaloo.mobile, userId: 0
01-06 18:24:51.996   985  1255 D SGM:GameManager: handleTaskFocused().
01-06 18:24:51.996   985  1255 D SGM:GameManager:   handleTaskFocused(), pkgName: app.rentaloo.mobile, userID:0
01-06 18:24:51.996   985  1255 D SGM:GameManager: handleResume().
01-06 18:24:51.996   985  1255 D SGM:GameManager: sendFocusOutConditionally() - mPrevNotiPkg: (unknown), userId: 0
01-06 18:24:51.996   985  1255 D SGM:GameManager:   handleResume(). pkgName: app.rentaloo.mobile, userId: 0, isTunableApp: null
01-06 18:24:51.996   985  1255 D SGM:GameManager: notifyFocusInOut(). of pkg: app.rentaloo.mobile, type: 4, isMinimized: false, isTunableApp: false, userId: 0
01-06 18:24:51.996   985  1255 D SGM:GameManager:   notifyFocusInOut(). unexpected mPrevNotiType: -1
01-06 18:24:51.996   985  1255 D SGM:NetworkLimit: callRelease
01-06 18:24:51.996   985  1255 D SGM:SystemHelper: callReleaseBlock needReleaseBlock:false
01-06 18:24:51.996   985  2582 W NetlinkSocket: maximum read
01-06 18:24:51.996   985  1254 V ActivityManager: Changed top to ProcessRecord{fe85178 8330:app.rentaloo.mobile/u0a381}
01-06 18:24:51.997   985  2582 W NetlinkSocket: maximum read
01-06 18:24:51.997   985  1065 I ActivityManager: Changes in 10381 19 to 2, 0 to 15
01-06 18:24:51.998   985  1065 I AppOps  : updateUidProcState uid: 10381 procState: 2 capability:15
01-06 18:24:51.998   985  1065 I AppOps  : commitUidPendingStateLocked() :: UID - 10381, 700 > 200, 0 > 15
01-06 18:24:51.998   985  1063 D NetworkPolicy: onUidStateChanged() uid: 10381, isForeground(true, 2)
01-06 18:24:51.998   985  2582 W NetlinkSocket: maximum read
01-06 18:24:51.998   985  2582 W NetlinkSocket: maximum read
01-06 18:24:52.002  8330  8330 D ActivityThread: handleBindApplication()++ app=app.rentaloo.mobile
01-06 18:24:52.003  1441  1441 D HidDeviceService: handleMessage(): msg.what=8
01-06 18:24:52.005   985  1065 I GameSDK@LifeCycle: noteResumeComponent(): package name  : app.rentaloo.mobile
01-06 18:24:52.005   985  1063 D SSRM:LoadDetectMonitor: PID = 8330, UID = 10381
01-06 18:24:52.005   985   985 I CocktailBarManagerServiceContainer: handleMessage: entry what = 5
01-06 18:24:52.006  9076  9076 I Utils   : HomePackage : com.sec.android.app.launcher, resumePackageName : app.rentaloo.mobile
01-06 18:24:52.007   985  1065 D SGM:GameManager: identifyGamePackage. app.rentaloo.mobile, mCurrentUserId: 0, callerUserId: 0, callingMethodInfo: com.android.server.ssrm.fgapps.GameAppUtils.isGame(GameAppUtils.java:84)
01-06 18:24:52.007   985  1065 D SGM:PkgDataHelper: getGamePkgData(). app.rentaloo.mobile
01-06 18:24:52.007  4317  4345 I [AirCmd]_CallbackRepeater: stopRepeat : isWorking=false
01-06 18:24:52.007  4317  4345 I [AirCmd]_MediaControlStateMonitor: isForegroundAppSupportsMediaButton : mediaSession is empty
01-06 18:24:52.007  8330  8330 D CompatibilityChangeReporter: Compat change id reported: 171979766; UID 10381; state: ENABLED
01-06 18:24:52.007  4317  4345 I [AirCmd]_MediaControlStateMonitor: active Notification List is null
01-06 18:24:52.007  4317  4345 I [AirCmd]_RemoteSpenMainController: hasGeneralAction : packageName is app.rentaloo.mobile, activityName is app.rentaloo.mobile.MainActivity, hasActions is false
01-06 18:24:52.007  4317  4345 I [AirCmd]_CameraAvailabilityMonitor: isCameraPreviewOn : mIsCameraPreviewOn is false
01-06 18:24:52.008   985  1065 D SGM:GameManager: identifyGamePackage. app.rentaloo.mobile, mCurrentUserId: 0, callerUserId: 0, callingMethodInfo: com.android.server.ssrm.SortingMachine.isGame(SortingMachine.java:162)
01-06 18:24:52.008   985  1065 D SGM:PkgDataHelper: getGamePkgData(). app.rentaloo.mobile
01-06 18:24:52.009  4317  4345 I [AirCmd]_CameraAvailabilityMonitor: isCameraPreviewOn : mIsCameraPreviewOn is false
01-06 18:24:52.009   985  1065 D SGM:GameManager: identifyGamePackage. app.rentaloo.mobile, mCurrentUserId: 0, callerUserId: 0, callingMethodInfo: com.samsung.android.game.SemGameManager.isGamePackage(SemGameManager.java:104)
01-06 18:24:52.009   985  1065 D SGM:PkgDataHelper: getGamePkgData(). app.rentaloo.mobile
01-06 18:24:52.009   985  1065 D SGM:SemGameManager: isGamePackage(), pkgName=app.rentaloo.mobile, ret=false
01-06 18:24:52.009   985  1065 D SGM:GameManager: noteResumeComponent(), received pkgName: app.rentaloo.mobile, userId: 0
01-06 18:24:52.009   985  1255 D SGM:GameManager: onLooperPrepared(), msg: MSG_APP_RESUME, pkgName: app.rentaloo.mobile, userid: 0
01-06 18:24:52.010   985  2582 W NetlinkSocket: maximum read
01-06 18:24:52.010   985  1255 D SGM:GameManager: handleResume().
01-06 18:24:52.010   985  1255 D SGM:GameManager: sendFocusOutConditionally() - mPrevNotiPkg: (unknown), userId: 0
01-06 18:24:52.010   985  1255 D SGM:GameManager:   handleResume(). pkgName: app.rentaloo.mobile, userId: 0, isTunableApp: null
01-06 18:24:52.010   985  1255 D SGM:GameManager: notifyFocusInOut(). of pkg: app.rentaloo.mobile, type: 4, isMinimized: false, isTunableApp: false, userId: 0
01-06 18:24:52.010   985  1255 D SGM:GameManager:   notifyFocusInOut(). unexpected mPrevNotiType: -1
01-06 18:24:52.010   985  1255 D SGM:NetworkLimit: callRelease
01-06 18:24:52.010   985  1255 D SGM:SystemHelper: callReleaseBlock needReleaseBlock:false
01-06 18:24:52.010  4317  4345 I [AirCmd]_MediaControlStateMonitor: isForegroundAppSupportsMediaButton : mediaSession is empty
01-06 18:24:52.011  4317  4345 I [AirCmd]_MediaControlStateMonitor: active Notification List is null
01-06 18:24:52.011  4317  4345 I [AirCmd]_PenActionRule: getAction : get default action data from remote action because pen action data is null.
01-06 18:24:52.011  4317  4345 I [AirCmd]_ButtonActionDetector: enableDoubleClickDetection: enabled=true, doubleClickWaitInterval=300
01-06 18:24:52.011  4317  4345 I [AirCmd]_RemoteSpenMainController: onSwitch : package is app.rentaloo.mobile   and activity is app.rentaloo.mobile.MainActivity and isBleConnected is false and hasActions is false
01-06 18:24:52.011  4317  4317 I AC:FloatingIconController: onBleFloatingIconStateChanged isEnabled : false, delay : 250
01-06 18:24:52.029   985  2582 W NetlinkSocket: maximum read
01-06 18:24:52.029  2018  3520 I RecentModel: onTaskStackChangedBackground
01-06 18:24:52.030  2018  3520 I RecentTasksList: getTaskKeys, numTasks :3 callback : com.android.quickstep.-$$Lambda$RecentsModel$k1Mm-BV64Bc89eJHYugywZmW_Js@14ee431
01-06 18:24:52.030   985  1218 D ActivityTaskManager: getRecentPairTasks() maxNum :3 from 10144
01-06 18:24:52.030   985  1218 D RecentTaskItemController: getRecentPairTasksImpl() maxNum :3 from 10144
01-06 18:24:52.030  2018  2164 I RecentTasksList: loadTasksInBackground() task id : 1254
01-06 18:24:52.135   985  1521 D MdnieScenarioControlService:  packageName : app.rentaloo.mobile    className : app.rentaloo.mobile.MainActivity
01-06 18:24:52.135   985  1521 V MdnieScenarioControlService: setUIMode from UI function(3)
01-06 18:24:52.201   640   640 I SurfaceFlinger: SFWD update time=6403731721304
01-06 18:24:52.236   985  1521 V MdnieScenarioControlService: mAclOffEnabled : false mAclPreviewState : false mAclCompensationState : false
01-06 18:24:52.301   985  1066 I WindowManager: Reparenting to original parent: Surface(name=DefaultTaskDisplayArea)/@0xd05daf3, destroy=true, surface=Surface(name=Task=1)/@0x7d06d6
01-06 18:24:52.302   985  1066 V WindowManager: Setting visibility of Window{73aa32f u0 com.samsung.android.app.spage}: false, caller=com.android.server.wm.WindowContainer.sendAppVisibilityToClients:1104 com.android.server.wm.WindowState.sendAppVisibilityToClients:4111 com.android.server.wm.WindowContainer.sendAppVisibilityToClients:1104 com.android.server.wm.WindowToken.setClientVisible:448 com.android.server.wm.ActivityRecord.setClientVisible:6991 
01-06 18:24:52.302   985  2582 W NetlinkSocket: maximum read
01-06 18:24:52.302   985  1066 V WindowManager: Setting visibility of Window{de5cbbd u0 com.sec.android.app.launcher/com.sec.android.app.launcher.activities.LauncherActivity}: false, caller=com.android.server.wm.WindowContainer.sendAppVisibilityToClients:1104 com.android.server.wm.WindowToken.setClientVisible:448 com.android.server.wm.ActivityRecord.setClientVisible:6991 com.android.server.wm.ActivityRecord.onAnimationFinished:7878 com.android.server.wm.WindowContainer.doAnimationFinished:3101 
01-06 18:24:52.302   985  1066 V WindowManager: Setting visibility of Window{8dac434 u0 com.android.systemui.ImageWallpaper}: false, caller=com.android.server.wm.WindowContainer.sendAppVisibilityToClients:1104 com.android.server.wm.WindowToken.setClientVisible:448 com.android.server.wm.WallpaperWindowToken.setVisible:162 com.android.server.wm.WallpaperWindowToken.updateWallpaperWindows:157 com.android.server.wm.WallpaperController.updateWallpaperTokens:672 
01-06 18:24:52.302  1448  1469 D WallpaperService: dispatchAppVisibility onVisibilityChanged(): false
01-06 18:24:52.302  2018  2018 I ViewRootImpl@12b2a74[LauncherActivity]: handleAppVisibility mAppVisible=true visible=false
01-06 18:24:52.303  1448  1448 D WallpaperService: reportVisibility onVisibilityChanged visible: false
01-06 18:24:52.303  1448  1671 I ImageWallpaper:  onVisibilityChanged false , 0
01-06 18:24:52.304   985  1066 I WindowManager: Reparenting to original parent: Surface(name=DefaultTaskDisplayArea)/@0xd05daf3, destroy=true, surface=Surface(name=Task=1254)/@0xa29ebd8
01-06 18:24:52.307  9076  9076 I Utils   : isCurrentUser current = 0, ownerId = 0
01-06 18:24:52.308  9076  9076 I TrayVisibilityController: getComputedTrayVisible : keyguardState = 1
01-06 18:24:52.308  9076  9076 I TrayVisibilityController: updateTrayVisible: State=1 visible=1 mCurrentVisible=1 specificMode=0
01-06 18:24:52.308  9076  9076 I TrayStateController: onNotifyUpdateTray: state=0
01-06 18:24:52.318   640   640 I Layer   : id=1936 removeFromCurrentState Surface(name=Task=1)/@0x7d06d6 - animation-leash of app_transition#0 (105)
01-06 18:24:52.318   640   640 I Layer   : id=1937 removeFromCurrentState Surface(name=Task=1254)/@0xa29ebd8 - animation-leash of app_transition#0 (105)
01-06 18:24:52.318   640   640 I SurfaceFlinger: id=1937 Removed Surface(name=Task=1254)/@0xa29ebd8 - animation-leash of app_transition#0 (105)
01-06 18:24:52.318   640   640 I SurfaceFlinger: id=1936 Removed Surface(name=Task=1)/@0x7d06d6 - animation-leash of app_transition#0 (105)
01-06 18:24:52.318   640   640 I Layer   : id=1936 Destroyed Surface(name=Task=1)/@0x7d06d6 - animation-leash of app_transition#0
01-06 18:24:52.318   640   640 I Layer   : id=1937 Destroyed Surface(name=Task=1254)/@0xa29ebd8 - animation-leash of app_transition#0
01-06 18:24:52.322   640   640 D SurfaceFlinger: Display 0 HWC layers:
01-06 18:24:52.322   640   640 D SurfaceFlinger:      DEVICE | 0x742cf96cd0 | 0100 | RGBA_8888    |    0.0    0.0 1080.0 2280.0 |    0    0 1080 2280 | Splash Screen app.rentaloo.mobile$_1448#0
01-06 18:24:52.322   640   640 D SurfaceFlinger:      DEVICE | 0x742cfaf330 | 0100 | RGBA_8888    |    0.0    0.0 1080.0   90.0 |    0    0 1080   90 | StatusBar$_1448#0
01-06 18:24:52.322   640   640 D SurfaceFlinger:      DEVICE | 0x742cf9f190 | 0100 | RGBA_8888    |    0.0    0.0   67.0  342.0 | 1013  305 1080  647 | com.samsung.android.app.cocktailbars[...]arservice.CocktailBarService$_9076#0
01-06 18:24:52.322   640   640 D SurfaceFlinger:      DEVICE | 0x742cfbaa90 | 0100 | RGBA_8888    |    0.0    0.0 1080.0  126.0 |    0 2154 1080 2280 | NavigationBar0$_1448#0
01-06 18:24:52.322   640   640 D SurfaceFlinger: 
01-06 18:24:52.322   985  1218 V WindowManager: Relayout Window{de5cbbd u0 com.sec.android.app.launcher/com.sec.android.app.launcher.activities.LauncherActivity}: viewVisibility=8 req=1080x2280 d0
01-06 18:24:52.324   985  1218 V WindowManager: Relayout hash=de5cbbd, pid=2018: mAttrs={(0,0)(fillxfill) sim={adjust=nothing} layoutInDisplayCutoutMode=shortEdges ty=BASE_APPLICATION fmt=TRANSPARENT wanim=0x10302f2
01-06 18:24:52.324   985  1218 V WindowManager:   fl=81910100
01-06 18:24:52.324   985  1218 V WindowManager:   pfl=1e020040
01-06 18:24:52.324   985  1218 V WindowManager:   vsysui=1700
01-06 18:24:52.324   985  1218 V WindowManager:   bhv=SHOW_TRANSIENT_BARS_BY_SWIPE
01-06 18:24:52.324   985  1218 V WindowManager:   fitSides= naviIconColor=0}
01-06 18:24:52.325  2018  2018 I ViewRootImpl@12b2a74[LauncherActivity]: Relayout returned: old=(0,0,1080,2280) new=(0,0,1080,2280) req=(1080,2280)8 dur=2 res=0x5 s={false 0} ch=true fn=5
01-06 18:24:52.328   985  2582 W NetlinkSocket: maximum read
01-06 18:24:52.339  8330  8330 V GraphicsEnvironment: ANGLE Developer option for 'app.rentaloo.mobile' set to: 'default'
01-06 18:24:52.339  8330  8330 V GraphicsEnvironment: App is not on the allowlist for updatable production driver.
01-06 18:24:52.341  8330  8330 D LoadedApk: LoadedApk::makeApplication() appContext.mOpPackageName=app.rentaloo.mobile appContext.mBasePackageName=app.rentaloo.mobile
01-06 18:24:52.341  8330  8330 D NetworkSecurityConfig: No Network Security Config specified, using platform default
01-06 18:24:52.353  8330  8330 D NetworkSecurityConfig: No Network Security Config specified, using platform default
01-06 18:24:52.359  8330  8330 W FirebaseApp: Default FirebaseApp failed to initialize because no default options were found. This usually means that com.google.gms:google-services was not applied to your gradle project.
01-06 18:24:52.359  8330  8330 I FirebaseInitProvider: FirebaseApp initialization unsuccessful
01-06 18:24:52.372  8330  8330 D AndroidRuntime: Shutting down VM
--------- beginning of crash
01-06 18:24:52.373  8330  8330 E AndroidRuntime: FATAL EXCEPTION: main
01-06 18:24:52.373  8330  8330 E AndroidRuntime: Process: app.rentaloo.mobile, PID: 8330
01-06 18:24:52.373  8330  8330 E AndroidRuntime: java.lang.RuntimeException: Unable to get provider androidx.startup.InitializationProvider: androidx.startup.StartupException: java.lang.NoClassDefFoundError: Failed resolution of: Landroidx/lifecycle/ReportFragment$ActivityInitializationListener;
01-06 18:24:52.373  8330  8330 E AndroidRuntime: 	at android.app.ActivityThread.installProvider(ActivityThread.java:8225)
01-06 18:24:52.373  8330  8330 E AndroidRuntime: 	at android.app.ActivityThread.installContentProviders(ActivityThread.java:7728)
01-06 18:24:52.373  8330  8330 E AndroidRuntime: 	at android.app.ActivityThread.handleBindApplication(ActivityThread.java:7482)
01-06 18:24:52.373  8330  8330 E AndroidRuntime: 	at android.app.ActivityThread.access$1700(ActivityThread.java:310)
01-06 18:24:52.373  8330  8330 E AndroidRuntime: 	at android.app.ActivityThread$H.handleMessage(ActivityThread.java:2281)
01-06 18:24:52.373  8330  8330 E AndroidRuntime: 	at android.os.Handler.dispatchMessage(Handler.java:106)
01-06 18:24:52.373  8330  8330 E AndroidRuntime: 	at android.os.Looper.loopOnce(Looper.java:226)
01-06 18:24:52.373  8330  8330 E AndroidRuntime: 	at android.os.Looper.loop(Looper.java:313)
01-06 18:24:52.373  8330  8330 E AndroidRuntime: 	at android.app.ActivityThread.main(ActivityThread.java:8663)
01-06 18:24:52.373  8330  8330 E AndroidRuntime: 	at java.lang.reflect.Method.invoke(Native Method)
01-06 18:24:52.373  8330  8330 E AndroidRuntime: 	at com.android.internal.os.RuntimeInit$MethodAndArgsCaller.run(RuntimeInit.java:567)
01-06 18:24:52.373  8330  8330 E AndroidRuntime: 	at com.android.internal.os.ZygoteInit.main(ZygoteInit.java:1135)
01-06 18:24:52.373  8330  8330 E AndroidRuntime: Caused by: androidx.startup.StartupException: java.lang.NoClassDefFoundError: Failed resolution of: Landroidx/lifecycle/ReportFragment$ActivityInitializationListener;
01-06 18:24:52.373  8330  8330 E AndroidRuntime: 	at androidx.startup.AppInitializer.doInitialize(AppInitializer.java:187)
01-06 18:24:52.373  8330  8330 E AndroidRuntime: 	at androidx.startup.AppInitializer.discoverAndInitialize(AppInitializer.java:238)
01-06 18:24:52.373  8330  8330 E AndroidRuntime: 	at androidx.startup.AppInitializer.discoverAndInitialize(AppInitializer.java:206)
01-06 18:24:52.373  8330  8330 E AndroidRuntime: 	at androidx.startup.InitializationProvider.onCreate(InitializationProvider.java:45)
01-06 18:24:52.373  8330  8330 E AndroidRuntime: 	at android.content.ContentProvider.attachInfo(ContentProvider.java:2516)
01-06 18:24:52.373  8330  8330 E AndroidRuntime: 	at android.content.ContentProvider.attachInfo(ContentProvider.java:2486)
01-06 18:24:52.373  8330  8330 E AndroidRuntime: 	at android.app.ActivityThread.installProvider(ActivityThread.java:8220)
01-06 18:24:52.373  8330  8330 E AndroidRuntime: 	... 11 more
01-06 18:24:52.373  8330  8330 E AndroidRuntime: Caused by: java.lang.NoClassDefFoundError: Failed resolution of: Landroidx/lifecycle/ReportFragment$ActivityInitializationListener;
01-06 18:24:52.373  8330  8330 E AndroidRuntime: 	at androidx.lifecycle.ProcessLifecycleInitializer.create(ProcessLifecycleInitializer.kt:37)
01-06 18:24:52.373  8330  8330 E AndroidRuntime: 	at androidx.lifecycle.ProcessLifecycleInitializer.create(ProcessLifecycleInitializer.kt:25)
01-06 18:24:52.373  8330  8330 E AndroidRuntime: 	at androidx.startup.AppInitializer.doInitialize(AppInitializer.java:180)
01-06 18:24:52.373  8330  8330 E AndroidRuntime: 	... 17 more
01-06 18:24:52.373  8330  8330 E AndroidRuntime: Caused by: java.lang.ClassNotFoundException: Didn't find class "androidx.lifecycle.ReportFragment$ActivityInitializationListener" on path: DexPathList[[zip file "/data/app/~~tTJlY0TCGze7ESzd8tBsaQ==/app.rentaloo.mobile-xQDAaTRAtwyewpwCDwcd9A==/base.apk"],nativeLibraryDirectories=[/data/app/~~tTJlY0TCGze7ESzd8tBsaQ==/app.rentaloo.mobile-xQDAaTRAtwyewpwCDwcd9A==/lib/arm64, /system/lib64, /system/system_ext/lib64]]
01-06 18:24:52.373  8330  8330 E AndroidRuntime: 	at dalvik.system.BaseDexClassLoader.findClass(BaseDexClassLoader.java:218)
01-06 18:24:52.373  8330  8330 E AndroidRuntime: 	at java.lang.ClassLoader.loadClass(ClassLoader.java:379)
01-06 18:24:52.373  8330  8330 E AndroidRuntime: 	at java.lang.ClassLoader.loadClass(ClassLoader.java:312)
01-06 18:24:52.373  8330  8330 E AndroidRuntime: 	... 20 more
01-06 18:24:52.376   985  1218 D Debug   : low && ship && 3rdparty app crash, do not dump
01-06 18:24:52.376   985  1218 W ActivityManager: crash : app.rentaloo.mobile,10381
01-06 18:24:52.376   985  8351 I DropBoxManagerService: add tag=data_app_crash isTagEnabled=true flags=0x2
01-06 18:24:52.377   985  1218 W ContextImpl: Calling a method in the system process without a qualified user: android.app.ContextImpl.sendBroadcast:1242 com.android.server.am.AppErrors.crashApplicationInner:724 com.android.server.am.AppErrors.crashApplication:584 com.android.server.am.ActivityManagerService.handleApplicationCrashInner:9736 com.android.server.am.ActivityManagerService.handleApplicationCrash:9615 
01-06 18:24:52.377   985  1218 W ActivityTaskManager:   Force finishing activity app.rentaloo.mobile/.MainActivity
01-06 18:24:52.377   985  1218 W WindowManager: Prepare app transition: mNextAppTransitionRequests=[TRANSIT_CLOSE], mNextAppTransitionFlags=TRANSIT_FLAG_APP_CRASHED, displayId: 0 Callers=com.android.server.wm.DisplayContent.prepareAppTransition:6358 com.android.server.wm.Task.finishTopCrashedActivityLocked:8924 com.android.server.wm.RootWindowContainer.lambda$finishTopCrashedActivities$20:2776 com.android.server.wm.RootWindowContainer$$ExternalSyntheticLambda30.accept:10 com.android.server.wm.Task.forAllTasks:5185 
01-06 18:24:52.377   985  1218 W WindowManager: Prepare app transition: mNextAppTransitionRequests=[TRANSIT_CLOSE, TRANSIT_CLOSE], mNextAppTransitionFlags=TRANSIT_FLAG_APP_CRASHED, displayId: 0 Callers=com.android.server.wm.DisplayContent.prepareAppTransition:6358 com.android.server.wm.DisplayContent.requestTransitionAndLegacyPrepare:6373 com.android.server.wm.Task.finishTopCrashedActivityLocked:8925 com.android.server.wm.RootWindowContainer.lambda$finishTopCrashedActivities$20:2776 com.android.server.wm.RootWindowContainer$$ExternalSyntheticLambda30.accept:10 
01-06 18:24:52.378   985  1218 D InputDispatcher: Focused application set to (0): d22caee
01-06 18:24:52.378   985  1218 D SGM:GameManager: TaskStackListener.onTaskFocusChanged(), taskId=1254, focused=false
01-06 18:24:52.378   985  1218 D SGM:GameManager: TaskStackListener.onTaskFocusChanged(), taskId=1177, focused=true
01-06 18:24:52.378   985  1218 D SGM:GameManager:   sendRunningComponentFocus(), pkgName: com.sec.android.app.launcher, userId: 0
01-06 18:24:52.378   985  1255 D SGM:GameManager: onLooperPrepared(), msg: MSG_TASK_FOCUSED, pkgName: com.sec.android.app.launcher, userId: 0
01-06 18:24:52.378   985  1255 D SGM:GameManager: handleTaskFocused().
01-06 18:24:52.378   985  1255 D SGM:GameManager: sendFocusOutConditionally() - mPrevNotiPkg: (unknown), userId: 0
01-06 18:24:52.378   985  1255 D SGM:GameManager:   handleTaskFocused(), pkgName: com.sec.android.app.launcher, userID:0 mResumedPkgMap does not containsKey.
01-06 18:24:52.378   985  1218 W WindowManager: Prepare app transition: mNextAppTransitionRequests=[TRANSIT_CLOSE, TRANSIT_CLOSE, TRANSIT_CLOSE], mNextAppTransitionFlags=TRANSIT_FLAG_APP_CRASHED, displayId: 0 Callers=com.android.server.wm.DisplayContent.prepareAppTransition:6358 com.android.server.wm.DisplayContent.prepareAppTransition:6353 com.android.server.wm.ActivityRecord.finishIfPossible:3625 com.android.server.wm.ActivityRecord.finishIfPossible:3431 com.android.server.wm.Task.finishTopCrashedActivityLocked:8926 
01-06 18:24:52.385   640   640 I Layer   : id=1940 Destroyed Screenshot Parent
01-06 18:24:52.390   985  1107 W BroadcastQueue: Background execution not allowed: receiving Intent { act=android.intent.action.DROPBOX_ENTRY_ADDED flg=0x10 (has extras) } to com.google.android.gms/.stats.service.DropBoxEntryAddedReceiver
01-06 18:24:52.390   985  1063 D IAFDDiagnosis: parseExpType start
